Component: ARM Compiler 5.06 update 2 (build 183) Tool: armlink [4d35b7]

==============================================================================

Section Cross References

    startup_stm32f407xx.o(STACK) refers (Special) to heapauxi.o(.text) for __use_two_region_memory
    startup_stm32f407xx.o(HEAP) refers (Special) to heapauxi.o(.text) for __use_two_region_memory
    startup_stm32f407xx.o(RESET) refers (Special) to heapauxi.o(.text) for __use_two_region_memory
    startup_stm32f407xx.o(RESET) refers to startup_stm32f407xx.o(STACK) for __initial_sp
    startup_stm32f407xx.o(RESET) refers to startup_stm32f407xx.o(.text) for Reset_Handler
    startup_stm32f407xx.o(RESET) refers to stm32f4xx_it.o(i.NMI_Handler) for NMI_Handler
    startup_stm32f407xx.o(RESET) refers to stm32f4xx_it.o(i.HardFault_Handler) for HardFault_Handler
    startup_stm32f407xx.o(RESET) refers to stm32f4xx_it.o(i.MemManage_Handler) for MemManage_Handler
    startup_stm32f407xx.o(RESET) refers to stm32f4xx_it.o(i.BusFault_Handler) for BusFault_Handler
    startup_stm32f407xx.o(RESET) refers to stm32f4xx_it.o(i.UsageFault_Handler) for UsageFault_Handler
    startup_stm32f407xx.o(RESET) refers to port.o(.emb_text) for SVC_Handler
    startup_stm32f407xx.o(RESET) refers to stm32f4xx_it.o(i.DebugMon_Handler) for DebugMon_Handler
    startup_stm32f407xx.o(RESET) refers to port.o(i.SysTick_Handler) for SysTick_Handler
    startup_stm32f407xx.o(RESET) refers to stm32f4xx_it.o(i.DMA1_Stream0_IRQHandler) for DMA1_Stream0_IRQHandler
    startup_stm32f407xx.o(RESET) refers to stm32f4xx_it.o(i.DMA1_Stream1_IRQHandler) for DMA1_Stream1_IRQHandler
    startup_stm32f407xx.o(RESET) refers to stm32f4xx_it.o(i.DMA1_Stream3_IRQHandler) for DMA1_Stream3_IRQHandler
    startup_stm32f407xx.o(RESET) refers to stm32f4xx_it.o(i.DMA1_Stream5_IRQHandler) for DMA1_Stream5_IRQHandler
    startup_stm32f407xx.o(RESET) refers to stm32f4xx_it.o(i.CAN1_RX0_IRQHandler) for CAN1_RX0_IRQHandler
    startup_stm32f407xx.o(RESET) refers to stm32f4xx_it.o(i.TIM2_IRQHandler) for TIM2_IRQHandler
    startup_stm32f407xx.o(RESET) refers to stm32f4xx_it.o(i.USART2_IRQHandler) for USART2_IRQHandler
    startup_stm32f407xx.o(RESET) refers to stm32f4xx_it.o(i.USART3_IRQHandler) for USART3_IRQHandler
    startup_stm32f407xx.o(RESET) refers to stm32f4xx_it.o(i.DMA1_Stream7_IRQHandler) for DMA1_Stream7_IRQHandler
    startup_stm32f407xx.o(RESET) refers to stm32f4xx_it.o(i.CAN2_RX0_IRQHandler) for CAN2_RX0_IRQHandler
    startup_stm32f407xx.o(.text) refers (Special) to heapauxi.o(.text) for __use_two_region_memory
    startup_stm32f407xx.o(.text) refers to system_stm32f4xx.o(i.SystemInit) for SystemInit
    startup_stm32f407xx.o(.text) refers to __main.o(!!!main) for __main
    startup_stm32f407xx.o(.text) refers to startup_stm32f407xx.o(HEAP) for Heap_Mem
    startup_stm32f407xx.o(.text) refers to startup_stm32f407xx.o(STACK) for Stack_Mem
    main.o(i.HAL_TIM_PeriodElapsedCallback) refers to haltick_drv.o(i.HAL_IncTick) for HAL_IncTick
    main.o(i.SystemClock_Config) refers to rt_memclr_w.o(.text) for __aeabi_memclr4
    main.o(i.SystemClock_Config) refers to stm32f4xx_hal_rcc.o(i.HAL_RCC_OscConfig) for HAL_RCC_OscConfig
    main.o(i.SystemClock_Config) refers to stm32f4xx_hal_rcc.o(i.HAL_RCC_ClockConfig) for HAL_RCC_ClockConfig
    main.o(i.main) refers to stm32f4xx_hal.o(i.HAL_Init) for HAL_Init
    main.o(i.main) refers to main.o(i.SystemClock_Config) for SystemClock_Config
    main.o(i.main) refers to gpio.o(i.MX_GPIO_Init) for MX_GPIO_Init
    main.o(i.main) refers to dma.o(i.MX_DMA_Init) for MX_DMA_Init
    main.o(i.main) refers to can.o(i.MX_CAN1_Init) for MX_CAN1_Init
    main.o(i.main) refers to usart.o(i.MX_USART2_UART_Init) for MX_USART2_UART_Init
    main.o(i.main) refers to can.o(i.MX_CAN2_Init) for MX_CAN2_Init
    main.o(i.main) refers to tim.o(i.MX_TIM1_Init) for MX_TIM1_Init
    main.o(i.main) refers to usart.o(i.MX_USART3_UART_Init) for MX_USART3_UART_Init
    main.o(i.main) refers to usart.o(i.MX_UART5_Init) for MX_UART5_Init
    main.o(i.main) refers to rp_init.o(i.DEVICE_Init) for DEVICE_Init
    main.o(i.main) refers to rp_init.o(i.DRIVER_Init) for DRIVER_Init
    main.o(i.main) refers to freertos.o(i.MX_FREERTOS_Init) for MX_FREERTOS_Init
    main.o(i.main) refers to cmsis_os.o(i.osKernelStart) for osKernelStart
    gpio.o(i.MX_GPIO_Init) refers to rt_memclr_w.o(.text) for __aeabi_memclr4
    gpio.o(i.MX_GPIO_Init) refers to stm32f4xx_hal_gpio.o(i.HAL_GPIO_WritePin) for HAL_GPIO_WritePin
    gpio.o(i.MX_GPIO_Init) refers to stm32f4xx_hal_gpio.o(i.HAL_GPIO_Init) for HAL_GPIO_Init
    freertos.o(i.Judge_task) refers to cmsis_os.o(i.osDelay) for osDelay
    freertos.o(i.MX_FREERTOS_Init) refers to rt_memcpy_w.o(.text) for __aeabi_memcpy4
    freertos.o(i.MX_FREERTOS_Init) refers to cmsis_os.o(i.osThreadCreate) for osThreadCreate
    freertos.o(i.MX_FREERTOS_Init) refers to freertos.o(.constdata) for .constdata
[...]
    _ddiv                                    0x0800dce1   Thumb Code   552  ddiv.o(x$fpl$ddiv)
    __aeabi_d2iz                             0x0800df91   Thumb Code     0  dfix.o(x$fpl$dfix)
    _dfix                                    0x0800df91   Thumb Code    94  dfix.o(x$fpl$dfix)
    __aeabi_i2d                              0x0800dfef   Thumb Code     0  dflt_clz.o(x$fpl$dflt)
    _dflt                                    0x0800dfef   Thumb Code    46  dflt_clz.o(x$fpl$dflt)
    __aeabi_ui2d                             0x0800e01d   Thumb Code     0  dflt_clz.o(x$fpl$dfltu)
    _dfltu                                   0x0800e01d   Thumb Code    38  dflt_clz.o(x$fpl$dfltu)
    __aeabi_cdcmple                          0x0800e045   Thumb Code     0  dleqf.o(x$fpl$dleqf)
    _dcmple                                  0x0800e045   Thumb Code   120  dleqf.o(x$fpl$dleqf)
    __fpl_dcmple_InfNaN                      0x0800e0a7   Thumb Code     0  dleqf.o(x$fpl$dleqf)
    __aeabi_dmul                             0x0800e0bd   Thumb Code     0  dmul.o(x$fpl$dmul)
    _dmul                                    0x0800e0bd   Thumb Code   332  dmul.o(x$fpl$dmul)
    __fpl_dnaninf                            0x0800e211   Thumb Code   156  dnaninf.o(x$fpl$dnaninf)
    __fpl_dretinf                            0x0800e2ad   Thumb Code    12  dretinf.o(x$fpl$dretinf)
    __aeabi_cdrcmple                         0x0800e2b9   Thumb Code     0  drleqf.o(x$fpl$drleqf)
    _drcmple                                 0x0800e2b9   Thumb Code   108  drleqf.o(x$fpl$drleqf)
    __aeabi_drsub                            0x0800e325   Thumb Code     0  daddsub_clz.o(x$fpl$drsb)
    _drsb                                    0x0800e325   Thumb Code    22  daddsub_clz.o(x$fpl$drsb)
    _dsqrt                                   0x0800e33d   Thumb Code   404  dsqrt_umaal.o(x$fpl$dsqrt)
    __aeabi_dsub                             0x0800e4d5   Thumb Code     0  daddsub_clz.o(x$fpl$dsub)
    _dsub                                    0x0800e4d5   Thumb Code   464  daddsub_clz.o(x$fpl$dsub)
    __aeabi_f2d                              0x0800e6a9   Thumb Code     0  f2d.o(x$fpl$f2d)
    _f2d                                     0x0800e6a9   Thumb Code    86  f2d.o(x$fpl$f2d)
    __fpl_fnaninf                            0x0800e6ff   Thumb Code   140  fnaninf.o(x$fpl$fnaninf)
    _fp_init                                 0x0800e78b   Thumb Code    10  fpinit.o(x$fpl$fpinit)
    __fplib_config_fpu_vfp                   0x0800e793   Thumb Code     0  fpinit.o(x$fpl$fpinit)
    __fplib_config_pureend_doubles           0x0800e793   Thumb Code     0  fpinit.o(x$fpl$fpinit)
    __fpl_fretinf                            0x0800e795   Thumb Code    10  fretinf.o(x$fpl$fretinf)
    __I$use$fp                               0x0800e79e   Number         0  usenofp.o(x$fpl$usenofp)
    AHBPrescTable                            0x0800e8a4   Data          16  system_stm32f4xx.o(.constdata)
    APBPrescTable                            0x0800e8b4   Data           8  system_stm32f4xx.o(.constdata)
    CRC8_TAB                                 0x0800e8bc   Data         256  crc.o(.constdata)
    wCRC_Table                               0x0800e9bc   Data         512  crc.o(.constdata)
    bmi270_config_file                       0x0800ebc2   Data        8192  bmi270.o(.constdata)
    bmi270_feat_in                           0x08010bc2   Data          48  bmi270.o(.constdata)
    bmi270_feat_out                          0x08010bf2   Data          21  bmi270.o(.constdata)
    __mathlib_zero                           0x08010d20   Data           8  qnan.o(.constdata)
    Region$$Table$$Base                      0x08010e80   Number         0  anon$$obj.o(Region$$Table)
    Region$$Table$$Limit                     0x08010ea0   Number         0  anon$$obj.o(Region$$Table)
    ggx                                      0x20000000   Data           2  main.o(.data)
    ggy                                      0x20000002   Data           2  main.o(.data)
    ggz                                      0x20000004   Data           2  main.o(.data)
    aax                                      0x20000006   Data           2  main.o(.data)
    aay                                      0x20000008   Data           2  main.o(.data)
    aaz                                      0x2000000a   Data           2  main.o(.data)
    pitch                                    0x2000000c   Data           4  main.o(.data)
    roll                                     0x20000010   Data           4  main.o(.data)
    yaw                                      0x20000014   Data           4  main.o(.data)
    defaultTaskHandle                        0x20000018   Data           4  freertos.o(.data)
    MotorHandle                              0x2000001c   Data           4  freertos.o(.data)
    Chassis_TaskHandle                       0x20000020   Data           4  freertos.o(.data)
    Gimbal_TaskHandle                        0x20000024   Data           4  freertos.o(.data)
    Shoot_TaskHandle                         0x20000028   Data           4  freertos.o(.data)
    Vision_TaskHandle                        0x2000002c   Data           4  freertos.o(.data)
    Imu_taskHandle                           0x20000030   Data           4  freertos.o(.data)
    Rc_TaskHandle                            0x20000034   Data           4  freertos.o(.data)
    Judge_TaskHandle                         0x20000038   Data           4  freertos.o(.data)
    uwTickFreq                               0x20000040   Data           1  stm32f4xx_hal.o(.data)
    uwTickPrio                               0x20000044   Data           4  stm32f4xx_hal.o(.data)
    uwTick                                   0x20000048   Data           4  stm32f4xx_hal.o(.data)
    SystemCoreClock                          0x2000004c   Data           4  system_stm32f4xx.o(.data)
    can1_rx_data                             0x20000050   Data           8  can_receive.o(.data)
    can2_rx_data                             0x20000058   Data           8  can_receive.o(.data)
    chassis_motor_info                       0x20000060   Data           3  can_receive.o(.data)
    gimbal_motor_info                        0x20000063   Data           3  can_receive.o(.data)
    shoot_motor_info                         0x20000066   Data           5  can_receive.o(.data)
    HalTick                                  0x2000006c   Data           4  haltick_drv.o(.data)
    CH_UP                                    0x20000070   Data           4  rc.o(.data)
    CH_DOWN                                  0x20000074   Data           4  rc.o(.data)
    Mouse_X_UPDATA                           0x20000078   Data           4  rc.o(.data)
    Mouse_Y_UPDATA                           0x2000007c   Data           4  rc.o(.data)
    Mouse_Z_UPDATA                           0x20000080   Data           4  rc.o(.data)
    Mouse_X_Last                             0x20000084   Data           4  rc.o(.data)
    Mouse_Y_Last                             0x20000088   Data           4  rc.o(.data)
    Mouse_Z_Last                             0x2000008c   Data           4  rc.o(.data)
    W_Chan                                   0x20000090   Data           4  rc.o(.data)
    S_Chan                                   0x20000094   Data           4  rc.o(.data)
    A_Chan                                   0x20000098   Data           4  rc.o(.data)
    D_Chan                                   0x2000009c   Data           4  rc.o(.data)
    rc_info                                  0x200000a0   Data          68  rc.o(.data)
    rc                                       0x200000e4   Data          28  rc.o(.data)
    rc_sensor_driver                         0x20000100   Data           8  rc.o(.data)
    imu_sensor_driver                        0x20000108   Data           1  imu.o(.data)
    imu_sensor_info                          0x2000010c   Data          32  imu.o(.data)
    imu_sensor                               0x2000012c   Data          28  imu.o(.data)
    angle_target_follow                      0x20000148   Data           2  classis_motor.o(.data)
    angle_target_follow_now                  0x2000014a   Data           2  classis_motor.o(.data)
    Small_Top_Mode_Flag                      0x2000014c   Data           2  classis_motor.o(.data)
    Small_Top_Mode                           0x2000014e   Data           2  classis_motor.o(.data)
    MODE                                     0x20000150   Data           2  classis_motor.o(.data)
    MODE_MAC_OR_TOP                          0x20000152   Data           2  classis_motor.o(.data)
    change_F_B_time                          0x20000154   Data           4  classis_motor.o(.data)
    Top_Count_T                              0x20000158   Data           4  classis_motor.o(.data)
    MECH_DEG_YAW_45                          0x2000015c   Data           4  classis_motor.o(.data)
    MECH_DEG_YAW                             0x20000160   Data           4  classis_motor.o(.data)
    current_limit                            0x20000164   Data           8  classis_motor.o(.data)
    vision_enter                             0x2000016c   Data           1  gimbal_motor.o(.data)
    follow_to_mac                            0x20000170   Data           2  gimbal_motor.o(.data)
    mac_to_follow                            0x20000172   Data           2  gimbal_motor.o(.data)
    gimbal_yaw_motor_current                 0x20000174   Data           4  gimbal_motor.o(.data)
    gimbal_pitch_motor_current               0x20000178   Data           4  gimbal_motor.o(.data)
    angle_target_vision_gimbal_yaw           0x2000017c   Data           4  gimbal_motor.o(.data)
    angle_target_vision_gimbal_pitch         0x20000180   Data           4  gimbal_motor.o(.data)
    up_move_count                            0x20000184   Data           2  shoot_motor.o(.data)
    down_move_count                          0x20000186   Data           2  shoot_motor.o(.data)
    count_judge_jam                          0x20000188   Data           2  shoot_motor.o(.data)
    judge_jam_flag                           0x2000018a   Data           2  shoot_motor.o(.data)
    Jam_handle_time                          0x2000018c   Data           2  shoot_motor.o(.data)
    count_judge_jam_single                   0x2000018e   Data           2  shoot_motor.o(.data)
    judge_jam_flag_single                    0x20000190   Data           2  shoot_motor.o(.data)
    Jam_handle_time_single                   0x20000192   Data           2  shoot_motor.o(.data)
    single_shoot_heat_control                0x20000194   Data           2  shoot_motor.o(.data)
    two_s_shoot                              0x20000196   Data           2  shoot_motor.o(.data)
    jam_change_flag                          0x20000198   Data           2  shoot_motor.o(.data)
    friction_speed_tar                       0x2000019c   Data           4  shoot_motor.o(.data)
    flick_speed_tar                          0x200001a0   Data           4  shoot_motor.o(.data)
    flick_pos_target                         0x200001a4   Data           4  shoot_motor.o(.data)
    flick_motor_current                      0x200001a8   Data           4  shoot_motor.o(.data)
    flick_pos_target_jam                     0x200001ac   Data           4  shoot_motor.o(.data)
    judge_jam_time                           0x200001b0   Data           4  shoot_motor.o(.data)
    delta_angle                              0x200001b4   Data           4  shoot_motor.o(.data)
    jam_time_1                               0x200001b8   Data           4  shoot_motor.o(.data)
    shoot_limit                              0x200001bc   Data           4  shoot_motor.o(.data)
    vision_sensor_info                       0x200001c0   Data          88  vision_sensor.o(.data)
    vision_sensor                            0x20000218   Data          28  vision_sensor.o(.data)
    judge_info                               0x20000234   Data         192  judge_sensor_1.o(.data)
    judge_sensor                             0x200002f4   Data          36  judge_sensor_1.o(.data)
    can_judge_data                           0x2000031c   Data           8  slave.o(.data)
    SLAVE                                    0x20000324   Data          48  slave.o(.data)
    gyrox                                    0x2000036c   Data           2  imu_polotal.o(.data)
    gyroy                                    0x2000036e   Data           2  imu_polotal.o(.data)
    gyroz                                    0x20000370   Data           2  imu_polotal.o(.data)
    accx                                     0x20000372   Data           2  imu_polotal.o(.data)
    accy                                     0x20000374   Data           2  imu_polotal.o(.data)
    accz                                     0x20000376   Data           2  imu_polotal.o(.data)
    CRC_INIT                                 0x20000378   Data           2  crc.o(.data)
    Kp                                       0x2000037c   Data           4  bmi.o(.data)
    Ki                                       0x20000380   Data           4  bmi.o(.data)
    halfT                                    0x20000384   Data           4  bmi.o(.data)
    q0                                       0x20000388   Data           4  bmi.o(.data)
    q1                                       0x2000038c   Data           4  bmi.o(.data)
    q2                                       0x20000390   Data           4  bmi.o(.data)
    q3                                       0x20000394   Data           4  bmi.o(.data)
    norm                                     0x20000398   Data           4  bmi.o(.data)
    vx                                       0x2000039c   Data           4  bmi.o(.data)
    vy                                       0x200003a0   Data           4  bmi.o(.data)
    vz                                       0x200003a4   Data           4  bmi.o(.data)
    ex                                       0x200003a8   Data           4  bmi.o(.data)
    ey                                       0x200003ac   Data           4  bmi.o(.data)
    ez                                       0x200003b0   Data           4  bmi.o(.data)
    gx                                       0x200003b4   Data           4  bmi.o(.data)
    gy                                       0x200003b8   Data           4  bmi.o(.data)
    gz                                       0x200003bc   Data           4  bmi.o(.data)
    ax                                       0x200003c0   Data           4  bmi.o(.data)
    ay                                       0x200003c4   Data           4  bmi.o(.data)
    az                                       0x200003c8   Data           4  bmi.o(.data)
    exInt                                    0x200003cc   Data           4  bmi.o(.data)
    eyInt                                    0x200003d0   Data           4  bmi.o(.data)
    ezInt                                    0x200003d4   Data           4  bmi.o(.data)
    q0temp                                   0x200003d8   Data           4  bmi.o(.data)
    q1temp                                   0x200003dc   Data           4  bmi.o(.data)
    q2temp                                   0x200003e0   Data           4  bmi.o(.data)
    q3temp                                   0x200003e4   Data           4  bmi.o(.data)
    MPU_ADDR                                 0x200003e8   Data           1  bmi2_common.o(.data)
    Offline_flag                             0x200003ec   Data           2  offline_check.o(.data)
    current_led_cnt                          0x200003ee   Data           2  offline_check.o(.data)
    ALL_Reset                                0x200003f0   Data           3  offline_check.o(.data)
    RC_Sleep                                 0x200003f4   Data           4  offline_check.o(.data)
    single_shoot_flag                        0x200003f8   Data           1  key.o(.data)
    Key_R_Fast_Shoot                         0x200003f9   Data           1  key.o(.data)
    fast_180_flag                            0x200003fa   Data           1  key.o(.data)
    PressF_Cnt                               0x200003fb   Data           1  key.o(.data)
    TURN_45_FLAG                             0x200003fc   Data           1  key.o(.data)
    TURN_45                                  0x200003fd   Data           1  key.o(.data)
    High_Spd                                 0x200003fe   Data           1  key.o(.data)
    Low_Spd                                  0x200003ff   Data           1  key.o(.data)
    KEY_Q_Speed_z                            0x20000400   Data           2  key.o(.data)
    KEY_E_Speed_z                            0x20000402   Data           2  key.o(.data)
    pxCurrentTCB                             0x20000404   Data           4  tasks.o(.data)
    hcan1                                    0x200006c0   Data          40  can.o(.bss)
    hcan2                                    0x200006e8   Data          40  can.o(.bss)
    htim1                                    0x20000710   Data          72  tim.o(.bss)
    huart5                                   0x20000758   Data          68  usart.o(.bss)
    huart2                                   0x2000079c   Data          68  usart.o(.bss)
    huart3                                   0x200007e0   Data          68  usart.o(.bss)
    hdma_uart5_rx                            0x20000824   Data          96  usart.o(.bss)
    hdma_uart5_tx                            0x20000884   Data          96  usart.o(.bss)
    hdma_usart2_rx                           0x200008e4   Data          96  usart.o(.bss)
    hdma_usart3_rx                           0x20000944   Data          96  usart.o(.bss)
    hdma_usart3_tx                           0x200009a4   Data          96  usart.o(.bss)
    htim2                                    0x20000a04   Data          72  stm32f4xx_hal_timebase_tim.o(.bss)
    pid_pos                                  0x20000a4c   Data         288  pid.o(.bss)
    pid_spd                                  0x20000b6c   Data         576  pid.o(.bss)
    pid_shoot_left_friction_wheel_spd        0x20000dac   Data          72  pid.o(.bss)
    pid_shoot_right_friction_wheel_spd       0x20000df4   Data          72  pid.o(.bss)
    pid_shoot_flick_wheel_follow_spd         0x20000e3c   Data          72  pid.o(.bss)
    pid_shoot_flick_wheel_mac_spd            0x20000e84   Data          72  pid.o(.bss)
    pid_shoot_flick_wheel_mac_pos            0x20000ecc   Data          72  pid.o(.bss)
    pid_shoot_flick_wheel_jam_spd            0x20000f14   Data          72  pid.o(.bss)
    pid_shoot_flick_wheel_jam_pos            0x20000f5c   Data          72  pid.o(.bss)
    pid_shoot_flick_wheel_stop_pos           0x20000fa4   Data          72  pid.o(.bss)
    pid_shoot_flick_wheel_stop_spd           0x20000fec   Data          72  pid.o(.bss)
    pid_spd_follow                           0x20001034   Data          72  pid.o(.bss)
    hcan1RxFrame                             0x2000107c   Data          28  can_receive.o(.bss)
    hcan2RxFrame                             0x20001098   Data          28  can_receive.o(.bss)
    usart2_dma_rxbuf                         0x200010b4   Data          48  uart_drv.o(.bss)
    usart3_dma_rxbuf                         0x200010e4   Data         350  uart_drv.o(.bss)
    usart5_dma_rxbuf                         0x20001242   Data         350  uart_drv.o(.bss)
    Keyboard                                 0x200013a0   Data         348  rc.o(.bss)
    chassis_speed                            0x200014fc   Data         100  classis_motor.o(.bss)
    Gimbal_angle                             0x20001560   Data          36  gimbal_motor.o(.bss)
    shoot_skip                               0x20001584   Data          12  shoot_motor.o(.bss)
    shoot_flag                               0x20001590   Data          10  shoot_motor.o(.bss)
    motor_chassis_gimbal                     0x2000159c   Data         192  motor.o(.bss)
    motor_shoot                              0x2000165c   Data         128  motor.o(.bss)
    bmi2_dev                                 0x20001728   Data         104  bmi.o(.bss)
    __libspace_start                         0x20005480   Data          96  libspace.o(.bss)
    __temporary_stack_top$libspace           0x200054e0   Data           0  libspace.o(.bss)



==============================================================================

Memory Map of the image

  Image Entry point : 0x08000189

  Load Region LR_IROM1 (Base: 0x08000000, Size: 0x0001130c, Max: 0x00080000, ABSOLUTE, COMPRESSED[0x00010f4c])

    Execution Region ER_IROM1 (Base: 0x08000000, Size: 0x00010ea0, Max: 0x00080000, ABSOLUTE)

    Base Addr    Size         Type   Attr      Idx    E Section Name        Object

    0x08000000   0x00000188   Data   RO            3    RESET               startup_stm32f407xx.o
    0x08000188   0x00000008   Code   RO         8824  * !!!main             c_w.l(__main.o)
    0x08000190   0x00000034   Code   RO         9204    !!!scatter          c_w.l(__scatter.o)
    0x080001c4   0x0000005a   Code   RO         9202    !!dczerorl2         c_w.l(__dczerorl2.o)
    0x0800021e   0x00000002   PAD
    0x08000220   0x0000001c   Code   RO         9206    !!handler_zi        c_w.l(__scatter_zi.o)
    0x0800023c   0x00000002   Code   RO         9141    .ARM.Collect$$libinit$$00000000  c_w.l(libinit.o)
    0x0800023e   0x00000004   Code   RO         8928    .ARM.Collect$$libinit$$00000001  c_w.l(libinit2.o)
    0x08000242   0x00000000   Code   RO         8931    .ARM.Collect$$libinit$$00000004  c_w.l(libinit2.o)
    0x08000242   0x00000008   Code   RO         8932    .ARM.Collect$$libinit$$00000005  c_w.l(libinit2.o)
    0x0800024a   0x00000000   Code   RO         8934    .ARM.Collect$$libinit$$0000000A  c_w.l(libinit2.o)
    0x0800024a   0x00000000   Code   RO         8936    .ARM.Collect$$libinit$$0000000C  c_w.l(libinit2.o)
    0x0800024a   0x00000000   Code   RO         8938    .ARM.Collect$$libinit$$0000000E  c_w.l(libinit2.o)
    0x0800024a   0x00000000   Code   RO         8941    .ARM.Collect$$libinit$$00000011  c_w.l(libinit2.o)
    0x0800024a   0x00000000   Code   RO         8943    .ARM.Collect$$libinit$$00000013  c_w.l(libinit2.o)
    0x0800024a   0x00000000   Code   RO         8945    .ARM.Collect$$libinit$$00000015  c_w.l(libinit2.o)
    0x0800024a   0x00000000   Code   RO         8947    .ARM.Collect$$libinit$$00000017  c_w.l(libinit2.o)
    0x0800024a   0x00000000   Code   RO         8949    .ARM.Collect$$libinit$$00000019  c_w.l(libinit2.o)
    0x0800024a   0x00000000   Code   RO         8951    .ARM.Collect$$libinit$$0000001B  c_w.l(libinit2.o)
    0x0800024a   0x00000000   Code   RO         8953    .ARM.Collect$$libinit$$0000001D  c_w.l(libinit2.o)
    0x0800024a   0x00000000   Code   RO         8955    .ARM.Collect$$libinit$$0000001F  c_w.l(libinit2.o)
    0x0800024a   0x00000000   Code   RO         8957    .ARM.Collect$$libinit$$00000021  c_w.l(libinit2.o)
    0x0800024a   0x00000000   Code   RO         8959    .ARM.Collect$$libinit$$00000023  c_w.l(libinit2.o)
    0x0800024a   0x00000000   Code   RO         8961    .ARM.Collect$$libinit$$00000025  c_w.l(libinit2.o)
    0x0800024a   0x00000000   Code   RO         8965    .ARM.Collect$$libinit$$0000002C  c_w.l(libinit2.o)
    0x0800024a   0x00000000   Code   RO         8967    .ARM.Collect$$libinit$$0000002E  c_w.l(libinit2.o)
    0x0800024a   0x00000000   Code   RO         8969    .ARM.Collect$$libinit$$00000030  c_w.l(libinit2.o)
    0x0800024a   0x00000000   Code   RO         8971    .ARM.Collect$$libinit$$00000032  c_w.l(libinit2.o)
    0x0800024a   0x00000002   Code   RO         8972    .ARM.Collect$$libinit$$00000033  c_w.l(libinit2.o)
    0x0800024c   0x00000002   Code   RO         9199    .ARM.Collect$$libshutdown$$00000000  c_w.l(libshutdown.o)
    0x0800024e   0x00000000   Code   RO         9157    .ARM.Collect$$libshutdown$$00000002  c_w.l(libshutdown2.o)
    0x0800024e   0x00000000   Code   RO         9159    .ARM.Collect$$libshutdown$$00000004  c_w.l(libshutdown2.o)
    0x0800024e   0x00000000   Code   RO         9162    .ARM.Collect$$libshutdown$$00000007  c_w.l(libshutdown2.o)
    0x0800024e   0x00000000   Code   RO         9165    .ARM.Collect$$libshutdown$$0000000A  c_w.l(libshutdown2.o)
    0x0800024e   0x00000000   Code   RO         9167    .ARM.Collect$$libshutdown$$0000000C  c_w.l(libshutdown2.o)
    0x0800024e   0x00000000   Code   RO         9170    .ARM.Collect$$libshutdown$$0000000F  c_w.l(libshutdown2.o)
    0x0800024e   0x00000002   Code   RO         9171    .ARM.Collect$$libshutdown$$00000010  c_w.l(libshutdown2.o)
    0x08000250   0x00000000   Code   RO         8894    .ARM.Collect$$rtentry$$00000000  c_w.l(__rtentry.o)
    0x08000250   0x00000000   Code   RO         9065    .ARM.Collect$$rtentry$$00000002  c_w.l(__rtentry2.o)
    0x08000250   0x00000006   Code   RO         9077    .ARM.Collect$$rtentry$$00000004  c_w.l(__rtentry4.o)
    0x08000256   0x00000000   Code   RO         9067    .ARM.Collect$$rtentry$$00000009  c_w.l(__rtentry2.o)
    0x08000256   0x00000004   Code   RO         9068    .ARM.Collect$$rtentry$$0000000A  c_w.l(__rtentry2.o)
    0x0800025a   0x00000000   Code   RO         9070    .ARM.Collect$$rtentry$$0000000C  c_w.l(__rtentry2.o)
    0x0800025a   0x00000008   Code   RO         9071    .ARM.Collect$$rtentry$$0000000D  c_w.l(__rtentry2.o)
    0x08000262   0x00000002   Code   RO         9144    .ARM.Collect$$rtexit$$00000000  c_w.l(rtexit.o)
    0x08000264   0x00000000   Code   RO         9175    .ARM.Collect$$rtexit$$00000002  c_w.l(rtexit2.o)
    0x08000264   0x00000004   Code   RO         9176    .ARM.Collect$$rtexit$$00000003  c_w.l(rtexit2.o)
    0x08000268   0x00000006   Code   RO         9177    .ARM.Collect$$rtexit$$00000004  c_w.l(rtexit2.o)
    0x0800026e   0x00000002   PAD
    0x08000270   0x000000be   Code   RO         8410    .emb_text           port.o
    0x0800032e   0x00000002   PAD
    0x08000330   0x00000000   Code   RO         9088    .emb_text           c_w.l(maybetermalloc1.o)
    0x08000330   0x00000040   Code   RO            4    .text               startup_stm32f407xx.o
    0x08000370   0x0000005e   Code   RO         8752    .text               c_w.l(h1_alloc.o)
    0x080003ce   0x0000004e   Code   RO         8754    .text               c_w.l(h1_free.o)
    0x0800041c   0x000000ee   Code   RO         8810    .text               c_w.l(lludivv7m.o)
    0x0800050a   0x0000008a   Code   RO         8812    .text               c_w.l(rt_memcpy_v6.o)
    0x08000594   0x00000064   Code   RO         8814    .text               c_w.l(rt_memcpy_w.o)
    0x080005f8   0x00000044   Code   RO         8818    .text               c_w.l(rt_memclr.o)
    0x0800063c   0x0000004e   Code   RO         8820    .text               c_w.l(rt_memclr_w.o)
    0x0800068a   0x00000006   Code   RO         8822    .text               c_w.l(heapauxi.o)
    0x08000690   0x00000008   Code   RO         8902    .text               c_w.l(rt_heap_descriptor_intlibspace.o)
    0x08000698   0x00000004   Code   RO         8904    .text               c_w.l(hguard.o)
    0x0800069c   0x0000008a   Code   RO         8906    .text               c_w.l(init_alloc.o)
    0x08000726   0x0000000e   Code   RO         8910    .text               c_w.l(h1_init.o)
    0x08000734   0x00000016   Code   RO         8924    .text               c_w.l(_rserrno.o)
    0x0800074a   0x00000002   PAD
    0x0800074c   0x00000008   Code   RO         9061    .text               c_w.l(libspace.o)
    0x08000754   0x00000008   Code   RO         9084    .text               c_w.l(rt_errno_addr_intlibspace.o)
    0x0800075c   0x00000034   Code   RO         9090    .text               c_w.l(h1_extend.o)
    0x08000790   0x0000000e   Code   RO         9094    .text               c_w.l(defsig_rtmem_outer.o)
    0x0800079e   0x00000002   Code   RO         9113    .text               c_w.l(use_no_semi.o)
    0x080007a0   0x00000000   Code   RO         9115    .text               c_w.l(indicate_semi.o)
    0x080007a0   0x0000004a   Code   RO         9116    .text               c_w.l(sys_stackheap_outer.o)
    0x080007ea   0x00000012   Code   RO         9122    .text               c_w.l(exit.o)
    0x080007fc   0x0000000a   Code   RO         9124    .text               c_w.l(defsig_exit.o)
    0x08000806   0x00000002   PAD
    0x08000808   0x00000050   Code   RO         9130    .text               c_w.l(defsig_rtmem_inner.o)
    0x08000858   0x0000000c   Code   RO         9142    .text               c_w.l(sys_exit.o)
    0x08000864   0x00000032   Code   RO         9152    .text               c_w.l(defsig_general.o)
    0x08000896   0x0000000e   Code   RO         9172    .text               c_w.l(sys_wrch.o)
    0x080008a4   0x00000050   Code   RO         4176    i.AD_Channel        rc.o
    0x080008f4   0x00000020   Code   RO         6802    i.All_Reset_Judge   offline_check.o
    0x08000914   0x00000484   Code   RO         5257    i.BMI_Get_EulerAngle  bmi.o
    0x08000d98   0x0000004e   Code   RO         5258    i.BMI_Get_GRO       bmi.o
    0x08000de6   0x00000048   Code   RO         5259    i.BMI_Get_RawData   bmi.o
    0x08000e2e   0x00000002   PAD
    0x08000e30   0x0000006c   Code   RO         5260    i.BMI_Init          bmi.o
    0x08000e9c   0x0000002c   Code   RO         4541    i.Box_Cover_Control  shoot_motor.o
    0x08000ec8   0x0000003c   Code   RO         4542    i.Box_Cover_Control_RC  shoot_motor.o
    0x08000f04   0x00000002   Code   RO          679    i.BusFault_Handler  stm32f4xx_it.o
    0x08000f06   0x00000002   PAD
    0x08000f08   0x00000028   Code   RO         3744    i.CAN1_Init         can_receive.o
    0x08000f30   0x0000000c   Code   RO          680    i.CAN1_RX0_IRQHandler  stm32f4xx_it.o
    0x08000f3c   0x00000004   Code   RO         5088    i.CAN1_rxDataHandler  can_protocal.o
    0x08000f40   0x00000028   Code   RO         3746    i.CAN2_Init         can_receive.o
    0x08000f68   0x0000000c   Code   RO          681    i.CAN2_RX0_IRQHandler  stm32f4xx_it.o
    0x08000f74   0x0000001c   Code   RO         5089    i.CAN2_rxDataHandler  can_protocal.o
    0x08000f90   0x0000001a   Code   RO         3748    i.CAN_Filter_ParamsInit  can_receive.o
    0x08000faa   0x00000002   PAD
    0x08000fac   0x00000054   Code   RO         3749    i.CAN_Rx_Callback   can_receive.o
    0x08001000   0x00000048   Code   RO         4931    i.CAN_cmd_chassis   motor.o
    0x08001048   0x00000048   Code   RO         4933    i.CAN_cmd_gimbal    motor.o
    0x08001090   0x00000048   Code   RO         4934    i.CAN_cmd_shoot     motor.o
    0x080010d8   0x0000000c   Code   RO         4131    i.COVER_PwmOut      tim_drv.o
    0x080010e4   0x0000000c   Code   RO         4132    i.COVER_SLEEP       tim_drv.o
    0x080010f0   0x0000000c   Code   RO         4133    i.COVER_WEAK        tim_drv.o
    0x080010fc   0x000000c4   Code   RO         4880    i.Chassis_Motor_Power_Limit  power_limit.o
    0x080011c0   0x000001a4   Code   RO         4406    i.Chassis_motor     classis_motor.o
    0x08001364   0x00000020   Code   RO         6892    i.Chassis_motor_follow_init  chassis.o
    0x08001384   0x00000080   Code   RO         6893    i.Chassis_motor_init  chassis.o
    0x08001404   0x000001d4   Code   RO         4407    i.Chassis_speed_set  classis_motor.o
    0x080015d8   0x00000028   Code   RO         8716    i.DEVICE_Init       rp_init.o
    0x08001600   0x0000000c   Code   RO          682    i.DMA1_Stream0_IRQHandler  stm32f4xx_it.o
    0x0800160c   0x0000000c   Code   RO          683    i.DMA1_Stream1_IRQHandler  stm32f4xx_it.o
    0x08001618   0x0000000c   Code   RO          684    i.DMA1_Stream3_IRQHandler  stm32f4xx_it.o
    0x08001624   0x0000000c   Code   RO          685    i.DMA1_Stream5_IRQHandler  stm32f4xx_it.o
    0x08001630   0x0000000c   Code   RO          686    i.DMA1_Stream7_IRQHandler  stm32f4xx_it.o
    0x0800163c   0x00000244   Code   RO         3968    i.DMAEx_MultiBufferStart_NoIT  uart_drv.o
    0x08001880   0x00000028   Code   RO         1553    i.DMA_CalcBaseAndBitshift  stm32f4xx_hal_dma.o
    0x080018a8   0x00000054   Code   RO         1554    i.DMA_CheckFifoParam  stm32f4xx_hal_dma.o
    0x080018fc   0x00000062   Code   RO         3969    i.DMA_Start         uart_drv.o
    0x0800195e   0x0000001e   Code   RO         8717    i.DRIVER_Init       rp_init.o
    0x0800197c   0x00000014   Code   RO         3970    i.DRV_UART_IRQHandler  uart_drv.o
    0x08001990   0x00000002   Code   RO          687    i.DebugMon_Handler  stm32f4xx_it.o
    0x08001992   0x00000004   Code   RO           13    i.Error_Handler     main.o
    0x08001996   0x00000010   Code   RO         4177    i.FirstGetInto_KEY_PRESS  rc.o
    0x080019a6   0x00000002   PAD
    0x080019a8   0x00000090   Code   RO         4545    i.Gam_handle        shoot_motor.o
    0x08001a38   0x0000002c   Code   RO         5196    i.Get_CRC16_Check_Sum  crc.o
    0x08001a64   0x00000020   Code   RO         5197    i.Get_CRC8_Check_Sum  crc.o
    0x08001a84   0x00000078   Code   RO         4481    i.Gimbal_Pos_Init   gimbal_motor.o
    0x08001afc   0x00000038   Code   RO         4482    i.Gimbal_angle_struct_Init  gimbal_motor.o
    0x08001b34   0x0000020c   Code   RO         4483    i.Gimbal_follow_motor  gimbal_motor.o
    0x08001d40   0x000000dc   Code   RO         4408    i.Gimbal_half_turn_Chassis_speed_set  classis_motor.o
    0x08001e1c   0x00000184   Code   RO         4484    i.Gimbal_mac_motor  gimbal_motor.o
    0x08001fa0   0x0000008c   Code   RO         7076    i.Gimbal_motor_follow_init  gimbal.o
    0x0800202c   0x00000084   Code   RO         7077    i.Gimbal_motor_mac_init  gimbal.o
    0x080020b0   0x0000008c   Code   RO         7078    i.Gimbal_motor_vision_init  gimbal.o
    0x0800213c   0x00000024   Code   RO          861    i.HAL_CAN_ActivateNotification  stm32f4xx_hal_can.o
    0x08002160   0x000000c8   Code   RO          862    i.HAL_CAN_AddTxMessage  stm32f4xx_hal_can.o
    0x08002228   0x0000010c   Code   RO          863    i.HAL_CAN_ConfigFilter  stm32f4xx_hal_can.o
    0x08002334   0x00000002   Code   RO          866    i.HAL_CAN_ErrorCallback  stm32f4xx_hal_can.o
    0x08002336   0x000000e8   Code   RO          869    i.HAL_CAN_GetRxMessage  stm32f4xx_hal_can.o
    0x0800241e   0x000001fc   Code   RO          873    i.HAL_CAN_IRQHandler  stm32f4xx_hal_can.o
    0x0800261a   0x0000011a   Code   RO          874    i.HAL_CAN_Init      stm32f4xx_hal_can.o
    0x08002734   0x000000fc   Code   RO          504    i.HAL_CAN_MspInit   can.o
    0x08002830   0x00000002   Code   RO          881    i.HAL_CAN_RxFifo0FullCallback  stm32f4xx_hal_can.o
    0x08002832   0x00000002   PAD
    0x08002834   0x0000001c   Code   RO         3750    i.HAL_CAN_RxFifo0MsgPendingCallback  can_receive.o
    0x08002850   0x00000002   Code   RO          883    i.HAL_CAN_RxFifo1FullCallback  stm32f4xx_hal_can.o
    0x08002852   0x00000002   Code   RO          884    i.HAL_CAN_RxFifo1MsgPendingCallback  stm32f4xx_hal_can.o
    0x08002854   0x00000002   Code   RO          885    i.HAL_CAN_SleepCallback  stm32f4xx_hal_can.o
    0x08002856   0x00000002   PAD
    0x08002858   0x00000058   Code   RO          886    i.HAL_CAN_Start     stm32f4xx_hal_can.o
    0x080028b0   0x00000002   Code   RO          888    i.HAL_CAN_TxMailbox0AbortCallback  stm32f4xx_hal_can.o
    0x080028b2   0x00000002   Code   RO          889    i.HAL_CAN_TxMailbox0CompleteCallback  stm32f4xx_hal_can.o
    0x080028b4   0x00000002   Code   RO          890    i.HAL_CAN_TxMailbox1AbortCallback  stm32f4xx_hal_can.o
    0x080028b6   0x00000002   Code   RO          891    i.HAL_CAN_TxMailbox1CompleteCallback  stm32f4xx_hal_can.o
    0x080028b8   0x00000002   Code   RO          892    i.HAL_CAN_TxMailbox2AbortCallback  stm32f4xx_hal_can.o
    0x080028ba   0x00000002   Code   RO          893    i.HAL_CAN_TxMailbox2CompleteCallback  stm32f4xx_hal_can.o
    0x080028bc   0x00000002   Code   RO          895    i.HAL_CAN_WakeUpFromRxMsgCallback  stm32f4xx_hal_can.o
    0x080028be   0x00000092   Code   RO         1556    i.HAL_DMA_Abort     stm32f4xx_hal_dma.o
    0x08002950   0x00000024   Code   RO         1557    i.HAL_DMA_Abort_IT  stm32f4xx_hal_dma.o
    0x08002974   0x000001a0   Code   RO         1561    i.HAL_DMA_IRQHandler  stm32f4xx_hal_dma.o
    0x08002b14   0x000000d4   Code   RO         1562    i.HAL_DMA_Init      stm32f4xx_hal_dma.o
    0x08002be8   0x000001f0   Code   RO         1449    i.HAL_GPIO_Init     stm32f4xx_hal_gpio.o
    0x08002dd8   0x0000000a   Code   RO         1453    i.HAL_GPIO_WritePin  stm32f4xx_hal_gpio.o
    0x08002de2   0x00000002   PAD
    0x08002de4   0x0000000c   Code   RO         1981    i.HAL_GetTick       stm32f4xx_hal.o
    0x08002df0   0x00000034   Code   RO         4066    i.HAL_IncTick       haltick_drv.o
    0x08002e24   0x00000034   Code   RO         1988    i.HAL_Init          stm32f4xx_hal.o
    0x08002e58   0x00000098   Code   RO          821    i.HAL_InitTick      stm32f4xx_hal_timebase_tim.o
    0x08002ef0   0x00000038   Code   RO          797    i.HAL_MspInit       stm32f4xx_hal_msp.o
    0x08002f28   0x0000001a   Code   RO         1838    i.HAL_NVIC_EnableIRQ  stm32f4xx_hal_cortex.o
    0x08002f42   0x00000002   PAD
    0x08002f44   0x00000040   Code   RO         1844    i.HAL_NVIC_SetPriority  stm32f4xx_hal_cortex.o
    0x08002f84   0x00000024   Code   RO         1845    i.HAL_NVIC_SetPriorityGrouping  stm32f4xx_hal_cortex.o
    0x08002fa8   0x00000134   Code   RO         1095    i.HAL_RCC_ClockConfig  stm32f4xx_hal_rcc.o
    0x080030dc   0x00000040   Code   RO         1099    i.HAL_RCC_GetClockConfig  stm32f4xx_hal_rcc.o
    0x0800311c   0x00000020   Code   RO         1102    i.HAL_RCC_GetPCLK1Freq  stm32f4xx_hal_rcc.o
    0x0800313c   0x00000020   Code   RO         1103    i.HAL_RCC_GetPCLK2Freq  stm32f4xx_hal_rcc.o
    0x0800315c   0x00000064   Code   RO         1104    i.HAL_RCC_GetSysClockFreq  stm32f4xx_hal_rcc.o
    0x080031c0   0x0000036c   Code   RO         1107    i.HAL_RCC_OscConfig  stm32f4xx_hal_rcc.o
    0x0800352c   0x00000002   Code   RO         2932    i.HAL_TIMEx_BreakCallback  stm32f4xx_hal_tim_ex.o
    0x0800352e   0x00000002   Code   RO         2933    i.HAL_TIMEx_CommutCallback  stm32f4xx_hal_tim_ex.o
    0x08003530   0x00000054   Code   RO         2935    i.HAL_TIMEx_ConfigBreakDeadTime  stm32f4xx_hal_tim_ex.o
    0x08003584   0x00000090   Code   RO         2951    i.HAL_TIMEx_MasterConfigSynchronization  stm32f4xx_hal_tim_ex.o
    0x08003614   0x0000005a   Code   RO         2228    i.HAL_TIM_Base_Init  stm32f4xx_hal_tim.o
    0x0800366e   0x00000002   PAD
    0x08003670   0x00000028   Code   RO          577    i.HAL_TIM_Base_MspInit  tim.o
    0x08003698   0x00000080   Code   RO         2233    i.HAL_TIM_Base_Start_IT  stm32f4xx_hal_tim.o
    0x08003718   0x000000dc   Code   RO         2237    i.HAL_TIM_ConfigClockSource  stm32f4xx_hal_tim.o
    0x080037f4   0x00000002   Code   RO         2262    i.HAL_TIM_IC_CaptureCallback  stm32f4xx_hal_tim.o
    0x080037f6   0x00000166   Code   RO         2276    i.HAL_TIM_IRQHandler  stm32f4xx_hal_tim.o
    0x0800395c   0x00000054   Code   RO          578    i.HAL_TIM_MspPostInit  tim.o
    0x080039b0   0x00000002   Code   RO         2279    i.HAL_TIM_OC_DelayElapsedCallback  stm32f4xx_hal_tim.o
    0x080039b2   0x000000cc   Code   RO         2300    i.HAL_TIM_PWM_ConfigChannel  stm32f4xx_hal_tim.o
    0x08003a7e   0x0000005a   Code   RO         2303    i.HAL_TIM_PWM_Init  stm32f4xx_hal_tim.o
    0x08003ad8   0x00000002   Code   RO         2305    i.HAL_TIM_PWM_MspInit  stm32f4xx_hal_tim.o
    0x08003ada   0x00000002   Code   RO         2306    i.HAL_TIM_PWM_PulseFinishedCallback  stm32f4xx_hal_tim.o
    0x08003adc   0x000000c8   Code   RO         2308    i.HAL_TIM_PWM_Start  stm32f4xx_hal_tim.o
    0x08003ba4   0x0000007c   Code   RO         2311    i.HAL_TIM_PWM_Stop  stm32f4xx_hal_tim.o
    0x08003c20   0x0000000e   Code   RO           14    i.HAL_TIM_PeriodElapsedCallback  main.o
    0x08003c2e   0x00000002   Code   RO         2319    i.HAL_TIM_TriggerCallback  stm32f4xx_hal_tim.o
    0x08003c30   0x00000002   Code   RO         3210    i.HAL_UARTEx_RxEventCallback  stm32f4xx_hal_uart.o
    0x08003c32   0x00000002   Code   RO         3224    i.HAL_UART_ErrorCallback  stm32f4xx_hal_uart.o
    0x08003c34   0x00000268   Code   RO         3227    i.HAL_UART_IRQHandler  stm32f4xx_hal_uart.o
    0x08003e9c   0x00000062   Code   RO         3228    i.HAL_UART_Init     stm32f4xx_hal_uart.o
    0x08003efe   0x00000002   PAD
    0x08003f00   0x00000278   Code   RO          626    i.HAL_UART_MspInit  usart.o
    0x08004178   0x00000002   Code   RO         3234    i.HAL_UART_RxCpltCallback  stm32f4xx_hal_uart.o
    0x0800417a   0x00000002   Code   RO         3239    i.HAL_UART_TxCpltCallback  stm32f4xx_hal_uart.o
    0x0800417c   0x00000002   Code   RO          688    i.HardFault_Handler  stm32f4xx_it.o
    0x0800417e   0x00000002   PAD
    0x08004180   0x00000040   Code   RO         6643    i.IIC_Ack           soft_iic.o
    0x080041c0   0x00000040   Code   RO         6644    i.IIC_NAck          soft_iic.o
    0x08004200   0x00000068   Code   RO         6645    i.IIC_Read_Byte     soft_iic.o
    0x08004268   0x00000060   Code   RO         6646    i.IIC_Send_Byte     soft_iic.o
    0x080042c8   0x00000040   Code   RO         6647    i.IIC_Start         soft_iic.o
    0x08004308   0x00000044   Code   RO         6648    i.IIC_Stop          soft_iic.o
    0x0800434c   0x00000054   Code   RO         6649    i.IIC_Wait_Ack      soft_iic.o
    0x080043a0   0x0000000c   Code   RO         4361    i.Init_Imu          imu.o
    0x080043ac   0x0000000c   Code   RO         4178    i.Init_Rc           rc.o
    0x080043b8   0x0000000c   Code   RO         4669    i.Init_vision       vision_potocal.o
    0x080043c4   0x00000014   Code   RO         8685    i.Judge_task        judge_task.o
    0x080043d8   0x0000008c   Code   RO         6927    i.KB_CTRL           key.o
    0x08004464   0x00000062   Code   RO         4179    i.KEY_State_Judge   rc.o
    0x080044c6   0x00000002   PAD
    0x080044c8   0x00000078   Code   RO         6929    i.Key_B             key.o
    0x08004540   0x000000b8   Code   RO         6930    i.Key_C             key.o
    0x080045f8   0x00000090   Code   RO         4180    i.Key_Channel_Update  rc.o
    0x08004688   0x000000c4   Code   RO         6932    i.Key_E             key.o
    0x0800474c   0x0000007c   Code   RO         6933    i.Key_F             key.o
    0x080047c8   0x00000060   Code   RO         6935    i.Key_Mouse_L       key.o
    0x08004828   0x000000c4   Code   RO         6937    i.Key_Q             key.o
    0x080048ec   0x00000054   Code   RO         6938    i.Key_R             key.o
    0x08004940   0x00000048   Code   RO         6940    i.Key_SHIFT         key.o
    0x08004988   0x00000094   Code   RO         6941    i.Key_V             key.o
    0x08004a1c   0x00000020   Code   RO         6943    i.Key_X             key.o
    0x08004a3c   0x00000020   Code   RO         6944    i.Key_Z             key.o
    0x08004a5c   0x000000a8   Code   RO         6945    i.Key_ctrl          key.o
    0x08004b04   0x0000002c   Code   RO         6715    i.Limit_Target      s_function.o
    0x08004b30   0x00000060   Code   RO         4935    i.MOTOR_CAN1_RX     motor.o
    0x08004b90   0x00000044   Code   RO         4936    i.MOTOR_CAN2_RX     motor.o
    0x08004bd4   0x0000004c   Code   RO         6459    i.MPU_Read_Byte     bmi2_common.o
    0x08004c20   0x00000060   Code   RO         6460    i.MPU_Read_all      bmi2_common.o
    0x08004c80   0x00000048   Code   RO          505    i.MX_CAN1_Init      can.o
    0x08004cc8   0x00000048   Code   RO          506    i.MX_CAN2_Init      can.o
    0x08004d10   0x0000006c   Code   RO          552    i.MX_DMA_Init       dma.o
    0x08004d7c   0x000000d8   Code   RO          403    i.MX_FREERTOS_Init  freertos.o
    0x08004e54   0x000000c8   Code   RO          374    i.MX_GPIO_Init      gpio.o
    0x08004f1c   0x000000dc   Code   RO          579    i.MX_TIM1_Init      tim.o
    0x08004ff8   0x00000038   Code   RO          627    i.MX_UART5_Init     usart.o
    0x08005030   0x0000003c   Code   RO          628    i.MX_USART2_UART_Init  usart.o
    0x0800506c   0x00000038   Code   RO          629    i.MX_USART3_UART_Init  usart.o
    0x080050a4   0x00000002   Code   RO          689    i.MemManage_Handler  stm32f4xx_it.o
    0x080050a6   0x00000002   PAD
    0x080050a8   0x00000094   Code   RO         4184    i.Mouse_X_Speed     rc.o
    0x0800513c   0x000000c4   Code   RO         4185    i.Mouse_Y_Speed     rc.o
    0x08005200   0x00000002   Code   RO          690    i.NMI_Handler       stm32f4xx_it.o
    0x08005202   0x0000000a   Code   RO         3594    i.PID_struct_init   pid.o
    0x0800520c   0x0000001c   Code   RO         4134    i.PWM_Init          tim_drv.o
    0x08005228   0x000000fc   Code   RO         6803    i.RC_Offline_Sleep  offline_check.o
    0x08005324   0x0000003e   Code   RO         4188    i.RC_ResetData      rc.o
    0x08005362   0x00000002   PAD
    0x08005364   0x00000020   Code   RO         4189    i.Rc_Data           rc.o
    0x08005384   0x00000038   Code   RO         6716    i.SF                s_function.o
    0x080053bc   0x00000054   Code   RO         5261    i.Set_accel         bmi.o
    0x08005410   0x00000058   Code   RO         5262    i.Set_gyro          bmi.o
    0x08005468   0x0000006c   Code   RO         4546    i.Shoot_heat_limit  shoot_motor.o
    0x080054d4   0x000000cc   Code   RO         4547    i.Shoot_speed_limit  shoot_motor.o
    0x080055a0   0x00000048   Code   RO         4191    i.Sim_Channel       rc.o
    0x080055e8   0x00000514   Code   RO         4409    i.Small_top_Chassis_speed_set  classis_motor.o
    0x08005afc   0x00000008   Code   RO          404    i.StartDefaultTask  freertos.o
    0x08005b04   0x00000014   Code   RO         8583    i.Start_Vision_Task  vision_task.o
    0x08005b18   0x00000050   Code   RO         8490    i.Start_chassis_task  classis_task.o
    0x08005b68   0x000000a4   Code   RO         8521    i.Start_gimbal_Task  gimbal_task.o
    0x08005c0c   0x00000064   Code   RO         8614    i.Start_imu_task    imu_task.o
    0x08005c70   0x000000d0   Code   RO         8552    i.Start_shoot_task  shoot_task.o
    0x08005d40   0x0000002c   Code   RO         8411    i.SysTick_Handler   port.o
    0x08005d6c   0x00000098   Code   RO           15    i.SystemClock_Config  main.o
    0x08005e04   0x00000010   Code   RO         3557    i.SystemInit        system_stm32f4xx.o
    0x08005e14   0x00000028   Code   RO         6805    i.System_Reset      offline_check.o
    0x08005e3c   0x0000000c   Code   RO          691    i.TIM2_IRQHandler   stm32f4xx_it.o
    0x08005e48   0x000000c8   Code   RO         2321    i.TIM_Base_SetConfig  stm32f4xx_hal_tim.o
    0x08005f10   0x0000001a   Code   RO         2322    i.TIM_CCxChannelCmd  stm32f4xx_hal_tim.o
    0x08005f2a   0x00000014   Code   RO         2332    i.TIM_ETR_SetConfig  stm32f4xx_hal_tim.o
    0x08005f3e   0x00000010   Code   RO         2333    i.TIM_ITRx_SetConfig  stm32f4xx_hal_tim.o
    0x08005f4e   0x00000002   PAD
    0x08005f50   0x00000060   Code   RO         2334    i.TIM_OC1_SetConfig  stm32f4xx_hal_tim.o
    0x08005fb0   0x0000006c   Code   RO         2335    i.TIM_OC2_SetConfig  stm32f4xx_hal_tim.o
    0x0800601c   0x00000068   Code   RO         2336    i.TIM_OC3_SetConfig  stm32f4xx_hal_tim.o
    0x08006084   0x00000050   Code   RO         2337    i.TIM_OC4_SetConfig  stm32f4xx_hal_tim.o
    0x080060d4   0x00000022   Code   RO         2339    i.TIM_TI1_ConfigInputStage  stm32f4xx_hal_tim.o
    0x080060f6   0x00000024   Code   RO         2341    i.TIM_TI2_ConfigInputStage  stm32f4xx_hal_tim.o
    0x0800611a   0x00000010   Code   RO         3241    i.UART_DMAAbortOnError  stm32f4xx_hal_uart.o
    0x0800612a   0x0000004e   Code   RO         3251    i.UART_EndRxTransfer  stm32f4xx_hal_uart.o
    0x08006178   0x000000c0   Code   RO         3253    i.UART_Receive_IT   stm32f4xx_hal_uart.o
    0x08006238   0x0000010c   Code   RO         3254    i.UART_SetConfig    stm32f4xx_hal_uart.o
    0x08006344   0x00000018   Code   RO          692    i.USART2_IRQHandler  stm32f4xx_it.o
    0x0800635c   0x0000003c   Code   RO         3972    i.USART2_Init       uart_drv.o
    0x08006398   0x00000004   Code   RO         5008    i.USART2_rxDataHandler  usart_potocal.o
    0x0800639c   0x00000018   Code   RO          693    i.USART3_IRQHandler  stm32f4xx_it.o
    0x080063b4   0x00000038   Code   RO         3974    i.USART3_Init       uart_drv.o
    0x080063ec   0x00000030   Code   RO         5009    i.USART3_rxDataHandler  usart_potocal.o
    0x0800641c   0x00000038   Code   RO         3976    i.USART5_Init       uart_drv.o
    0x08006454   0x0000001c   Code   RO         5010    i.USART5_rxDataHandler  usart_potocal.o
    0x08006470   0x0000009c   Code   RO         4820    i.Up_RX             slave.o
    0x0800650c   0x00000002   Code   RO          694    i.UsageFault_Handler  stm32f4xx_it.o
    0x0800650e   0x00000002   PAD
    0x08006510   0x0000003c   Code   RO         5198    i.Verify_CRC16_Check_Sum  crc.o
    0x0800654c   0x0000002a   Code   RO         5199    i.Verify_CRC8_Check_Sum  crc.o
    0x08006576   0x00000002   PAD
    0x08006578   0x00000050   Code   RO         4192    i.WS_Channel        rc.o
    0x080065c8   0x00000030   Code   RO         9031    i.__ARM_fpclassify  m_wm.l(fpclassify.o)
    0x080065f8   0x00000020   Code   RO         1851    i.__NVIC_SetPriority  stm32f4xx_hal_cortex.o
    0x08006618   0x00000360   Code   RO         8842    i.__hardfp_asin     m_wm.l(asin.o)
    0x08006978   0x000002d8   Code   RO         8994    i.__hardfp_atan     m_wm.l(atan.o)
    0x08006c50   0x000001f0   Code   RO         8856    i.__hardfp_atan2    m_wm.l(atan2.o)
    0x08006e40   0x000000c8   Code   RO         8868    i.__hardfp_cos      m_wm.l(cos.o)
    0x08006f08   0x000000c8   Code   RO         8880    i.__hardfp_sin      m_wm.l(sin.o)
    0x08006fd0   0x00000438   Code   RO         9036    i.__ieee754_rem_pio2  m_wm.l(rred.o)
    0x08007408   0x00000170   Code   RO         9008    i.__kernel_cos      m_wm.l(cos_i.o)
    0x08007578   0x000000f8   Code   RO         9033    i.__kernel_poly     m_wm.l(poly.o)
    0x08007670   0x00000130   Code   RO         9041    i.__kernel_sin      m_wm.l(sin_i.o)
    0x080077a0   0x00000014   Code   RO         9012    i.__mathlib_dbl_infnan  m_wm.l(dunder.o)
    0x080077b4   0x00000014   Code   RO         9013    i.__mathlib_dbl_infnan2  m_wm.l(dunder.o)
    0x080077c8   0x00000020   Code   RO         9014    i.__mathlib_dbl_invalid  m_wm.l(dunder.o)
    0x080077e8   0x00000020   Code   RO         9017    i.__mathlib_dbl_underflow  m_wm.l(dunder.o)
    0x08007808   0x0000002a   Code   RO         3595    i.abs_limit         pid.o
    0x08007832   0x00000010   Code   RO         8996    i.atan              m_wm.l(atan.o)
    0x08007842   0x00000002   PAD
    0x08007844   0x00000078   Code   RO         6614    i.bmi270_init       bmi270.o
    0x080078bc   0x00000002   Code   RO         6462    i.bmi2_error_codes_print_result  bmi2_common.o
    0x080078be   0x00000036   Code   RO         5366    i.bmi2_extract_input_feat_config  bmi2.o
    0x080078f4   0x000000a0   Code   RO         5371    i.bmi2_get_feat_config  bmi2.o
    0x08007994   0x0000003c   Code   RO         5378    i.bmi2_get_gyro_cross_sense  bmi2.o
    0x080079d0   0x00000030   Code   RO         5381    i.bmi2_get_internal_status  bmi2.o
    0x08007a00   0x00000092   Code   RO         5382    i.bmi2_get_regs     bmi2.o
    0x08007a92   0x00000002   PAD
    0x08007a94   0x0000023a   Code   RO         5384    i.bmi2_get_sensor_config  bmi2.o
    0x08007cce   0x000002de   Code   RO         5385    i.bmi2_get_sensor_data  bmi2.o
    0x08007fac   0x00000026   Code   RO         5386    i.bmi2_get_status   bmi2.o
    0x08007fd2   0x00000002   PAD
    0x08007fd4   0x00000040   Code   RO         6463    i.bmi2_interface_selection  bmi2_common.o
    0x08008014   0x00000076   Code   RO         5387    i.bmi2_map_data_int  bmi2.o
    0x0800808a   0x00000002   PAD
    0x0800808c   0x00000064   Code   RO         5397    i.bmi2_sec_init     bmi2.o
    0x080080f0   0x00000038   Code   RO         5399    i.bmi2_sensor_enable  bmi2.o
    0x08008128   0x00000062   Code   RO         5401    i.bmi2_set_adv_power_save  bmi2.o
    0x0800818a   0x00000002   PAD
    0x0800818c   0x0000009c   Code   RO         5411    i.bmi2_set_regs     bmi2.o
    0x08008228   0x000001e6   Code   RO         5413    i.bmi2_set_sensor_config  bmi2.o
    0x0800840e   0x00000060   Code   RO         5414    i.bmi2_soft_reset   bmi2.o
    0x0800846e   0x00000056   Code   RO         5418    i.bmi2_write_config_file  bmi2.o
    0x080084c4   0x00000044   Code   RO         3596    i.cascade_pid_ctrl  pid.o
    0x08008508   0x00000044   Code   RO         3597    i.cascade_pid_ctrl_gimbal_pitch  pid.o
    0x0800854c   0x00000044   Code   RO         3598    i.cascade_pid_ctrl_gimbal_yaw  pid.o
    0x08008590   0x00000044   Code   RO         3599    i.cascade_pid_ctrl_mac_yaw  pid.o
    0x080085d4   0x00000044   Code   RO         3600    i.cascade_pid_ctrl_shoot  pid.o
    0x08008618   0x0000003e   Code   RO         5421    i.cfg_error_status  bmi2.o
    0x08008656   0x00000002   PAD
    0x08008658   0x0000006c   Code   RO         4410    i.chassis_speed_init  classis_motor.o
    0x080086c4   0x00000030   Code   RO         5422    i.check_boundary_val  bmi2.o
    0x080086f4   0x0000001a   Code   RO         5424    i.comp_gyro_cross_axis_sensitivity  bmi2.o
    0x0800870e   0x000000dc   Code   RO         5425    i.config_aux_interface  bmi2.o
    0x080087ea   0x00000002   PAD
    0x080087ec   0x00000018   Code   RO         4068    i.delay_us          haltick_drv.o
    0x08008804   0x00000018   Code   RO         3978    i.dma_m0_rxcplt_callback  uart_drv.o
    0x0800881c   0x00000018   Code   RO         3979    i.dma_m1_rxcplt_callback  uart_drv.o
    0x08008834   0x00000036   Code   RO         5432    i.extract_output_feat_config  bmi2.o
    0x0800886a   0x00000018   Code   RO         9027    i.fabs              m_wm.l(fabs.o)
    0x08008882   0x00000020   Code   RO         5433    i.get_acc_gyr_data  bmi2.o
    0x080088a2   0x0000004e   Code   RO         5434    i.get_accel_config  bmi2.o
    0x080088f0   0x00000068   Code   RO         5435    i.get_accel_self_test_status  bmi2.o
    0x08008958   0x0000008a   Code   RO         5436    i.get_any_motion_config  bmi2.o
    0x080089e2   0x000000aa   Code   RO         5437    i.get_aux_config    bmi2.o
    0x08008a8c   0x00000058   Code   RO         5439    i.get_ext_sens_sync_config  bmi2.o
    0x08008ae4   0x00000086   Code   RO         5440    i.get_flat_config   bmi2.o
    0x08008b6a   0x00000082   Code   RO         5441    i.get_free_fall_det_config  bmi2.o
    0x08008bec   0x00000058   Code   RO         5442    i.get_glance_detect_config  bmi2.o
    0x08008c44   0x0000005e   Code   RO         5443    i.get_gyro_config   bmi2.o
    0x08008ca2   0x00000072   Code   RO         5444    i.get_gyro_cross_sense  bmi2.o
    0x08008d14   0x0000008a   Code   RO         5445    i.get_gyro_gain_update_config  bmi2.o
    0x08008d9e   0x00000068   Code   RO         5446    i.get_gyro_gain_update_status  bmi2.o
    0x08008e06   0x000000a4   Code   RO         5447    i.get_high_g_config  bmi2.o
    0x08008eaa   0x00000092   Code   RO         5448    i.get_low_g_config  bmi2.o
    0x08008f3c   0x00000048   Code   RO         4937    i.get_motor_measure  motor.o
    0x08008f84   0x0000008a   Code   RO         5450    i.get_no_motion_config  bmi2.o
    0x0800900e   0x00000076   Code   RO         5451    i.get_nvm_error_status  bmi2.o
    0x08009084   0x000000b4   Code   RO         5452    i.get_ois_output    bmi2.o
    0x08009138   0x0000008c   Code   RO         5453    i.get_orient_config  bmi2.o
    0x080091c4   0x00000056   Code   RO         5456    i.get_remapped_data  bmi2.o
    0x0800921a   0x00000002   PAD
    0x0800921c   0x00000048   Code   RO         4938    i.get_shoot_motor_measure  motor.o
    0x08009264   0x000000be   Code   RO         5457    i.get_sig_motion_config  bmi2.o
    0x08009322   0x0000008a   Code   RO         5459    i.get_step_config   bmi2.o
    0x080093ac   0x000000aa   Code   RO         5460    i.get_step_count_params_config  bmi2.o
    0x08009456   0x0000006e   Code   RO         5461    i.get_step_counter_output  bmi2.o
    0x080094c4   0x00000058   Code   RO         5462    i.get_tilt_config   bmi2.o
    0x0800951c   0x00000058   Code   RO         5463    i.get_up_hold_to_wake_config  bmi2.o
    0x08009574   0x0000007c   Code   RO         5465    i.get_wake_up_config  bmi2.o
    0x080095f0   0x00000076   Code   RO         5466    i.get_wrist_gest_config  bmi2.o
    0x08009666   0x0000008a   Code   RO         5467    i.get_wrist_gest_w_config  bmi2.o
    0x080096f0   0x0000008e   Code   RO         5468    i.get_wrist_wear_wake_up_config  bmi2.o
    0x0800977e   0x0000009c   Code   RO         5469    i.get_wrist_wear_wake_up_wh_config  bmi2.o
    0x0800981a   0x00000044   Code   RO         4362    i.imu_sensor_check  imu.o
    0x0800985e   0x00000006   Code   RO         4363    i.imu_sensor_heart_beat  imu.o
    0x08009864   0x000000a0   Code   RO         5048    i.imu_sensor_init   imu_polotal.o
    0x08009904   0x0000005c   Code   RO         5049    i.imu_sensor_update  imu_polotal.o
    0x08009960   0x0000002c   Code   RO         5263    i.inVSqrt           bmi.o
    0x0800998c   0x00000002   Code   RO         4753    i.judge_sensor_check  judge_sensor_1.o
    0x0800998e   0x0000002e   Code   RO         4754    i.judge_sensor_heart_beat  judge_sensor_1.o
    0x080099bc   0x00000026   Code   RO         4788    i.judge_sensor_init  judge_infantryprotocol.o
    0x080099e2   0x000001e4   Code   RO         4789    i.judge_sensor_update  judge_infantryprotocol.o
    0x08009bc6   0x00000026   Code   RO         5264    i.lsb_to_dps        bmi.o
    0x08009bec   0x00000034   Code   RO         5265    i.lsb_to_mps2       bmi.o
    0x08009c20   0x0000003a   Code   RO           16    i.main              main.o
    0x08009c5a   0x0000000c   Code   RO         7976    i.makeFreeRtosPriority  cmsis_os.o
    0x08009c66   0x00000002   PAD
    0x08009c68   0x00000028   Code   RO         4069    i.micros            haltick_drv.o
    0x08009c90   0x00000008   Code   RO          410    i.motor             freertos.o
    0x08009c98   0x000000a0   Code   RO         6807    i.motor_offline_handle  offline_check.o
    0x08009d38   0x00000018   Code   RO         5471    i.null_ptr_check    bmi2.o
    0x08009d50   0x00000170   Code   RO         6808    i.offline_LED       offline_check.o
    0x08009ec0   0x00000010   Code   RO         7978    i.osDelay           cmsis_os.o
    0x08009ed0   0x0000000a   Code   RO         7981    i.osKernelStart     cmsis_os.o
    0x08009eda   0x0000005c   Code   RO         8015    i.osThreadCreate    cmsis_os.o
    0x08009f36   0x0000006c   Code   RO         3601    i.pid_calc          pid.o
    0x08009fa2   0x00000002   PAD
    0x08009fa4   0x00000090   Code   RO         3602    i.pid_calc_follow   pid.o
    0x0800a034   0x000000b8   Code   RO         3603    i.pid_calc_out_follow_yaw  pid.o
    0x0800a0ec   0x000000a0   Code   RO         3604    i.pid_calc_out_gimbal_pitch  pid.o
    0x0800a18c   0x0000009c   Code   RO         3605    i.pid_calc_out_mac_yaw  pid.o
    0x0800a228   0x0000006c   Code   RO         3606    i.pid_calc_shoot_continuous_flick  pid.o
    0x0800a294   0x0000006c   Code   RO         3607    i.pid_calc_shoot_friction  pid.o
    0x0800a300   0x0000006c   Code   RO         3608    i.pid_calc_shoot_single_flick  pid.o
    0x0800a36c   0x00000078   Code   RO         7647    i.prvAddCurrentTaskToDelayedList  tasks.o
    0x0800a3e4   0x00000088   Code   RO         7648    i.prvAddNewTaskToReadyList  tasks.o
    0x0800a46c   0x00000040   Code   RO         7649    i.prvCheckTasksWaitingTermination  tasks.o
    0x0800a4ac   0x00000040   Code   RO         7650    i.prvDeleteTCB      tasks.o
    0x0800a4ec   0x00000050   Code   RO         8343    i.prvHeapInit       heap_4.o
    0x0800a53c   0x00000028   Code   RO         7651    i.prvIdleTask       tasks.o
    0x0800a564   0x0000007e   Code   RO         7652    i.prvInitialiseNewTask  tasks.o
    0x0800a5e2   0x00000002   PAD
    0x0800a5e4   0x00000060   Code   RO         7653    i.prvInitialiseTaskLists  tasks.o
    0x0800a644   0x0000005c   Code   RO         8344    i.prvInsertBlockIntoFreeList  heap_4.o
    0x0800a6a0   0x00000024   Code   RO         7654    i.prvResetNextTaskUnblockTime  tasks.o
    0x0800a6c4   0x00000030   Code   RO         8412    i.prvTaskExitError  port.o
    0x0800a6f4   0x000000e8   Code   RO         8345    i.pvPortMalloc      heap_4.o
    0x0800a7dc   0x0000002c   Code   RO         8413    i.pxPortInitialiseStack  port.o
    0x0800a808   0x00000014   Code   RO         6809    i.rc_offline_handle  offline_check.o
    0x0800a81c   0x00000054   Code   RO         4194    i.rc_sensor_check   rc.o
    0x0800a870   0x00000028   Code   RO         4195    i.rc_sensor_heart_beat  rc.o
    0x0800a898   0x00000028   Code   RO         4196    i.rc_sensor_init    rc.o
    0x0800a8c0   0x000000d8   Code   RO         4197    i.rc_sensor_update  rc.o
    0x0800a998   0x00000034   Code   RO         8641    i.rc_task           rc_task.o
    0x0800a9cc   0x0000014e   Code   RO         5485    i.select_sensor     bmi2.o
    0x0800ab1a   0x00000002   PAD
    0x0800ab1c   0x000003c4   Code   RO         5488    i.sensor_enable     bmi2.o
    0x0800aee0   0x00000098   Code   RO         5489    i.set_accel_config  bmi2.o
    0x0800af78   0x00000056   Code   RO         5491    i.set_act_recog     bmi2.o
    0x0800afce   0x0000005a   Code   RO         5492    i.set_any_motion    bmi2.o
    0x0800b028   0x000000c6   Code   RO         5493    i.set_any_motion_config  bmi2.o
    0x0800b0ee   0x00000090   Code   RO         5494    i.set_aux_config    bmi2.o
    0x0800b17e   0x00000036   Code   RO         5495    i.set_config_load   bmi2.o
    0x0800b1b4   0x00000056   Code   RO         5496    i.set_double_tap    bmi2.o
    0x0800b20a   0x00000056   Code   RO         5497    i.set_ext_sens_sync  bmi2.o
    0x0800b260   0x0000008e   Code   RO         5498    i.set_ext_sens_sync_config  bmi2.o
    0x0800b2ee   0x00000002   PAD
    0x0800b2f0   0x00000068   Code   RO         5499    i.set_feat_accel_self_test  bmi2.o
    0x0800b358   0x00000056   Code   RO         5500    i.set_flat          bmi2.o
    0x0800b3ae   0x000000bc   Code   RO         5501    i.set_flat_config   bmi2.o
    0x0800b46a   0x00000056   Code   RO         5502    i.set_free_fall_det  bmi2.o
    0x0800b4c0   0x000000a8   Code   RO         5503    i.set_free_fall_det_config  bmi2.o
    0x0800b568   0x0000008e   Code   RO         5504    i.set_glance_detect_config  bmi2.o
    0x0800b5f6   0x00000056   Code   RO         5505    i.set_glance_detector  bmi2.o
    0x0800b64c   0x000000ac   Code   RO         5506    i.set_gyro_config   bmi2.o
    0x0800b6f8   0x00000056   Code   RO         5507    i.set_gyro_self_offset_corr  bmi2.o
    0x0800b74e   0x0000005a   Code   RO         5508    i.set_gyro_user_gain  bmi2.o
    0x0800b7a8   0x000000a2   Code   RO         5509    i.set_gyro_user_gain_config  bmi2.o
    0x0800b84a   0x0000005a   Code   RO         5510    i.set_high_g        bmi2.o
    0x0800b8a4   0x000000da   Code   RO         5511    i.set_high_g_config  bmi2.o
    0x0800b97e   0x0000005a   Code   RO         5513    i.set_low_g         bmi2.o
    0x0800b9d8   0x000000ba   Code   RO         5514    i.set_low_g_config  bmi2.o
    0x0800ba92   0x0000005a   Code   RO         5516    i.set_no_motion     bmi2.o
    0x0800baec   0x000000c6   Code   RO         5517    i.set_no_motion_config  bmi2.o
    0x0800bbb2   0x000000c6   Code   RO         5519    i.set_orient_config  bmi2.o
    0x0800bc78   0x00000056   Code   RO         5520    i.set_orientation   bmi2.o
    0x0800bcce   0x0000009e   Code   RO         5521    i.set_primary_ois_config  bmi2.o
    0x0800bd6c   0x0000005a   Code   RO         5523    i.set_sig_motion    bmi2.o
    0x0800bdc6   0x000000be   Code   RO         5524    i.set_sig_motion_config  bmi2.o
    0x0800be84   0x00000056   Code   RO         5525    i.set_single_tap    bmi2.o
    0x0800beda   0x0000005a   Code   RO         5526    i.set_step_activity  bmi2.o
    0x0800bf34   0x000000c0   Code   RO         5527    i.set_step_config   bmi2.o
    0x0800bff4   0x000000d4   Code   RO         5528    i.set_step_count_params_config  bmi2.o
    0x0800c0c8   0x0000005a   Code   RO         5529    i.set_step_counter  bmi2.o
    0x0800c122   0x0000005a   Code   RO         5530    i.set_step_detector  bmi2.o
    0x0800c17c   0x00000056   Code   RO         5531    i.set_tilt          bmi2.o
    0x0800c1d2   0x0000008e   Code   RO         5532    i.set_tilt_config   bmi2.o
    0x0800c260   0x00000056   Code   RO         5533    i.set_triple_tap    bmi2.o
    0x0800c2b6   0x00000056   Code   RO         5534    i.set_up_hold_to_wake  bmi2.o
    0x0800c30c   0x0000008e   Code   RO         5535    i.set_up_hold_to_wake_config  bmi2.o
    0x0800c39a   0x00000056   Code   RO         5536    i.set_wake_up       bmi2.o
    0x0800c3f0   0x000000bc   Code   RO         5537    i.set_wake_up_config  bmi2.o
    0x0800c4ac   0x000000b6   Code   RO         5538    i.set_wrist_gest_config  bmi2.o
    0x0800c562   0x000000c8   Code   RO         5539    i.set_wrist_gest_w_config  bmi2.o
    0x0800c62a   0x00000056   Code   RO         5540    i.set_wrist_gesture  bmi2.o
    0x0800c680   0x00000056   Code   RO         5541    i.set_wrist_gesture_wh  bmi2.o
    0x0800c6d6   0x00000056   Code   RO         5542    i.set_wrist_wear_wake_up  bmi2.o
    0x0800c72c   0x000000c8   Code   RO         5543    i.set_wrist_wear_wake_up_config  bmi2.o
    0x0800c7f4   0x00000056   Code   RO         5544    i.set_wrist_wear_wake_up_wh  bmi2.o
    0x0800c84a   0x000000fa   Code   RO         5545    i.set_wrist_wear_wake_up_wh_config  bmi2.o
    0x0800c944   0x0000000e   Code   RO         4548    i.shoot_flag_init   shoot_motor.o
    0x0800c952   0x00000002   PAD
    0x0800c954   0x00000024   Code   RO         7115    i.shoot_flick_wheel_follow_init  shoot.o
    0x0800c978   0x00000058   Code   RO         7116    i.shoot_flick_wheel_jam_handle_init  shoot.o
    0x0800c9d0   0x00000058   Code   RO         7117    i.shoot_flick_wheel_mac_init  shoot.o
    0x0800ca28   0x00000058   Code   RO         7118    i.shoot_flick_wheel_stop_init  shoot.o
    0x0800ca80   0x00000024   Code   RO         7119    i.shoot_left_friction_wheel_init  shoot.o
    0x0800caa4   0x00000154   Code   RO         4549    i.shoot_motor_running_fire  shoot_motor.o
    0x0800cbf8   0x00000068   Code   RO         4550    i.shoot_motor_running_fire_jam_judge  shoot_motor.o
    0x0800cc60   0x0000001c   Code   RO         4551    i.shoot_motor_running_fire_rc  shoot_motor.o
    0x0800cc7c   0x00000214   Code   RO         4552    i.shoot_motor_single_fire  shoot_motor.o
    0x0800ce90   0x00000044   Code   RO         4553    i.shoot_motor_single_fire_jam_judge  shoot_motor.o
    0x0800ced4   0x00000024   Code   RO         7120    i.shoot_right_friction_wheel_init  shoot.o
    0x0800cef8   0x00000010   Code   RO         4554    i.shoot_skip_init   shoot_motor.o
    0x0800cf08   0x00000054   Code   RO         4555    i.shoot_stop        shoot_motor.o
    0x0800cf5c   0x0000006e   Code   RO         9049    i.sqrt              m_wm.l(sqrt.o)
    0x0800cfca   0x00000002   PAD
    0x0800cfcc   0x000000a8   Code   RO         3980    i.uart_rx_idle_callback  uart_drv.o
    0x0800d074   0x00000040   Code   RO         5557    i.upload_file       bmi2.o
    0x0800d0b4   0x00000004   Code   RO         6467    i.user_delay_us     bmi2_common.o
    0x0800d0b8   0x00000024   Code   RO         6468    i.user_i2c_reg_read  bmi2_common.o
    0x0800d0dc   0x0000004c   Code   RO         6469    i.user_i2c_reg_write  bmi2_common.o
    0x0800d128   0x00000026   Code   RO         7273    i.uxListRemove      list.o
    0x0800d14e   0x00000002   PAD
    0x0800d150   0x00000014   Code   RO          412    i.vApplicationGetIdleTaskMemory  freertos.o
    0x0800d164   0x00000016   Code   RO         7274    i.vListInitialise   list.o
    0x0800d17a   0x00000006   Code   RO         7275    i.vListInitialiseItem  list.o
    0x0800d180   0x00000036   Code   RO         7276    i.vListInsert       list.o
    0x0800d1b6   0x00000018   Code   RO         7277    i.vListInsertEnd    list.o
    0x0800d1ce   0x00000002   PAD
    0x0800d1d0   0x00000040   Code   RO         8415    i.vPortEnterCritical  port.o
    0x0800d210   0x0000002c   Code   RO         8416    i.vPortExitCritical  port.o
    0x0800d23c   0x00000064   Code   RO         8346    i.vPortFree         heap_4.o
    0x0800d2a0   0x00000024   Code   RO         8417    i.vPortSetupTimerInterrupt  port.o
    0x0800d2c4   0x00000054   Code   RO         8418    i.vPortValidateInterruptPriority  port.o
    0x0800d318   0x00000050   Code   RO         7663    i.vTaskDelay        tasks.o
    0x0800d368   0x00000088   Code   RO         7676    i.vTaskStartScheduler  tasks.o
    0x0800d3f0   0x00000010   Code   RO         7678    i.vTaskSuspendAll   tasks.o
    0x0800d400   0x00000060   Code   RO         7679    i.vTaskSwitchContext  tasks.o
    0x0800d460   0x000000ac   Code   RO         4712    i.vision_check      vision_sensor.o
    0x0800d50c   0x0000002a   Code   RO         4713    i.vision_heart_beat  vision_sensor.o
    0x0800d536   0x00000020   Code   RO         4670    i.vision_init       vision_potocal.o
    0x0800d556   0x00000002   PAD
    0x0800d558   0x000000b8   Code   RO         4485    i.vision_test       gimbal_motor.o
    0x0800d610   0x00000086   Code   RO         4671    i.vision_update     vision_potocal.o
    0x0800d696   0x00000002   PAD
    0x0800d698   0x000000e4   Code   RO         5563    i.write_config_file  bmi2.o
    0x0800d77c   0x00000104   Code   RO         8419    i.xPortStartScheduler  port.o
    0x0800d880   0x0000006c   Code   RO         7682    i.xTaskCreate       tasks.o
    0x0800d8ec   0x00000060   Code   RO         7683    i.xTaskCreateStatic  tasks.o
    0x0800d94c   0x00000010   Code   RO         7689    i.xTaskGetTickCountFromISR  tasks.o
    0x0800d95c   0x000000d4   Code   RO         7690    i.xTaskIncrementTick  tasks.o
    0x0800da30   0x000000cc   Code   RO         7696    i.xTaskResumeAll    tasks.o
    0x0800dafc   0x00000018   Code   RO         8826    x$fpl$basic         fz_wm.l(basic.o)
    0x0800db14   0x00000062   Code   RO         8828    x$fpl$d2f           fz_wm.l(d2f.o)
    0x0800db76   0x00000002   PAD
    0x0800db78   0x00000150   Code   RO         8973    x$fpl$dadd          fz_wm.l(daddsub_clz.o)
    0x0800dcc8   0x00000018   Code   RO         9103    x$fpl$dcmpinf       fz_wm.l(dcmpi.o)
    0x0800dce0   0x000002b0   Code   RO         8980    x$fpl$ddiv          fz_wm.l(ddiv.o)
    0x0800df90   0x0000005e   Code   RO         9105    x$fpl$dfix          fz_wm.l(dfix.o)
    0x0800dfee   0x0000002e   Code   RO         8831    x$fpl$dflt          fz_wm.l(dflt_clz.o)
    0x0800e01c   0x00000026   Code   RO         8830    x$fpl$dfltu         fz_wm.l(dflt_clz.o)
    0x0800e042   0x00000002   PAD
    0x0800e044   0x00000078   Code   RO         8983    x$fpl$dleqf         fz_wm.l(dleqf.o)
    0x0800e0bc   0x00000154   Code   RO         8836    x$fpl$dmul          fz_wm.l(dmul.o)
    0x0800e210   0x0000009c   Code   RO         8985    x$fpl$dnaninf       fz_wm.l(dnaninf.o)
    0x0800e2ac   0x0000000c   Code   RO         8987    x$fpl$dretinf       fz_wm.l(dretinf.o)
    0x0800e2b8   0x0000006c   Code   RO         8838    x$fpl$drleqf        fz_wm.l(drleqf.o)
    0x0800e324   0x00000016   Code   RO         8974    x$fpl$drsb          fz_wm.l(daddsub_clz.o)
    0x0800e33a   0x00000002   PAD
    0x0800e33c   0x00000198   Code   RO         9109    x$fpl$dsqrt         fz_wm.l(dsqrt_umaal.o)
    0x0800e4d4   0x000001d4   Code   RO         8975    x$fpl$dsub          fz_wm.l(daddsub_clz.o)
    0x0800e6a8   0x00000056   Code   RO         8840    x$fpl$f2d           fz_wm.l(f2d.o)
    0x0800e6fe   0x0000008c   Code   RO         8989    x$fpl$fnaninf       fz_wm.l(fnaninf.o)
    0x0800e78a   0x0000000a   Code   RO         9111    x$fpl$fpinit        fz_wm.l(fpinit.o)
    0x0800e794   0x0000000a   Code   RO         8991    x$fpl$fretinf       fz_wm.l(fretinf.o)
    0x0800e79e   0x00000000   Code   RO         8993    x$fpl$usenofp       fz_wm.l(usenofp.o)
    0x0800e79e   0x00000002   PAD
    0x0800e7a0   0x000000fc   Data   RO          414    .constdata          freertos.o
    0x0800e89c   0x00000008   Data   RO         1568    .constdata          stm32f4xx_hal_dma.o
    0x0800e8a4   0x00000010   Data   RO         3558    .constdata          system_stm32f4xx.o
    0x0800e8b4   0x00000008   Data   RO         3559    .constdata          system_stm32f4xx.o
    0x0800e8bc   0x00000300   Data   RO         5201    .constdata          crc.o
    0x0800ebbc   0x00000006   Data   RO         5565    .constdata          bmi2.o
    0x0800ebc2   0x00002045   Data   RO         6615    .constdata          bmi270.o
    0x08010c07   0x00000001   PAD
    0x08010c08   0x00000050   Data   RO         8845    .constdata          m_wm.l(asin.o)
    0x08010c58   0x00000098   Data   RO         8997    .constdata          m_wm.l(atan.o)
    0x08010cf0   0x00000030   Data   RO         9009    .constdata          m_wm.l(cos_i.o)
    0x08010d20   0x00000008   Data   RO         9035    .constdata          m_wm.l(qnan.o)
    0x08010d28   0x000000c8   Data   RO         9038    .constdata          m_wm.l(rred.o)
    0x08010df0   0x00000028   Data   RO         9042    .constdata          m_wm.l(sin_i.o)
    0x08010e18   0x00000066   Data   RO          415    .conststring        freertos.o
    0x08010e7e   0x00000002   PAD
    0x08010e80   0x00000020   Data   RO         9200    Region$$Table       anon$$obj.o


    Execution Region RW_IRAM1 (Base: 0x20000000, Size: 0x00005ae0, Max: 0x0001c000, ABSOLUTE, COMPRESSED[0x000000ac])

    Base Addr    Size         Type   Attr      Idx    E Section Name        Object

    0x20000000   0x00000002   Data   RW           17    .data               main.o
    0x20000002   0x00000002   Data   RW           18    .data               main.o
    0x20000004   0x00000002   Data   RW           19    .data               main.o
    0x20000006   0x00000002   Data   RW           20    .data               main.o
    0x20000008   0x00000002   Data   RW           21    .data               main.o
    0x2000000a   0x00000002   Data   RW           22    .data               main.o
    0x2000000c   0x00000004   Data   RW           23    .data               main.o
    0x20000010   0x00000004   Data   RW           24    .data               main.o
    0x20000014   0x00000004   Data   RW           25    .data               main.o
    0x20000018   0x00000024   Data   RW          416    .data               freertos.o
    0x2000003c   0x00000004   Data   RW          508    .data               can.o
    0x20000040   0x0000000c   Data   RW         1995    .data               stm32f4xx_hal.o
    0x2000004c   0x00000004   Data   RW         3560    .data               system_stm32f4xx.o
    0x20000050   0x00000010   Data   RW         3752    .data               can_receive.o
    0x20000060   0x00000003   Data   RW         3753    .data               can_receive.o
    0x20000063   0x00000003   Data   RW         3754    .data               can_receive.o
    0x20000066   0x00000005   Data   RW         3755    .data               can_receive.o
    0x2000006b   0x00000001   PAD
    0x2000006c   0x00000004   Data   RW         4070    .data               haltick_drv.o
    0x20000070   0x00000090   Data   RW         4199    .data               rc.o
    0x20000100   0x00000008   Data   RW         4200    .data               rc.o
    0x20000108   0x00000001   Data   RW         4364    .data               imu.o
    0x20000109   0x00000003   PAD
    0x2000010c   0x00000020   Data   RW         4365    .data               imu.o
    0x2000012c   0x0000001c   Data   RW         4366    .data               imu.o
    0x20000148   0x00000024   Data   RW         4412    .data               classis_motor.o
    0x2000016c   0x00000001   Data   RW         4487    .data               gimbal_motor.o
    0x2000016d   0x00000003   PAD
    0x20000170   0x00000014   Data   RW         4488    .data               gimbal_motor.o
    0x20000184   0x0000003c   Data   RW         4557    .data               shoot_motor.o
    0x200001c0   0x00000058   Data   RW         4715    .data               vision_sensor.o
    0x20000218   0x0000001c   Data   RW         4716    .data               vision_sensor.o
    0x20000234   0x000000c0   Data   RW         4755    .data               judge_sensor_1.o
    0x200002f4   0x00000024   Data   RW         4756    .data               judge_sensor_1.o
    0x20000318   0x0000003c   Data   RW         4823    .data               slave.o
    0x20000354   0x00000018   Data   RW         4940    .data               motor.o
    0x2000036c   0x0000000c   Data   RW         5050    .data               imu_polotal.o
    0x20000378   0x00000002   Data   RW         5202    .data               crc.o
    0x2000037a   0x00000002   PAD
    0x2000037c   0x0000006c   Data   RW         5268    .data               bmi.o
    0x200003e8   0x00000002   Data   RW         6472    .data               bmi2_common.o
    0x200003ea   0x00000002   PAD
    0x200003ec   0x0000000c   Data   RW         6810    .data               offline_check.o
    0x200003f8   0x0000000c   Data   RW         6948    .data               key.o
    0x20000404   0x0000003c   Data   RW         7699    .data               tasks.o
    0x20000440   0x00000020   Data   RW         8352    .data               heap_4.o
    0x20000460   0x0000000c   Data   RW         8420    .data               port.o
    0x2000046c   0x00000254   Zero   RW          413    .bss                freertos.o
    0x200006c0   0x00000050   Zero   RW          507    .bss                can.o
    0x20000710   0x00000048   Zero   RW          581    .bss                tim.o
    0x20000758   0x000002ac   Zero   RW          630    .bss                usart.o
    0x20000a04   0x00000048   Zero   RW          824    .bss                stm32f4xx_hal_timebase_tim.o
    0x20000a4c   0x00000120   Zero   RW         3609    .bss                pid.o
    0x20000b6c   0x00000240   Zero   RW         3610    .bss                pid.o
    0x20000dac   0x00000048   Zero   RW         3611    .bss                pid.o
    0x20000df4   0x00000048   Zero   RW         3612    .bss                pid.o
    0x20000e3c   0x00000048   Zero   RW         3613    .bss                pid.o
    0x20000e84   0x00000048   Zero   RW         3615    .bss                pid.o
    0x20000ecc   0x00000048   Zero   RW         3616    .bss                pid.o
    0x20000f14   0x00000048   Zero   RW         3617    .bss                pid.o
    0x20000f5c   0x00000048   Zero   RW         3618    .bss                pid.o
    0x20000fa4   0x00000048   Zero   RW         3619    .bss                pid.o
    0x20000fec   0x00000048   Zero   RW         3620    .bss                pid.o
    0x20001034   0x00000048   Zero   RW         3621    .bss                pid.o
    0x2000107c   0x00000038   Zero   RW         3751    .bss                can_receive.o
    0x200010b4   0x000002ec   Zero   RW         3981    .bss                uart_drv.o
    0x200013a0   0x0000015c   Zero   RW         4198    .bss                rc.o
    0x200014fc   0x00000064   Zero   RW         4411    .bss                classis_motor.o
    0x20001560   0x00000024   Zero   RW         4486    .bss                gimbal_motor.o
    0x20001584   0x00000016   Zero   RW         4556    .bss                shoot_motor.o
    0x2000159a   0x00000002   PAD
    0x2000159c   0x00000188   Zero   RW         4939    .bss                motor.o
    0x20001724   0x00000004   PAD
    0x20001728   0x00000068   Zero   RW         5267    .bss                bmi.o
    0x20001790   0x000000f0   Zero   RW         7698    .bss                tasks.o
    0x20001880   0x00003c00   Zero   RW         8351    .bss                heap_4.o
    0x20005480   0x00000060   Zero   RW         9062    .bss                c_w.l(libspace.o)
    0x200054e0   0x00000200   Zero   RW            2    HEAP                startup_stm32f407xx.o
    0x200056e0   0x00000400   Zero   RW            1    STACK               startup_stm32f407xx.o


    Execution Region RW_IRAM2 (Base: 0x2001c000, Size: 0x00000000, Max: 0x00004000, ABSOLUTE)

    **** No section assigned to this execution region ****


==============================================================================

Image component sizes


      Code (inc. data)   RO Data    RW Data    ZI Data      Debug   Object Name

      1720         56          0        108        104      48353   bmi.o
     15630        116          6          0          0     117974   bmi2.o
       120         10       8261          0          0       1666   bmi270.o
       354         30          0          2          0       5730   bmi2_common.o
       396         46          0          4         80       2566   can.o
        32          4          0          0          0       1722   can_protocal.o
       218         34          0         27         56     576071   can_receive.o
       160         18          0          0          0       1173   chassis.o
      2516        178          0         36        100      11869   classis_motor.o
        80         18          0          0          0        629   classis_task.o
       130          0          0          0          0      23203   cmsis_os.o
       178         18        768          2          0       3575   crc.o
       108          4          0          0          0        842   dma.o
         0          0          0          0          0      16948   event_groups.o
       252         14        354         36        596       8272   freertos.o
       412         50          0          0          0       1922   gimbal.o
      1272        240          0         21         36       5524   gimbal_motor.o
       164         30          0          0          0        676   gimbal_task.o
       200         12          0          0          0       1079   gpio.o
       116         24          0          4          0       2266   haltick_drv.o
       504         32          0         32      15360       7687   heap_4.o
        86          6          0         61          0       3350   imu.o
       252         10          0         12          0       3546   imu_polotal.o
       100         38          0          0          0        581   imu_task.o
       522          0          0          0          0       2646   judge_infantryprotocol.o
        48          0          0        228          0       1810   judge_sensor_1.o
        20          4          0          0          0        541   judge_task.o
      1592        316          0         12          0       9150   key.o
       144          0          0          0          0       3678   list.o
       228         10          0         24          0     731845   main.o
       524         74          0         24        392       7578   motor.o
       872        110          0         12          0      40838   offline_check.o
      1468         32          0          0       1584      13869   pid.o
       814         92          0         12          0      12181   port.o
       196         22          0          0          0       3376   power_limit.o
      1320        114          0        152        348      23651   rc.o
        52         10          0          0          0        558   rc_task.o
        70         10          0          0          0       1128   rp_init.o
       100          8          0          0          0       1352   s_function.o
       372         92          0          0          0       3542   shoot.o
      1746        232          0         60         22      17645   shoot_motor.o
       208         34          0          0          0        695   shoot_task.o
       156         10          0         60          0       3527   slave.o
       544         62          0          0          0       4131   soft_iic.o
        64         26        392          0       1536        856   startup_stm32f407xx.o
        64         10          0         12          0       7656   stm32f4xx_hal.o
      1638          6          0          0          0      14607   stm32f4xx_hal_can.o
       158         14          0          0          0      33238   stm32f4xx_hal_cortex.o
       934         16          8          0          0       5735   stm32f4xx_hal_dma.o
       506         46          0          0          0       2240   stm32f4xx_hal_gpio.o
        56          4          0          0          0        902   stm32f4xx_hal_msp.o
      1412         86          0          0          0       6013   stm32f4xx_hal_rcc.o
      2144        146          0          0          0      18069   stm32f4xx_hal_tim.o
       232         28          0          0          0       3357   stm32f4xx_hal_tim_ex.o
       152         18          0          0         72       1531   stm32f4xx_hal_timebase_tim.o
      1276         16          0          0          0       8516   stm32f4xx_hal_uart.o
       156         60          0          0          0       7897   stm32f4xx_it.o
         0          0          0          0          0        384   stream_buffer.o
        16          4         24          4          0       1175   system_stm32f4xx.o
      1646        146          0         60        240      21624   tasks.o
       344         32          0          0         72       2554   tim.o
        64         24          0          0          0       2609   tim_drv.o
      1086         70          0          0        748       7236   uart_drv.o
       804         74          0          0        684       3763   usart.o
        80         14          0          0          0       2372   usart_potocal.o
       178          6          0          0          0       4739   vision_potocal.o
       214         14          0        116          0       4504   vision_sensor.o
        20          6          0          0          0        560   vision_task.o

    ----------------------------------------------------------------------
     49310       3086       9848       1132      22036    1893102   Object Totals
         0          0         32          0          0          0   (incl. Generated)
        70          0          3         11          6          0   (incl. Padding)

    ----------------------------------------------------------------------

      Code (inc. data)   RO Data    RW Data    ZI Data      Debug   Library Member Name

        90          0          0          0          0          0   __dczerorl2.o
         8          0          0          0          0         68   __main.o
         0          0          0          0          0          0   __rtentry.o
        12          0          0          0          0          0   __rtentry2.o
         6          0          0          0          0          0   __rtentry4.o
        52          8          0          0          0          0   __scatter.o
        28          0          0          0          0          0   __scatter_zi.o
        22          0          0          0          0        100   _rserrno.o
        10          0          0          0          0         68   defsig_exit.o
        50          0          0          0          0         88   defsig_general.o
        80         58          0          0          0         76   defsig_rtmem_inner.o
        14          0          0          0          0         80   defsig_rtmem_outer.o
        18          0          0          0          0         80   exit.o
        94          0          0          0          0         80   h1_alloc.o
        52          0          0          0          0         68   h1_extend.o
        78          0          0          0          0         80   h1_free.o
        14          0          0          0          0         84   h1_init.o
         6          0          0          0          0        152   heapauxi.o
         4          0          0          0          0        136   hguard.o
         0          0          0          0          0          0   indicate_semi.o
       138          0          0          0          0        168   init_alloc.o
         2          0          0          0          0          0   libinit.o
        14          0          0          0          0          0   libinit2.o
         2          0          0          0          0          0   libshutdown.o
         2          0          0          0          0          0   libshutdown2.o
         8          4          0          0         96         68   libspace.o
       238          0          0          0          0        100   lludivv7m.o
         0          0          0          0          0          0   maybetermalloc1.o
         8          4          0          0          0         68   rt_errno_addr_intlibspace.o
         8          4          0          0          0         68   rt_heap_descriptor_intlibspace.o
        68          0          0          0          0         68   rt_memclr.o
        78          0          0          0          0         80   rt_memclr_w.o
       138          0          0          0          0         68   rt_memcpy_v6.o
       100          0          0          0          0         80   rt_memcpy_w.o
         2          0          0          0          0          0   rtexit.o
        10          0          0          0          0          0   rtexit2.o
        12          4          0          0          0         68   sys_exit.o
        74          0          0          0          0         80   sys_stackheap_outer.o
        14          0          0          0          0         76   sys_wrch.o
         2          0          0          0          0         68   use_no_semi.o
        24          0          0          0          0        164   basic.o
        98          4          0          0          0        140   d2f.o
       826         16          0          0          0        492   daddsub_clz.o
        24          0          0          0          0        116   dcmpi.o
       688        140          0          0          0        256   ddiv.o
        94          4          0          0          0        140   dfix.o
        84          0          0          0          0        232   dflt_clz.o
       120          4          0          0          0        140   dleqf.o
       340         12          0          0          0        152   dmul.o
       156          4          0          0          0        140   dnaninf.o
        12          0          0          0          0        116   dretinf.o
       108          0          0          0          0        128   drleqf.o
       408         56          0          0          0        168   dsqrt_umaal.o
        86          4          0          0          0        132   f2d.o
       140          4          0          0          0        132   fnaninf.o
        10          0          0          0          0        116   fpinit.o
        10          0          0          0          0        116   fretinf.o
         0          0          0          0          0          0   usenofp.o
       864         94         80          0          0        280   asin.o
       744        106        152          0          0        352   atan.o
       496         64          0          0          0        192   atan2.o
       200         20          0          0          0        164   cos.o
       368         46         48          0          0        200   cos_i.o
       104         16          0          0          0        496   dunder.o
        24          0          0          0          0        124   fabs.o
        48          0          0          0          0        124   fpclassify.o
       248          0          0          0          0        152   poly.o
         0          0          8          0          0          0   qnan.o
      1080        142        200          0          0        188   rred.o
       200         20          0          0          0        164   sin.o
       304         24         40          0          0        208   sin_i.o
       110          0          0          0          0        148   sqrt.o

    ----------------------------------------------------------------------
      9594        862        528          0         96       7892   Library Totals
        20          0          0          0          0          0   (incl. Padding)

    ----------------------------------------------------------------------

      Code (inc. data)   RO Data    RW Data    ZI Data      Debug   Library Name

      1556         82          0          0         96       2220   c_w.l
      3228        248          0          0          0       2880   fz_wm.l
      4790        532        528          0          0       2792   m_wm.l

    ----------------------------------------------------------------------
      9594        862        528          0         96       7892   Library Totals

    ----------------------------------------------------------------------

==============================================================================


      Code (inc. data)   RO Data    RW Data    ZI Data      Debug   

     58904       3948      10376       1132      22132    1854898   Grand Totals
     58904       3948      10376        172      22132    1854898   ELF Image Totals (compressed)
     58904       3948      10376        172          0          0   ROM Totals

==============================================================================

    Total RO  Size (Code + RO Data)                69280 (  67.66kB)
    Total RW  Size (RW Data + ZI Data)             23264 (  22.72kB)
    Total ROM Size (Code + RO Data + RW Data)      69452 (  67.82kB)

==============================================================================

