<html>
<body>
<pre>
<h1>µVision Build Log</h1>
<h2>Tool Versions:</h2>
IDE-Version: ¦ÌVision V5.20.0.0
Copyright (C) 2016 ARM Ltd and ARM Germany GmbH. All rights reserved.
License Information: £¬ Zhangshuo, £¬, LIC=IK1BF-6XI17-NN3AF-6VVMW-GH9EK-RX8BL
 
Tool Versions:
Toolchain:       MDK-ARM Plus  Version: 5.20
Toolchain Path:  D:\MDK5\ARM\ARMCC\Bin
C Compiler:      Armcc.exe V5.06 update 2 (build 183)
Assembler:       Armasm.exe V5.06 update 2 (build 183)
Linker/Locator:  ArmLink.exe V5.06 update 2 (build 183)
Library Manager: ArmAr.exe V5.06 update 2 (build 183)
Hex Converter:   FromElf.exe V5.06 update 2 (build 183)
CPU DLL:         SARMCM3.DLL V5.20
Dialog DLL:      DCM.DLL V1.13.7.0
Target DLL:      CMSIS_AGDI.dll V1.25.20.0
Dialog DLL:      TCM.DLL V1.14.9.0
 
<h2>Project:</h2>
C:\Users\Zhangshuo\Desktop\file\2023Infantry\2023 Infantry_Code_Competition\MDK-ARM\CAN_Motor.uvprojx
Project File Date:  05/23/2023

<h2>Output:</h2>
*** Using Compiler 'V5.06 update 2 (build 183)', folder: 'D:\MDK5\ARM\ARMCC\Bin'
Build target 'CAN_Motor'
compiling usart_potocal.c...
compiling rc.c...
compiling Power_Limit.c...
compiling CAN_send.c...
..\application\Can\CAN_send.c(77): warning:  #1-D: last line of file ends without a newline
  }
..\application\Can\CAN_send.c: 1 warning, 0 errors
compiling stm32f4xx_it.c...
compiling Motor.c...
compiling gimbal_motor.c...
compiling vision_sensor.c...
compiling main.c...
compiling CAN_receive.c...
compiling shoot_motor.c...
..\application\application_device\shoot_motor.c(576): warning:  #1035-D: single-precision operand implicitly converted to double-precision
  		if(shoot_limit - 0.5 <= shoot_speed_now ||low_speed_time_num == 3 )
..\application\application_device\shoot_motor.c(619): warning:  #550-D: variable "tem_err_L" was set but never used
  	int16_t tem_err_L,tem_err_R;
..\application\application_device\shoot_motor.c(619): warning:  #550-D: variable "tem_err_R" was set but never used
  	int16_t tem_err_L,tem_err_R;
..\application\application_device\shoot_motor.c: 3 warnings, 0 errors
compiling classis_motor.c...
compiling pid.c...
compiling super_cap.c...
compiling slave.c...
compiling S_function.c...
compiling Offline_check.c...
compiling Vision_task.c...
compiling Gimbal_task.c...
compiling Shoot.c...
compiling Chassis.c...
compiling Gimbal.c...
compiling Shoot_task.c...
compiling can_protocal.c...
compiling Cap_protocal.c...
compiling Classis_task.c...
compiling key.c...
compiling Rc_task.c...
compiling Judge_task.c...
compiling UI.c...
compiling Normal_task.c...
compiling rp_init.c...
compiling Auto_Aim.c...
linking...
Program Size: Code=69296 RO-data=10460 RW-data=1324 ZI-data=23556  
FromELF: creating hex file...
"CAN_Motor\Infantry_2022.axf" - 0 Error(s), 4 Warning(s).

<h2>Software Packages used:</h2>

Package Vendor: ARM
                http://www.keil.com/pack/ARM.CMSIS.4.5.0.pack
                ARM::CMSIS:CORE:4.3.0
                CMSIS (Cortex Microcontroller Software Interface Standard)
   * Component: CORE Version: 4.3.0

<h2>Collection of Component include folders:</h2>
  C:\Users\Zhangshuo\Desktop\file\2023Infantry\2023 Infantry_Code_Competition\MDK-ARM\RTE
  D:\MDK5\ARM\PACK\ARM\CMSIS\4.5.0\CMSIS\Include
  D:\MDK5\ARM\PACK\Keil\STM32F4xx_DFP\2.16.0\Drivers\CMSIS\Device\ST\STM32F4xx\Include

<h2>Collection of Component Files used:</h2>

   * Component: ARM::CMSIS:CORE:4.3.0
Build Time Elapsed:  00:00:20
</pre>
</body>
</html>
