Component: ARM Compiler 5.06 update 2 (build 183) Tool: armlink [4d35b7]

==============================================================================

Section Cross References

    startup_stm32f407xx.o(STACK) refers (Special) to heapauxi.o(.text) for __use_two_region_memory
    startup_stm32f407xx.o(HEAP) refers (Special) to heapauxi.o(.text) for __use_two_region_memory
    startup_stm32f407xx.o(RESET) refers (Special) to heapauxi.o(.text) for __use_two_region_memory
    startup_stm32f407xx.o(RESET) refers to startup_stm32f407xx.o(STACK) for __initial_sp
    startup_stm32f407xx.o(RESET) refers to startup_stm32f407xx.o(.text) for Reset_Handler
    startup_stm32f407xx.o(RESET) refers to stm32f4xx_it.o(i.NMI_Handler) for NMI_Handler
    startup_stm32f407xx.o(RESET) refers to stm32f4xx_it.o(i.HardFault_Handler) for HardFault_Handler
    startup_stm32f407xx.o(RESET) refers to stm32f4xx_it.o(i.MemManage_Handler) for MemManage_Handler
    startup_stm32f407xx.o(RESET) refers to stm32f4xx_it.o(i.BusFault_Handler) for BusFault_Handler
    startup_stm32f407xx.o(RESET) refers to stm32f4xx_it.o(i.UsageFault_Handler) for UsageFault_Handler
    startup_stm32f407xx.o(RESET) refers to port.o(.emb_text) for SVC_Handler
    startup_stm32f407xx.o(RESET) refers to stm32f4xx_it.o(i.DebugMon_Handler) for DebugMon_Handler
    startup_stm32f407xx.o(RESET) refers to port.o(i.SysTick_Handler) for SysTick_Handler
    startup_stm32f407xx.o(RESET) refers to stm32f4xx_it.o(i.DMA1_Stream0_IRQHandler) for DMA1_Stream0_IRQHandler
    startup_stm32f407xx.o(RESET) refers to stm32f4xx_it.o(i.DMA1_Stream1_IRQHandler) for DMA1_Stream1_IRQHandler
    startup_stm32f407xx.o(RESET) refers to stm32f4xx_it.o(i.DMA1_Stream3_IRQHandler) for DMA1_Stream3_IRQHandler
    startup_stm32f407xx.o(RESET) refers to stm32f4xx_it.o(i.DMA1_Stream5_IRQHandler) for DMA1_Stream5_IRQHandler
    startup_stm32f407xx.o(RESET) refers to stm32f4xx_it.o(i.CAN1_RX0_IRQHandler) for CAN1_RX0_IRQHandler
    startup_stm32f407xx.o(RESET) refers to stm32f4xx_it.o(i.TIM2_IRQHandler) for TIM2_IRQHandler
    startup_stm32f407xx.o(RESET) refers to stm32f4xx_it.o(i.USART2_IRQHandler) for USART2_IRQHandler
    startup_stm32f407xx.o(RESET) refers to stm32f4xx_it.o(i.USART3_IRQHandler) for USART3_IRQHandler
    startup_stm32f407xx.o(RESET) refers to stm32f4xx_it.o(i.DMA1_Stream7_IRQHandler) for DMA1_Stream7_IRQHandler
    startup_stm32f407xx.o(RESET) refers to stm32f4xx_it.o(i.UART5_IRQHandler) for UART5_IRQHandler
    startup_stm32f407xx.o(RESET) refers to stm32f4xx_it.o(i.CAN2_RX0_IRQHandler) for CAN2_RX0_IRQHandler
    startup_stm32f407xx.o(.text) refers (Special) to heapauxi.o(.text) for __use_two_region_memory
    startup_stm32f407xx.o(.text) refers to system_stm32f4xx.o(i.SystemInit) for SystemInit
    startup_stm32f407xx.o(.text) refers to __main.o(!!!main) for __main
    startup_stm32f407xx.o(.text) refers to startup_stm32f407xx.o(HEAP) for Heap_Mem
    startup_stm32f407xx.o(.text) refers to startup_stm32f407xx.o(STACK) for Stack_Mem
    main.o(i.HAL_TIM_PeriodElapsedCallback) refers to haltick_drv.o(i.HAL_IncTick) for HAL_IncTick
    main.o(i.SystemClock_Config) refers to rt_memclr_w.o(.text) for __aeabi_memclr4
    main.o(i.SystemClock_Config) refers to stm32f4xx_hal_rcc.o(i.HAL_RCC_OscConfig) for HAL_RCC_OscConfig
    main.o(i.SystemClock_Config) refers to stm32f4xx_hal_rcc.o(i.HAL_RCC_ClockConfig) for HAL_RCC_ClockConfig
    main.o(i.main) refers to stm32f4xx_hal.o(i.HAL_Init) for HAL_Init
    main.o(i.main) refers to main.o(i.SystemClock_Config) for SystemClock_Config
    main.o(i.main) refers to gpio.o(i.MX_GPIO_Init) for MX_GPIO_Init
    main.o(i.main) refers to imu.o(i.Init_Imu) for Init_Imu
    main.o(i.main) refers to stm32f4xx_hal.o(i.HAL_Delay) for HAL_Delay
    main.o(i.main) refers to dma.o(i.MX_DMA_Init) for MX_DMA_Init
    main.o(i.main) refers to can.o(i.MX_CAN1_Init) for MX_CAN1_Init
    main.o(i.main) refers to usart.o(i.MX_USART2_UART_Init) for MX_USART2_UART_Init
    main.o(i.main) refers to can.o(i.MX_CAN2_Init) for MX_CAN2_Init
    main.o(i.main) refers to tim.o(i.MX_TIM1_Init) for MX_TIM1_Init
    main.o(i.main) refers to usart.o(i.MX_USART3_UART_Init) for MX_USART3_UART_Init
    main.o(i.main) refers to usart.o(i.MX_UART5_Init) for MX_UART5_Init
    main.o(i.main) refers to rp_init.o(i.DEVICE_Init) for DEVICE_Init
    main.o(i.main) refers to rp_init.o(i.DRIVER_Init) for DRIVER_Init
    main.o(i.main) refers to freertos.o(i.MX_FREERTOS_Init) for MX_FREERTOS_Init
    main.o(i.main) refers to cmsis_os.o(i.osKernelStart) for osKernelStart
    gpio.o(i.MX_GPIO_Init) refers to rt_memclr_w.o(.text) for __aeabi_memclr4
    gpio.o(i.MX_GPIO_Init) refers to stm32f4xx_hal_gpio.o(i.HAL_GPIO_WritePin) for HAL_GPIO_WritePin
    gpio.o(i.MX_GPIO_Init) refers to stm32f4xx_hal_gpio.o(i.HAL_GPIO_Init) for HAL_GPIO_Init
    freertos.o(i.MX_FREERTOS_Init) refers to rt_memcpy_w.o(.text) for __aeabi_memcpy4
[...]
    bullet_num_permit                        0x200001c0   Data           4  shoot_motor.o(.data)
    shoot_limit                              0x200001c4   Data           4  shoot_motor.o(.data)
    shoot_speed_now                          0x200001c8   Data           4  shoot_motor.o(.data)
    shoot_speed_limit_last                   0x200001cc   Data           4  shoot_motor.o(.data)
    shoot_adot                               0x200001d0   Data           4  shoot_motor.o(.data)
    speed_high_flg                           0x200001d4   Data           4  shoot_motor.o(.data)
    shoot_recode                             0x200001d8   Data          72  shoot_motor.o(.data)
    vision_sensor_info                       0x20000220   Data         100  vision_sensor.o(.data)
    Rx_Cmd_id                                0x20000284   Data           1  vision_sensor.o(.data)
    vision_sensor                            0x20000288   Data          28  vision_sensor.o(.data)
    judge_info                               0x200002a4   Data         192  judge_sensor_1.o(.data)
    judge_sensor                             0x20000364   Data          36  judge_sensor_1.o(.data)
    can_judge_data                           0x2000038c   Data           8  slave.o(.data)
    SLAVE                                    0x20000394   Data          48  slave.o(.data)
    CAP_RP_2023                              0x200003c4   Data          28  super_cap.o(.data)
    motor_offline_check                      0x200003f8   Data          12  motor.o(.data)
    chassis_motor_info                       0x20000404   Data           6  motor.o(.data)
    gimbal_motor_info                        0x2000040a   Data           4  motor.o(.data)
    shoot_motor_info                         0x2000040e   Data           5  motor.o(.data)
    gyrox                                    0x20000414   Data           2  imu_polotal.o(.data)
    gyroy                                    0x20000416   Data           2  imu_polotal.o(.data)
    gyroz                                    0x20000418   Data           2  imu_polotal.o(.data)
    accx                                     0x2000041a   Data           2  imu_polotal.o(.data)
    accy                                     0x2000041c   Data           2  imu_polotal.o(.data)
    accz                                     0x2000041e   Data           2  imu_polotal.o(.data)
    Cap_output_limit                         0x20000420   Data           2  cap_protocal.o(.data)
    can_data_0x2E                            0x20000422   Data           8  cap_protocal.o(.data)
    can_data_0x2F                            0x2000042a   Data           8  cap_protocal.o(.data)
    CRC_INIT                                 0x20000432   Data           2  crc.o(.data)
    Kp                                       0x20000434   Data           4  bmi.o(.data)
    Ki                                       0x20000438   Data           4  bmi.o(.data)
    halfT                                    0x2000043c   Data           4  bmi.o(.data)
    q0                                       0x20000440   Data           4  bmi.o(.data)
    q1                                       0x20000444   Data           4  bmi.o(.data)
    q2                                       0x20000448   Data           4  bmi.o(.data)
    q3                                       0x2000044c   Data           4  bmi.o(.data)
    norm                                     0x20000450   Data           4  bmi.o(.data)
    vx                                       0x20000454   Data           4  bmi.o(.data)
    vy                                       0x20000458   Data           4  bmi.o(.data)
    vz                                       0x2000045c   Data           4  bmi.o(.data)
    ex                                       0x20000460   Data           4  bmi.o(.data)
    ey                                       0x20000464   Data           4  bmi.o(.data)
    ez                                       0x20000468   Data           4  bmi.o(.data)
    gx                                       0x2000046c   Data           4  bmi.o(.data)
    gy                                       0x20000470   Data           4  bmi.o(.data)
    gz                                       0x20000474   Data           4  bmi.o(.data)
    ax                                       0x20000478   Data           4  bmi.o(.data)
    ay                                       0x2000047c   Data           4  bmi.o(.data)
    az                                       0x20000480   Data           4  bmi.o(.data)
    exInt                                    0x20000484   Data           4  bmi.o(.data)
    eyInt                                    0x20000488   Data           4  bmi.o(.data)
    ezInt                                    0x2000048c   Data           4  bmi.o(.data)
    q0temp                                   0x20000490   Data           4  bmi.o(.data)
    q1temp                                   0x20000494   Data           4  bmi.o(.data)
    q2temp                                   0x20000498   Data           4  bmi.o(.data)
    q3temp                                   0x2000049c   Data           4  bmi.o(.data)
    MPU_ADDR                                 0x200004a0   Data           1  bmi2_common.o(.data)
    Offline_flag                             0x200004a4   Data           2  offline_check.o(.data)
    current_led_cnt                          0x200004a6   Data           2  offline_check.o(.data)
    ALL_Reset                                0x200004a8   Data           3  offline_check.o(.data)
    RC_Sleep                                 0x200004ac   Data           4  offline_check.o(.data)
    single_shoot_flag                        0x200004b0   Data           1  key.o(.data)
    Key_R_Fast_Shoot                         0x200004b1   Data           1  key.o(.data)
    Shoot_Permit                             0x200004b2   Data           1  key.o(.data)
    fast_180_flag                            0x200004b3   Data           1  key.o(.data)
    TURN_45_FLAG                             0x200004b4   Data           1  key.o(.data)
    High_Spd                                 0x200004b5   Data           1  key.o(.data)
    Low_Spd                                  0x200004b6   Data           1  key.o(.data)
    Enemy                                    0x200004b7   Data           1  key.o(.data)
    KEY_Q_Speed_z                            0x200004b8   Data           2  key.o(.data)
    KEY_E_Speed_z                            0x200004ba   Data           2  key.o(.data)
    change_target_flag                       0x200004bc   Data           2  key.o(.data)
    change_target                            0x200004be   Data           2  key.o(.data)
    pxCurrentTCB                             0x200004c0   Data           4  tasks.o(.data)
    Vision_Mode                              0x20000528   Data           1  auto_aim.o(.data)
    Color_Record                             0x20000529   Data           1  auto_aim.o(.data)
    hcan1                                    0x20000780   Data          40  can.o(.bss)
    hcan2                                    0x200007a8   Data          40  can.o(.bss)
    htim1                                    0x200007d0   Data          72  tim.o(.bss)
    huart5                                   0x20000818   Data          68  usart.o(.bss)
    huart2                                   0x2000085c   Data          68  usart.o(.bss)
    huart3                                   0x200008a0   Data          68  usart.o(.bss)
    hdma_uart5_rx                            0x200008e4   Data          96  usart.o(.bss)
    hdma_uart5_tx                            0x20000944   Data          96  usart.o(.bss)
    hdma_usart2_rx                           0x200009a4   Data          96  usart.o(.bss)
    hdma_usart3_rx                           0x20000a04   Data          96  usart.o(.bss)
    hdma_usart3_tx                           0x20000a64   Data          96  usart.o(.bss)
    htim2                                    0x20000ac4   Data          72  stm32f4xx_hal_timebase_tim.o(.bss)
    pid_pos                                  0x20000b0c   Data         288  pid.o(.bss)
    pid_spd                                  0x20000c2c   Data         576  pid.o(.bss)
    pid_shoot_left_friction_wheel_spd        0x20000e6c   Data          72  pid.o(.bss)
    pid_shoot_right_friction_wheel_spd       0x20000eb4   Data          72  pid.o(.bss)
    pid_shoot_flick_wheel_follow_spd         0x20000efc   Data          72  pid.o(.bss)
    pid_shoot_flick_wheel_mac_spd            0x20000f44   Data          72  pid.o(.bss)
    pid_shoot_flick_wheel_mac_pos            0x20000f8c   Data          72  pid.o(.bss)
    pid_shoot_change_barrel_spd              0x20000fd4   Data          72  pid.o(.bss)
    pid_shoot_change_barrel_pos              0x2000101c   Data          72  pid.o(.bss)
    pid_shoot_flick_wheel_jam_spd            0x20001064   Data          72  pid.o(.bss)
    pid_shoot_flick_wheel_jam_pos            0x200010ac   Data          72  pid.o(.bss)
    pid_shoot_flick_wheel_stop_pos           0x200010f4   Data          72  pid.o(.bss)
    pid_shoot_flick_wheel_stop_spd           0x2000113c   Data          72  pid.o(.bss)
    pid_spd_follow                           0x20001184   Data          72  pid.o(.bss)
    hcan1RxFrame                             0x200011cc   Data          28  can_receive.o(.bss)
    hcan2RxFrame                             0x200011e8   Data          28  can_receive.o(.bss)
    hcan1TxFrame                             0x20001204   Data          32  can_send.o(.bss)
    hcan2TxFrame                             0x20001224   Data          32  can_send.o(.bss)
    usart2_dma_rxbuf                         0x20001244   Data          48  uart_drv.o(.bss)
    usart3_dma_rxbuf                         0x20001274   Data         350  uart_drv.o(.bss)
    usart5_dma_rxbuf                         0x200013d2   Data         350  uart_drv.o(.bss)
    Keyboard                                 0x20001530   Data         348  rc.o(.bss)
    Gimbal_angle                             0x2000168c   Data          36  gimbal_motor.o(.bss)
    chassis_speed                            0x200016b0   Data         100  classis_motor.o(.bss)
    shoot_skip                               0x20001718   Data          12  shoot_motor.o(.bss)
    shoot_flag                               0x20001724   Data          10  shoot_motor.o(.bss)
    change_barr                              0x20001730   Data          56  shoot_motor.o(.bss)
    vision_dma_txbuf                         0x20001768   Data          25  vision_sensor.o(.bss)
    motor_chassis_gimbal                     0x20001784   Data         192  motor.o(.bss)
    motor_shoot                              0x20001844   Data         128  motor.o(.bss)
    Cap_send_data                            0x2000190c   Data          14  cap_protocal.o(.bss)
    Cap_receive_data                         0x2000191c   Data          12  cap_protocal.o(.bss)
    bmi2_dev                                 0x20001928   Data         104  bmi.o(.bss)
    CliendTxBuffer                           0x20001990   Data         200  ui.o(.bss)
    Slaver_flag                              0x20001a58   Data          13  ui.o(.bss)
    tx_client_delete                         0x20001a65   Data          17  ui.o(.bss)
    tx_client_char                           0x20001a76   Data          60  ui.o(.bss)
    tx_client_graphic_figure                 0x20001ab2   Data          45  ui.o(.bss)
    tx_aim_figure                            0x20001adf   Data          90  ui.o(.bss)
    tx_gimbalangle_figure                    0x20001b39   Data          90  ui.o(.bss)
    tx_gimbal_angle                          0x20001b93   Data          45  ui.o(.bss)
    tx_bullet_int                            0x20001bc0   Data          45  ui.o(.bss)
    tx_chassis_speed_int                     0x20001bed   Data          45  ui.o(.bss)
    tx_supercapacitor_figure                 0x20001c1a   Data          30  ui.o(.bss)
    high_aim_figure                          0x20001c38   Data         120  ui.o(.bss)
    low_aim_shortfigure_1                    0x20001cb0   Data         120  ui.o(.bss)
    low_aim_shortfigure_2                    0x20001d28   Data          45  ui.o(.bss)
    low_aim_shortfigure_3                    0x20001d55   Data          45  ui.o(.bss)
    low_aim_longfigure                       0x20001d82   Data          90  ui.o(.bss)
    __libspace_start                         0x20005acc   Data          96  libspace.o(.bss)
    __temporary_stack_top$libspace           0x20005b2c   Data           0  libspace.o(.bss)



==============================================================================

Memory Map of the image

  Image Entry point : 0x08000189

  Load Region LR_IROM1 (Base: 0x08000000, Size: 0x00013cb8, Max: 0x00080000, ABSOLUTE, COMPRESSED[0x0001386c])

    Execution Region ER_IROM1 (Base: 0x08000000, Size: 0x0001378c, Max: 0x00080000, ABSOLUTE)

    Base Addr    Size         Type   Attr      Idx    E Section Name        Object

    0x08000000   0x00000188   Data   RO            3    RESET               startup_stm32f407xx.o
    0x08000188   0x00000008   Code   RO         9607  * !!!main             c_w.l(__main.o)
    0x08000190   0x00000034   Code   RO         9999    !!!scatter          c_w.l(__scatter.o)
    0x080001c4   0x0000005a   Code   RO         9997    !!dczerorl2         c_w.l(__dczerorl2.o)
    0x0800021e   0x00000002   PAD
    0x08000220   0x0000001c   Code   RO        10001    !!handler_zi        c_w.l(__scatter_zi.o)
    0x0800023c   0x00000002   Code   RO         9936    .ARM.Collect$$libinit$$00000000  c_w.l(libinit.o)
    0x0800023e   0x00000004   Code   RO         9715    .ARM.Collect$$libinit$$00000001  c_w.l(libinit2.o)
    0x08000242   0x00000000   Code   RO         9718    .ARM.Collect$$libinit$$00000004  c_w.l(libinit2.o)
    0x08000242   0x00000008   Code   RO         9719    .ARM.Collect$$libinit$$00000005  c_w.l(libinit2.o)
    0x0800024a   0x00000000   Code   RO         9721    .ARM.Collect$$libinit$$0000000A  c_w.l(libinit2.o)
    0x0800024a   0x00000000   Code   RO         9723    .ARM.Collect$$libinit$$0000000C  c_w.l(libinit2.o)
    0x0800024a   0x00000000   Code   RO         9725    .ARM.Collect$$libinit$$0000000E  c_w.l(libinit2.o)
    0x0800024a   0x00000000   Code   RO         9728    .ARM.Collect$$libinit$$00000011  c_w.l(libinit2.o)
    0x0800024a   0x00000000   Code   RO         9730    .ARM.Collect$$libinit$$00000013  c_w.l(libinit2.o)
    0x0800024a   0x00000000   Code   RO         9732    .ARM.Collect$$libinit$$00000015  c_w.l(libinit2.o)
    0x0800024a   0x00000000   Code   RO         9734    .ARM.Collect$$libinit$$00000017  c_w.l(libinit2.o)
    0x0800024a   0x00000000   Code   RO         9736    .ARM.Collect$$libinit$$00000019  c_w.l(libinit2.o)
    0x0800024a   0x00000000   Code   RO         9738    .ARM.Collect$$libinit$$0000001B  c_w.l(libinit2.o)
    0x0800024a   0x00000000   Code   RO         9740    .ARM.Collect$$libinit$$0000001D  c_w.l(libinit2.o)
    0x0800024a   0x00000000   Code   RO         9742    .ARM.Collect$$libinit$$0000001F  c_w.l(libinit2.o)
    0x0800024a   0x00000000   Code   RO         9744    .ARM.Collect$$libinit$$00000021  c_w.l(libinit2.o)
    0x0800024a   0x00000000   Code   RO         9746    .ARM.Collect$$libinit$$00000023  c_w.l(libinit2.o)
    0x0800024a   0x00000000   Code   RO         9748    .ARM.Collect$$libinit$$00000025  c_w.l(libinit2.o)
    0x0800024a   0x00000000   Code   RO         9752    .ARM.Collect$$libinit$$0000002C  c_w.l(libinit2.o)
    0x0800024a   0x00000000   Code   RO         9754    .ARM.Collect$$libinit$$0000002E  c_w.l(libinit2.o)
    0x0800024a   0x00000000   Code   RO         9756    .ARM.Collect$$libinit$$00000030  c_w.l(libinit2.o)
    0x0800024a   0x00000000   Code   RO         9758    .ARM.Collect$$libinit$$00000032  c_w.l(libinit2.o)
    0x0800024a   0x00000002   Code   RO         9759    .ARM.Collect$$libinit$$00000033  c_w.l(libinit2.o)
    0x0800024c   0x00000002   Code   RO         9994    .ARM.Collect$$libshutdown$$00000000  c_w.l(libshutdown.o)
    0x0800024e   0x00000000   Code   RO         9952    .ARM.Collect$$libshutdown$$00000002  c_w.l(libshutdown2.o)
    0x0800024e   0x00000000   Code   RO         9954    .ARM.Collect$$libshutdown$$00000004  c_w.l(libshutdown2.o)
    0x0800024e   0x00000000   Code   RO         9957    .ARM.Collect$$libshutdown$$00000007  c_w.l(libshutdown2.o)
    0x0800024e   0x00000000   Code   RO         9960    .ARM.Collect$$libshutdown$$0000000A  c_w.l(libshutdown2.o)
    0x0800024e   0x00000000   Code   RO         9962    .ARM.Collect$$libshutdown$$0000000C  c_w.l(libshutdown2.o)
    0x0800024e   0x00000000   Code   RO         9965    .ARM.Collect$$libshutdown$$0000000F  c_w.l(libshutdown2.o)
    0x0800024e   0x00000002   Code   RO         9966    .ARM.Collect$$libshutdown$$00000010  c_w.l(libshutdown2.o)
    0x08000250   0x00000000   Code   RO         9681    .ARM.Collect$$rtentry$$00000000  c_w.l(__rtentry.o)
    0x08000250   0x00000000   Code   RO         9858    .ARM.Collect$$rtentry$$00000002  c_w.l(__rtentry2.o)
    0x08000250   0x00000006   Code   RO         9870    .ARM.Collect$$rtentry$$00000004  c_w.l(__rtentry4.o)
    0x08000256   0x00000000   Code   RO         9860    .ARM.Collect$$rtentry$$00000009  c_w.l(__rtentry2.o)
    0x08000256   0x00000004   Code   RO         9861    .ARM.Collect$$rtentry$$0000000A  c_w.l(__rtentry2.o)
    0x0800025a   0x00000000   Code   RO         9863    .ARM.Collect$$rtentry$$0000000C  c_w.l(__rtentry2.o)
    0x0800025a   0x00000008   Code   RO         9864    .ARM.Collect$$rtentry$$0000000D  c_w.l(__rtentry2.o)
    0x08000262   0x00000002   Code   RO         9939    .ARM.Collect$$rtexit$$00000000  c_w.l(rtexit.o)
    0x08000264   0x00000000   Code   RO         9970    .ARM.Collect$$rtexit$$00000002  c_w.l(rtexit2.o)
    0x08000264   0x00000004   Code   RO         9971    .ARM.Collect$$rtexit$$00000003  c_w.l(rtexit2.o)
    0x08000268   0x00000006   Code   RO         9972    .ARM.Collect$$rtexit$$00000004  c_w.l(rtexit2.o)
    0x0800026e   0x00000002   PAD
    0x08000270   0x000000be   Code   RO         8966    .emb_text           port.o
    0x0800032e   0x00000002   PAD
    0x08000330   0x00000000   Code   RO         9881    .emb_text           c_w.l(maybetermalloc1.o)
    0x08000330   0x00000040   Code   RO            4    .text               startup_stm32f407xx.o
    0x08000370   0x0000005e   Code   RO         9533    .text               c_w.l(h1_alloc.o)
    0x080003ce   0x0000004e   Code   RO         9535    .text               c_w.l(h1_free.o)
    0x0800041c   0x000000ee   Code   RO         9591    .text               c_w.l(lludivv7m.o)
    0x0800050a   0x0000008a   Code   RO         9595    .text               c_w.l(rt_memcpy_v6.o)
    0x08000594   0x00000064   Code   RO         9597    .text               c_w.l(rt_memcpy_w.o)
    0x080005f8   0x00000044   Code   RO         9601    .text               c_w.l(rt_memclr.o)
    0x0800063c   0x0000004e   Code   RO         9603    .text               c_w.l(rt_memclr_w.o)
    0x0800068a   0x00000006   Code   RO         9605    .text               c_w.l(heapauxi.o)
    0x08000690   0x00000008   Code   RO         9689    .text               c_w.l(rt_heap_descriptor_intlibspace.o)
    0x08000698   0x00000004   Code   RO         9691    .text               c_w.l(hguard.o)
    0x0800069c   0x0000008a   Code   RO         9693    .text               c_w.l(init_alloc.o)
    0x08000726   0x0000000e   Code   RO         9697    .text               c_w.l(h1_init.o)
    0x08000734   0x00000016   Code   RO         9711    .text               c_w.l(_rserrno.o)
    0x0800074a   0x00000002   PAD
    0x0800074c   0x00000008   Code   RO         9854    .text               c_w.l(libspace.o)
    0x08000754   0x00000008   Code   RO         9877    .text               c_w.l(rt_errno_addr_intlibspace.o)
    0x0800075c   0x00000034   Code   RO         9883    .text               c_w.l(h1_extend.o)
    0x08000790   0x00000030   Code   RO         9887    .text               c_w.l(_fptrap.o)
    0x080007c0   0x0000000e   Code   RO         9889    .text               c_w.l(defsig_rtmem_outer.o)
    0x080007ce   0x00000002   Code   RO         9908    .text               c_w.l(use_no_semi.o)
    0x080007d0   0x00000000   Code   RO         9910    .text               c_w.l(indicate_semi.o)
    0x080007d0   0x0000004a   Code   RO         9911    .text               c_w.l(sys_stackheap_outer.o)
    0x0800081a   0x00000012   Code   RO         9917    .text               c_w.l(exit.o)
    0x0800082c   0x0000000a   Code   RO         9919    .text               c_w.l(defsig_exit.o)
    0x08000836   0x0000000e   Code   RO         9921    .text               c_w.l(defsig_fpe_outer.o)
    0x08000844   0x00000050   Code   RO         9925    .text               c_w.l(defsig_rtmem_inner.o)
    0x08000894   0x0000000c   Code   RO         9937    .text               c_w.l(sys_exit.o)
    0x080008a0   0x00000032   Code   RO         9947    .text               c_w.l(defsig_general.o)
    0x080008d2   0x00000002   PAD
    0x080008d4   0x000000ac   Code   RO         9949    .text               c_w.l(defsig_fpe_inner.o)
    0x08000980   0x0000000e   Code   RO         9967    .text               c_w.l(sys_wrch.o)
    0x0800098e   0x00000002   PAD
    0x08000990   0x00000050   Code   RO         4315    i.AD_Channel        rc.o
    0x080009e0   0x0000005c   Code   RO         9328    i.ARRIVE            auto_aim.o
    0x08000a3c   0x00000020   Code   RO         7316    i.All_Reset_Judge   offline_check.o
    0x08000a5c   0x00000028   Code   RO         5473    i.Append_CRC16_Check_Sum  crc.o
    0x08000a84   0x00000020   Code   RO         5474    i.Append_CRC8_Check_Sum  crc.o
    0x08000aa4   0x00000024   Code   RO         7433    i.Auto_Reset        key.o
    0x08000ac8   0x00000020   Code   RO         9329    i.Auto_Shoot        auto_aim.o
    0x08000ae8   0x00000080   Code   RO         4675    i.Auto_Shoot_Ctrl   shoot_motor.o
    0x08000b68   0x00000460   Code   RO         5536    i.BMI_Get_EulerAngle  bmi.o
    0x08000fc8   0x0000004e   Code   RO         5537    i.BMI_Get_GRO       bmi.o
    0x08001016   0x00000048   Code   RO         5538    i.BMI_Get_RawData   bmi.o
    0x0800105e   0x00000002   PAD
    0x08001060   0x0000006c   Code   RO         5539    i.BMI_Init          bmi.o
    0x080010cc   0x0000006c   Code   RO         4067    i.Board_Tx_uint8    can_send.o
    0x08001138   0x0000002c   Code   RO         4676    i.Box_Cover_Control  shoot_motor.o
    0x08001164   0x00000038   Code   RO         4677    i.Box_Cover_Control_RC  shoot_motor.o
    0x0800119c   0x00000002   Code   RO          703    i.BusFault_Handler  stm32f4xx_it.o
    0x0800119e   0x00000002   PAD
    0x080011a0   0x00000028   Code   RO         3836    i.CAN1_Init         can_receive.o
    0x080011c8   0x0000000c   Code   RO          704    i.CAN1_RX0_IRQHandler  stm32f4xx_it.o
    0x080011d4   0x0000001c   Code   RO         5336    i.CAN1_rxDataHandler  can_protocal.o
    0x080011f0   0x00000028   Code   RO         3838    i.CAN2_Init         can_receive.o
    0x08001218   0x0000000c   Code   RO          705    i.CAN2_RX0_IRQHandler  stm32f4xx_it.o
    0x08001224   0x0000001c   Code   RO         5337    i.CAN2_rxDataHandler  can_protocal.o
    0x08001240   0x0000001a   Code   RO         3840    i.CAN_Filter_ParamsInit  can_receive.o
    0x0800125a   0x00000002   PAD
    0x0800125c   0x00000054   Code   RO         3841    i.CAN_Rx_Callback   can_receive.o
    0x080012b0   0x0000006c   Code   RO         4068    i.CAN_SendData      can_send.o
    0x0800131c   0x00000048   Code   RO         5176    i.CAN_cmd_chassis   motor.o
    0x08001364   0x00000048   Code   RO         5178    i.CAN_cmd_gimbal    motor.o
    0x080013ac   0x00000048   Code   RO         5179    i.CAN_cmd_shoot     motor.o
    0x080013f4   0x00000060   Code   RO         5369    i.CAN_rxDataHandler  cap_protocal.o
    0x08001454   0x0000000c   Code   RO         4270    i.COVER_PwmOut      tim_drv.o
    0x08001460   0x0000000c   Code   RO         4271    i.COVER_SLEEP       tim_drv.o
    0x0800146c   0x0000000c   Code   RO         4272    i.COVER_WEAK        tim_drv.o
    0x08001478   0x00000040   Code   RO         4526    i.Change_Target     gimbal_motor.o
    0x080014b8   0x000000b8   Code   RO         5098    i.Chassis_Motor_Power_Limit  power_limit.o
    0x08001570   0x00000318   Code   RO         4614    i.Chassis_motor     classis_motor.o
    0x08001888   0x00000028   Code   RO         7398    i.Chassis_motor_follow_init  chassis.o
    0x080018b0   0x00000088   Code   RO         7399    i.Chassis_motor_init  chassis.o
    0x08001938   0x00000208   Code   RO         4615    i.Chassis_speed_set  classis_motor.o
    0x08001b40   0x00000004   Code   RO         7062    i.Client_task       ui.o
    0x08001b44   0x00000006   Code   RO         4678    i.Cover_Close       shoot_motor.o
    0x08001b4a   0x00000002   PAD
    0x08001b4c   0x00000024   Code   RO         9295    i.DEVICE_Init       rp_init.o
    0x08001b70   0x00000020   Code   RO         9330    i.DF_STATE          auto_aim.o
    0x08001b90   0x0000000c   Code   RO          706    i.DMA1_Stream0_IRQHandler  stm32f4xx_it.o
    0x08001b9c   0x0000000c   Code   RO          707    i.DMA1_Stream1_IRQHandler  stm32f4xx_it.o
    0x08001ba8   0x0000000c   Code   RO          708    i.DMA1_Stream3_IRQHandler  stm32f4xx_it.o
    0x08001bb4   0x0000000c   Code   RO          709    i.DMA1_Stream5_IRQHandler  stm32f4xx_it.o
    0x08001bc0   0x0000000c   Code   RO          710    i.DMA1_Stream7_IRQHandler  stm32f4xx_it.o
    0x08001bcc   0x00000244   Code   RO         4107    i.DMAEx_MultiBufferStart_NoIT  uart_drv.o
    0x08001e10   0x00000028   Code   RO         1650    i.DMA_CalcBaseAndBitshift  stm32f4xx_hal_dma.o
    0x08001e38   0x00000054   Code   RO         1651    i.DMA_CheckFifoParam  stm32f4xx_hal_dma.o
    0x08001e8c   0x00000028   Code   RO         1652    i.DMA_SetConfig     stm32f4xx_hal_dma.o
    0x08001eb4   0x00000062   Code   RO         4108    i.DMA_Start         uart_drv.o
    0x08001f16   0x0000001e   Code   RO         9296    i.DRIVER_Init       rp_init.o
    0x08001f34   0x00000014   Code   RO         4109    i.DRV_UART_IRQHandler  uart_drv.o
    0x08001f48   0x00000022   Code   RO         5434    i.DeathZoom         rp_math.o
    0x08001f6a   0x00000002   Code   RO          711    i.DebugMon_Handler  stm32f4xx_it.o
    0x08001f6c   0x00000108   Code   RO         4977    i.Determine_ID      judge_infantryprotocol.o
    0x08002074   0x00000028   Code   RO         7434    i.ENEMY             key.o
    0x0800209c   0x00000004   Code   RO           13    i.Error_Handler     main.o
    0x080020a0   0x00000018   Code   RO         9331    i.Find_Tar          auto_aim.o
    0x080020b8   0x00000010   Code   RO         4316    i.FirstGetInto_KEY_PRESS  rc.o
    0x080020c8   0x00000164   Code   RO         4680    i.Fri_Spd_adjust    shoot_motor.o
    0x0800222c   0x00000024   Code   RO         4681    i.Fri_Stop_Judge    shoot_motor.o
    0x08002250   0x0000002c   Code   RO         5475    i.Get_CRC16_Check_Sum  crc.o
    0x0800227c   0x00000020   Code   RO         5476    i.Get_CRC8_Check_Sum  crc.o
    0x0800229c   0x000000d0   Code   RO         7066    i.Get_Client_Info   ui.o
    0x0800236c   0x00000088   Code   RO         9332    i.Get_Color         auto_aim.o
    0x080023f4   0x00000068   Code   RO         9333    i.Get_Speed_Limit   auto_aim.o
    0x0800245c   0x00000090   Code   RO         4527    i.Gimbal_Auto_Ctrl  gimbal_motor.o
    0x080024ec   0x00000084   Code   RO         4528    i.Gimbal_Pos_Init   gimbal_motor.o
    0x08002570   0x00000038   Code   RO         4529    i.Gimbal_angle_struct_Init  gimbal_motor.o
    0x080025a8   0x00000234   Code   RO         4530    i.Gimbal_follow_motor  gimbal_motor.o
    0x080027dc   0x000000ec   Code   RO         4616    i.Gimbal_half_turn_Chassis_speed_set  classis_motor.o
    0x080028c8   0x000001a0   Code   RO         4531    i.Gimbal_mac_motor  gimbal_motor.o
    0x08002a68   0x00000094   Code   RO         7626    i.Gimbal_motor_follow_init  gimbal.o
    0x08002afc   0x00000084   Code   RO         7627    i.Gimbal_motor_mac_init  gimbal.o
    0x08002b80   0x00000094   Code   RO         7628    i.Gimbal_motor_vision_init  gimbal.o
    0x08002c14   0x000000b8   Code   RO         4532    i.Gimbal_vision     gimbal_motor.o
    0x08002ccc   0x00000024   Code   RO          958    i.HAL_CAN_ActivateNotification  stm32f4xx_hal_can.o
    0x08002cf0   0x000000c8   Code   RO          959    i.HAL_CAN_AddTxMessage  stm32f4xx_hal_can.o
    0x08002db8   0x0000010c   Code   RO          960    i.HAL_CAN_ConfigFilter  stm32f4xx_hal_can.o
    0x08002ec4   0x00000002   Code   RO          963    i.HAL_CAN_ErrorCallback  stm32f4xx_hal_can.o
    0x08002ec6   0x000000e8   Code   RO          966    i.HAL_CAN_GetRxMessage  stm32f4xx_hal_can.o
    0x08002fae   0x000001fc   Code   RO          970    i.HAL_CAN_IRQHandler  stm32f4xx_hal_can.o
    0x080031aa   0x0000011a   Code   RO          971    i.HAL_CAN_Init      stm32f4xx_hal_can.o
    0x080032c4   0x000000fc   Code   RO          528    i.HAL_CAN_MspInit   can.o
    0x080033c0   0x00000002   Code   RO          978    i.HAL_CAN_RxFifo0FullCallback  stm32f4xx_hal_can.o
    0x080033c2   0x00000002   PAD
    0x080033c4   0x0000001c   Code   RO         3842    i.HAL_CAN_RxFifo0MsgPendingCallback  can_receive.o
    0x080033e0   0x00000002   Code   RO          980    i.HAL_CAN_RxFifo1FullCallback  stm32f4xx_hal_can.o
    0x080033e2   0x00000002   Code   RO          981    i.HAL_CAN_RxFifo1MsgPendingCallback  stm32f4xx_hal_can.o
    0x080033e4   0x00000002   Code   RO          982    i.HAL_CAN_SleepCallback  stm32f4xx_hal_can.o
    0x080033e6   0x00000002   PAD
    0x080033e8   0x00000058   Code   RO          983    i.HAL_CAN_Start     stm32f4xx_hal_can.o
    0x08003440   0x00000002   Code   RO          985    i.HAL_CAN_TxMailbox0AbortCallback  stm32f4xx_hal_can.o
    0x08003442   0x00000002   Code   RO          986    i.HAL_CAN_TxMailbox0CompleteCallback  stm32f4xx_hal_can.o
    0x08003444   0x00000002   Code   RO          987    i.HAL_CAN_TxMailbox1AbortCallback  stm32f4xx_hal_can.o
    0x08003446   0x00000002   Code   RO          988    i.HAL_CAN_TxMailbox1CompleteCallback  stm32f4xx_hal_can.o
    0x08003448   0x00000002   Code   RO          989    i.HAL_CAN_TxMailbox2AbortCallback  stm32f4xx_hal_can.o
    0x0800344a   0x00000002   Code   RO          990    i.HAL_CAN_TxMailbox2CompleteCallback  stm32f4xx_hal_can.o
    0x0800344c   0x00000002   Code   RO          992    i.HAL_CAN_WakeUpFromRxMsgCallback  stm32f4xx_hal_can.o
    0x0800344e   0x00000092   Code   RO         1653    i.HAL_DMA_Abort     stm32f4xx_hal_dma.o
    0x080034e0   0x00000024   Code   RO         1654    i.HAL_DMA_Abort_IT  stm32f4xx_hal_dma.o
    0x08003504   0x000001a0   Code   RO         1658    i.HAL_DMA_IRQHandler  stm32f4xx_hal_dma.o
    0x080036a4   0x000000d4   Code   RO         1659    i.HAL_DMA_Init      stm32f4xx_hal_dma.o
    0x08003778   0x0000006e   Code   RO         1663    i.HAL_DMA_Start_IT  stm32f4xx_hal_dma.o
    0x080037e6   0x00000002   PAD
    0x080037e8   0x00000024   Code   RO         2072    i.HAL_Delay         stm32f4xx_hal.o
    0x0800380c   0x000001f0   Code   RO         1546    i.HAL_GPIO_Init     stm32f4xx_hal_gpio.o
    0x080039fc   0x0000000a   Code   RO         1550    i.HAL_GPIO_WritePin  stm32f4xx_hal_gpio.o
    0x08003a06   0x00000002   PAD
    0x08003a08   0x0000000c   Code   RO         2078    i.HAL_GetTick       stm32f4xx_hal.o
    0x08003a14   0x00000034   Code   RO         4205    i.HAL_IncTick       haltick_drv.o
    0x08003a48   0x00000034   Code   RO         2085    i.HAL_Init          stm32f4xx_hal.o
    0x08003a7c   0x00000098   Code   RO          918    i.HAL_InitTick      stm32f4xx_hal_timebase_tim.o
    0x08003b14   0x00000038   Code   RO          894    i.HAL_MspInit       stm32f4xx_hal_msp.o
    0x08003b4c   0x0000001a   Code   RO         1935    i.HAL_NVIC_EnableIRQ  stm32f4xx_hal_cortex.o
    0x08003b66   0x00000002   PAD
    0x08003b68   0x00000040   Code   RO         1941    i.HAL_NVIC_SetPriority  stm32f4xx_hal_cortex.o
    0x08003ba8   0x00000024   Code   RO         1942    i.HAL_NVIC_SetPriorityGrouping  stm32f4xx_hal_cortex.o
    0x08003bcc   0x00000134   Code   RO         1192    i.HAL_RCC_ClockConfig  stm32f4xx_hal_rcc.o
    0x08003d00   0x00000040   Code   RO         1196    i.HAL_RCC_GetClockConfig  stm32f4xx_hal_rcc.o
    0x08003d40   0x00000020   Code   RO         1199    i.HAL_RCC_GetPCLK1Freq  stm32f4xx_hal_rcc.o
    0x08003d60   0x00000020   Code   RO         1200    i.HAL_RCC_GetPCLK2Freq  stm32f4xx_hal_rcc.o
    0x08003d80   0x00000064   Code   RO         1201    i.HAL_RCC_GetSysClockFreq  stm32f4xx_hal_rcc.o
    0x08003de4   0x0000036c   Code   RO         1204    i.HAL_RCC_OscConfig  stm32f4xx_hal_rcc.o
    0x08004150   0x00000002   Code   RO         3029    i.HAL_TIMEx_BreakCallback  stm32f4xx_hal_tim_ex.o
    0x08004152   0x00000002   Code   RO         3030    i.HAL_TIMEx_CommutCallback  stm32f4xx_hal_tim_ex.o
    0x08004154   0x00000054   Code   RO         3032    i.HAL_TIMEx_ConfigBreakDeadTime  stm32f4xx_hal_tim_ex.o
    0x080041a8   0x00000090   Code   RO         3048    i.HAL_TIMEx_MasterConfigSynchronization  stm32f4xx_hal_tim_ex.o
    0x08004238   0x0000005a   Code   RO         2325    i.HAL_TIM_Base_Init  stm32f4xx_hal_tim.o
    0x08004292   0x00000002   PAD
    0x08004294   0x00000028   Code   RO          601    i.HAL_TIM_Base_MspInit  tim.o
    0x080042bc   0x00000080   Code   RO         2330    i.HAL_TIM_Base_Start_IT  stm32f4xx_hal_tim.o
    0x0800433c   0x000000dc   Code   RO         2334    i.HAL_TIM_ConfigClockSource  stm32f4xx_hal_tim.o
    0x08004418   0x00000002   Code   RO         2359    i.HAL_TIM_IC_CaptureCallback  stm32f4xx_hal_tim.o
    0x0800441a   0x00000166   Code   RO         2373    i.HAL_TIM_IRQHandler  stm32f4xx_hal_tim.o
    0x08004580   0x00000054   Code   RO          602    i.HAL_TIM_MspPostInit  tim.o
    0x080045d4   0x00000002   Code   RO         2376    i.HAL_TIM_OC_DelayElapsedCallback  stm32f4xx_hal_tim.o
    0x080045d6   0x000000cc   Code   RO         2397    i.HAL_TIM_PWM_ConfigChannel  stm32f4xx_hal_tim.o
    0x080046a2   0x0000005a   Code   RO         2400    i.HAL_TIM_PWM_Init  stm32f4xx_hal_tim.o
    0x080046fc   0x00000002   Code   RO         2402    i.HAL_TIM_PWM_MspInit  stm32f4xx_hal_tim.o
    0x080046fe   0x00000002   Code   RO         2403    i.HAL_TIM_PWM_PulseFinishedCallback  stm32f4xx_hal_tim.o
    0x08004700   0x000000c8   Code   RO         2405    i.HAL_TIM_PWM_Start  stm32f4xx_hal_tim.o
    0x080047c8   0x0000007c   Code   RO         2408    i.HAL_TIM_PWM_Stop  stm32f4xx_hal_tim.o
    0x08004844   0x0000000e   Code   RO           14    i.HAL_TIM_PeriodElapsedCallback  main.o
    0x08004852   0x00000002   Code   RO         2416    i.HAL_TIM_TriggerCallback  stm32f4xx_hal_tim.o
    0x08004854   0x00000002   Code   RO         3307    i.HAL_UARTEx_RxEventCallback  stm32f4xx_hal_uart.o
    0x08004856   0x00000002   Code   RO         3321    i.HAL_UART_ErrorCallback  stm32f4xx_hal_uart.o
    0x08004858   0x00000268   Code   RO         3324    i.HAL_UART_IRQHandler  stm32f4xx_hal_uart.o
    0x08004ac0   0x00000062   Code   RO         3325    i.HAL_UART_Init     stm32f4xx_hal_uart.o
    0x08004b22   0x00000002   PAD
    0x08004b24   0x00000294   Code   RO          650    i.HAL_UART_MspInit  usart.o
    0x08004db8   0x00000002   Code   RO         3331    i.HAL_UART_RxCpltCallback  stm32f4xx_hal_uart.o
    0x08004dba   0x00000002   PAD
    0x08004dbc   0x0000008c   Code   RO         3334    i.HAL_UART_Transmit_DMA  stm32f4xx_hal_uart.o
    0x08004e48   0x00000002   Code   RO         3336    i.HAL_UART_TxCpltCallback  stm32f4xx_hal_uart.o
    0x08004e4a   0x00000002   Code   RO         3337    i.HAL_UART_TxHalfCpltCallback  stm32f4xx_hal_uart.o
    0x08004e4c   0x00000002   Code   RO          712    i.HardFault_Handler  stm32f4xx_it.o
    0x08004e4e   0x00000002   PAD
    0x08004e50   0x00000040   Code   RO         6979    i.IIC_Ack           soft_iic.o
    0x08004e90   0x00000040   Code   RO         6980    i.IIC_NAck          soft_iic.o
    0x08004ed0   0x00000068   Code   RO         6981    i.IIC_Read_Byte     soft_iic.o
    0x08004f38   0x00000060   Code   RO         6982    i.IIC_Send_Byte     soft_iic.o
    0x08004f98   0x00000040   Code   RO         6983    i.IIC_Start         soft_iic.o
    0x08004fd8   0x00000044   Code   RO         6984    i.IIC_Stop          soft_iic.o
    0x0800501c   0x00000054   Code   RO         6985    i.IIC_Wait_Ack      soft_iic.o
    0x08005070   0x0000000c   Code   RO         4472    i.Init_Imu          imu.o
    0x0800507c   0x0000000c   Code   RO         4317    i.Init_Rc           rc.o
    0x08005088   0x0000000c   Code   RO         4837    i.Init_vision       vision_potocal.o
    0x08005094   0x0000000c   Code   RO         9110    i.Judge_task        judge_task.o
    0x080050a0   0x000000bc   Code   RO         7435    i.KB_CTRL           key.o
    0x0800515c   0x00000062   Code   RO         4318    i.KEY_State_Judge   rc.o
    0x080051be   0x00000002   PAD
    0x080051c0   0x00000080   Code   RO         7437    i.Key_B             key.o
    0x08005240   0x000000b8   Code   RO         7438    i.Key_C             key.o
    0x080052f8   0x00000090   Code   RO         4319    i.Key_Channel_Update  rc.o
    0x08005388   0x000000c4   Code   RO         7440    i.Key_E             key.o
    0x0800544c   0x0000005c   Code   RO         7441    i.Key_F             key.o
    0x080054a8   0x00000020   Code   RO         7442    i.Key_G             key.o
    0x080054c8   0x00000044   Code   RO         4320    i.Key_Init          rc.o
    0x0800550c   0x00000130   Code   RO         7443    i.Key_Mouse_L       key.o
    0x0800563c   0x0000003c   Code   RO         7444    i.Key_Mouse_R       key.o
    0x08005678   0x000000c4   Code   RO         7445    i.Key_Q             key.o
    0x0800573c   0x0000005c   Code   RO         7446    i.Key_R             key.o
    0x08005798   0x00000048   Code   RO         7448    i.Key_SHIFT         key.o
    0x080057e0   0x00000058   Code   RO         7449    i.Key_V             key.o
    0x08005838   0x00000064   Code   RO         7451    i.Key_X             key.o
    0x0800589c   0x00000064   Code   RO         7452    i.Key_Z             key.o
    0x08005900   0x000000a8   Code   RO         7453    i.Key_ctrl          key.o
    0x080059a8   0x0000002c   Code   RO         6928    i.Limit_Target      s_function.o
    0x080059d4   0x00000078   Code   RO         5180    i.MOTOR_CAN1_RX     motor.o
    0x08005a4c   0x00000058   Code   RO         5181    i.MOTOR_CAN2_RX     motor.o
    0x08005aa4   0x0000004c   Code   RO         6741    i.MPU_Read_Byte     bmi2_common.o
    0x08005af0   0x00000060   Code   RO         6742    i.MPU_Read_all      bmi2_common.o
    0x08005b50   0x00000048   Code   RO          529    i.MX_CAN1_Init      can.o
    0x08005b98   0x00000048   Code   RO          530    i.MX_CAN2_Init      can.o
    0x08005be0   0x0000006c   Code   RO          576    i.MX_DMA_Init       dma.o
    0x08005c4c   0x00000104   Code   RO          419    i.MX_FREERTOS_Init  freertos.o
    0x08005d50   0x000000c8   Code   RO          391    i.MX_GPIO_Init      gpio.o
    0x08005e18   0x000000dc   Code   RO          603    i.MX_TIM1_Init      tim.o
    0x08005ef4   0x00000038   Code   RO          651    i.MX_UART5_Init     usart.o
    0x08005f2c   0x0000003c   Code   RO          652    i.MX_USART2_UART_Init  usart.o
    0x08005f68   0x00000038   Code   RO          653    i.MX_USART3_UART_Init  usart.o
    0x08005fa0   0x00000002   Code   RO          713    i.MemManage_Handler  stm32f4xx_it.o
    0x08005fa2   0x00000002   PAD
    0x08005fa4   0x000000a0   Code   RO         4321    i.Mouse_FS          rc.o
    0x08006044   0x00000094   Code   RO         4323    i.Mouse_X_Speed     rc.o
    0x080060d8   0x000000c4   Code   RO         4324    i.Mouse_Y_Speed     rc.o
    0x0800619c   0x00000002   Code   RO          714    i.NMI_Handler       stm32f4xx_it.o
    0x0800619e   0x00000002   PAD
    0x080061a0   0x00000024   Code   RO         9268    i.Normal_tasks      normal_task.o
    0x080061c4   0x0000000a   Code   RO         3691    i.PID_struct_init   pid.o
    0x080061ce   0x00000002   PAD
    0x080061d0   0x0000001c   Code   RO         4273    i.PWM_Init          tim_drv.o
    0x080061ec   0x000000a8   Code   RO         4326    i.RC_IsChannelReset  rc.o
    0x08006294   0x000000d8   Code   RO         7317    i.RC_Offline_Sleep  offline_check.o
    0x0800636c   0x00000048   Code   RO         4327    i.RC_ResetData      rc.o
    0x080063b4   0x00000138   Code   RO         4682    i.R_Fast_Shoot      shoot_motor.o
    0x080064ec   0x00000020   Code   RO         4328    i.Rc_Data           rc.o
    0x0800650c   0x00000058   Code   RO         4329    i.Rc_Init           rc.o
    0x08006564   0x00000038   Code   RO         6929    i.SF                s_function.o
    0x0800659c   0x00000054   Code   RO         5540    i.Set_accel         bmi.o
    0x080065f0   0x00000058   Code   RO         5541    i.Set_gyro          bmi.o
    0x08006648   0x00000268   Code   RO         4683    i.Shoot_Speed_Test  shoot_motor.o
    0x080068b0   0x000000e8   Code   RO         4684    i.Shoot_heat_limit  shoot_motor.o
    0x08006998   0x00000198   Code   RO         4685    i.Shoot_speed_limit  shoot_motor.o
    0x08006b30   0x00000048   Code   RO         4330    i.Sim_Channel       rc.o
    0x08006b78   0x00000540   Code   RO         4617    i.Small_top_Chassis_speed_set  classis_motor.o
    0x080070b8   0x00000030   Code   RO          421    i.StartDefaultTask  freertos.o
    0x080070e8   0x0000001c   Code   RO         9172    i.Start_Vision_Task  vision_task.o
    0x08007104   0x00000064   Code   RO         9046    i.Start_chassis_task  classis_task.o
    0x08007168   0x000000d4   Code   RO         9079    i.Start_gimbal_Task  gimbal_task.o
    0x0800723c   0x00000064   Code   RO         9241    i.Start_imu_task    imu_task.o
    0x080072a0   0x000000fc   Code   RO         9141    i.Start_shoot_task  shoot_task.o
    0x0800739c   0x00000008   Code   RO         9047    i.Supercap_task     classis_task.o
    0x080073a4   0x0000002c   Code   RO         8967    i.SysTick_Handler   port.o
    0x080073d0   0x00000098   Code   RO           15    i.SystemClock_Config  main.o
    0x08007468   0x00000010   Code   RO         3654    i.SystemInit        system_stm32f4xx.o
    0x08007478   0x00000028   Code   RO         7319    i.System_Reset      offline_check.o
    0x080074a0   0x0000000c   Code   RO          715    i.TIM2_IRQHandler   stm32f4xx_it.o
    0x080074ac   0x000000c8   Code   RO         2418    i.TIM_Base_SetConfig  stm32f4xx_hal_tim.o
    0x08007574   0x0000001a   Code   RO         2419    i.TIM_CCxChannelCmd  stm32f4xx_hal_tim.o
    0x0800758e   0x00000014   Code   RO         2429    i.TIM_ETR_SetConfig  stm32f4xx_hal_tim.o
    0x080075a2   0x00000010   Code   RO         2430    i.TIM_ITRx_SetConfig  stm32f4xx_hal_tim.o
    0x080075b2   0x00000002   PAD
    0x080075b4   0x00000060   Code   RO         2431    i.TIM_OC1_SetConfig  stm32f4xx_hal_tim.o
    0x08007614   0x0000006c   Code   RO         2432    i.TIM_OC2_SetConfig  stm32f4xx_hal_tim.o
    0x08007680   0x00000068   Code   RO         2433    i.TIM_OC3_SetConfig  stm32f4xx_hal_tim.o
    0x080076e8   0x00000050   Code   RO         2434    i.TIM_OC4_SetConfig  stm32f4xx_hal_tim.o
    0x08007738   0x00000022   Code   RO         2436    i.TIM_TI1_ConfigInputStage  stm32f4xx_hal_tim.o
    0x0800775a   0x00000024   Code   RO         2438    i.TIM_TI2_ConfigInputStage  stm32f4xx_hal_tim.o
    0x0800777e   0x00000002   PAD
    0x08007780   0x00000018   Code   RO          716    i.UART5_IRQHandler  stm32f4xx_it.o
    0x08007798   0x00000010   Code   RO         3338    i.UART_DMAAbortOnError  stm32f4xx_hal_uart.o
    0x080077a8   0x0000004a   Code   RO         3339    i.UART_DMAError     stm32f4xx_hal_uart.o
    0x080077f2   0x00000042   Code   RO         3344    i.UART_DMATransmitCplt  stm32f4xx_hal_uart.o
    0x08007834   0x0000000a   Code   RO         3346    i.UART_DMATxHalfCplt  stm32f4xx_hal_uart.o
    0x0800783e   0x0000004e   Code   RO         3348    i.UART_EndRxTransfer  stm32f4xx_hal_uart.o
    0x0800788c   0x0000001c   Code   RO         3349    i.UART_EndTxTransfer  stm32f4xx_hal_uart.o
    0x080078a8   0x000000c0   Code   RO         3350    i.UART_Receive_IT   stm32f4xx_hal_uart.o
    0x08007968   0x0000010c   Code   RO         3351    i.UART_SetConfig    stm32f4xx_hal_uart.o
    0x08007a74   0x00000018   Code   RO          717    i.USART2_IRQHandler  stm32f4xx_it.o
    0x08007a8c   0x0000003c   Code   RO         4111    i.USART2_Init       uart_drv.o
    0x08007ac8   0x00000004   Code   RO         5252    i.USART2_rxDataHandler  usart_potocal.o
    0x08007acc   0x00000018   Code   RO          718    i.USART3_IRQHandler  stm32f4xx_it.o
    0x08007ae4   0x00000038   Code   RO         4113    i.USART3_Init       uart_drv.o
    0x08007b1c   0x0000001c   Code   RO         5253    i.USART3_rxDataHandler  usart_potocal.o
    0x08007b38   0x00000038   Code   RO         4115    i.USART5_Init       uart_drv.o
    0x08007b70   0x0000001c   Code   RO         5254    i.USART5_rxDataHandler  usart_potocal.o
    0x08007b8c   0x0000007c   Code   RO         5019    i.Up_RX             slave.o
    0x08007c08   0x00000048   Code   RO         5020    i.Up_Send           slave.o
    0x08007c50   0x00000002   Code   RO          719    i.UsageFault_Handler  stm32f4xx_it.o
    0x08007c52   0x00000002   PAD
    0x08007c54   0x0000003c   Code   RO         5477    i.Verify_CRC16_Check_Sum  crc.o
    0x08007c90   0x0000002a   Code   RO         5478    i.Verify_CRC8_Check_Sum  crc.o
    0x08007cba   0x00000002   PAD
    0x08007cbc   0x000000a4   Code   RO         4880    i.Vision_Get        vision_sensor.o
    0x08007d60   0x0000004c   Code   RO         4881    i.Vision_TX         vision_sensor.o
    0x08007dac   0x00000050   Code   RO         4331    i.WS_Channel        rc.o
    0x08007dfc   0x0000001c   Code   RO         9334    i.ZM_STATE          auto_aim.o
    0x08007e18   0x00000030   Code   RO         9824    i.__ARM_fpclassify  m_wm.l(fpclassify.o)
    0x08007e48   0x00000020   Code   RO         1948    i.__NVIC_SetPriority  stm32f4xx_hal_cortex.o
    0x08007e68   0x00000360   Code   RO         9629    i.__hardfp_asin     m_wm.l(asin.o)
    0x080081c8   0x000002d8   Code   RO         9787    i.__hardfp_atan     m_wm.l(atan.o)
    0x080084a0   0x000001f0   Code   RO         9643    i.__hardfp_atan2    m_wm.l(atan2.o)
    0x08008690   0x000000c8   Code   RO         9655    i.__hardfp_cos      m_wm.l(cos.o)
    0x08008758   0x000000c8   Code   RO         9667    i.__hardfp_sin      m_wm.l(sin.o)
    0x08008820   0x00000438   Code   RO         9829    i.__ieee754_rem_pio2  m_wm.l(rred.o)
    0x08008c58   0x00000170   Code   RO         9801    i.__kernel_cos      m_wm.l(cos_i.o)
    0x08008dc8   0x000000f8   Code   RO         9826    i.__kernel_poly     m_wm.l(poly.o)
    0x08008ec0   0x00000130   Code   RO         9834    i.__kernel_sin      m_wm.l(sin_i.o)
    0x08008ff0   0x00000014   Code   RO         9805    i.__mathlib_dbl_infnan  m_wm.l(dunder.o)
    0x08009004   0x00000014   Code   RO         9806    i.__mathlib_dbl_infnan2  m_wm.l(dunder.o)
    0x08009018   0x00000020   Code   RO         9807    i.__mathlib_dbl_invalid  m_wm.l(dunder.o)
    0x08009038   0x00000020   Code   RO         9810    i.__mathlib_dbl_underflow  m_wm.l(dunder.o)
    0x08009058   0x0000002a   Code   RO         3692    i.abs_limit         pid.o
    0x08009082   0x00000010   Code   RO         9789    i.atan              m_wm.l(atan.o)
    0x08009092   0x00000002   PAD
    0x08009094   0x00000078   Code   RO         6896    i.bmi270_init       bmi270.o
    0x0800910c   0x00000002   Code   RO         6744    i.bmi2_error_codes_print_result  bmi2_common.o
    0x0800910e   0x00000036   Code   RO         5648    i.bmi2_extract_input_feat_config  bmi2.o
    0x08009144   0x000000a0   Code   RO         5653    i.bmi2_get_feat_config  bmi2.o
    0x080091e4   0x0000003c   Code   RO         5660    i.bmi2_get_gyro_cross_sense  bmi2.o
    0x08009220   0x00000030   Code   RO         5663    i.bmi2_get_internal_status  bmi2.o
    0x08009250   0x00000092   Code   RO         5664    i.bmi2_get_regs     bmi2.o
    0x080092e2   0x00000002   PAD
    0x080092e4   0x0000023a   Code   RO         5666    i.bmi2_get_sensor_config  bmi2.o
    0x0800951e   0x000002de   Code   RO         5667    i.bmi2_get_sensor_data  bmi2.o
    0x080097fc   0x00000026   Code   RO         5668    i.bmi2_get_status   bmi2.o
    0x08009822   0x00000002   PAD
    0x08009824   0x00000040   Code   RO         6745    i.bmi2_interface_selection  bmi2_common.o
    0x08009864   0x00000076   Code   RO         5669    i.bmi2_map_data_int  bmi2.o
    0x080098da   0x00000002   PAD
    0x080098dc   0x00000064   Code   RO         5679    i.bmi2_sec_init     bmi2.o
    0x08009940   0x00000038   Code   RO         5681    i.bmi2_sensor_enable  bmi2.o
    0x08009978   0x00000062   Code   RO         5683    i.bmi2_set_adv_power_save  bmi2.o
    0x080099da   0x00000002   PAD
    0x080099dc   0x0000009c   Code   RO         5693    i.bmi2_set_regs     bmi2.o
    0x08009a78   0x000001e6   Code   RO         5695    i.bmi2_set_sensor_config  bmi2.o
    0x08009c5e   0x00000060   Code   RO         5696    i.bmi2_soft_reset   bmi2.o
    0x08009cbe   0x00000056   Code   RO         5700    i.bmi2_write_config_file  bmi2.o
    0x08009d14   0x0000003c   Code   RO         5370    i.can_send_0x2E     cap_protocal.o
    0x08009d50   0x00000040   Code   RO         5371    i.can_send_0x2F     cap_protocal.o
    0x08009d90   0x00000016   Code   RO         5132    i.cap_rp_ctrl       super_cap.o
    0x08009da6   0x00000002   PAD
    0x08009da8   0x00000028   Code   RO         5133    i.cap_rp_heart_beat  super_cap.o
    0x08009dd0   0x00000044   Code   RO         3693    i.cascade_pid_ctrl  pid.o
    0x08009e14   0x00000044   Code   RO         3694    i.cascade_pid_ctrl_gimbal_pitch  pid.o
    0x08009e58   0x00000044   Code   RO         3695    i.cascade_pid_ctrl_gimbal_yaw  pid.o
    0x08009e9c   0x00000044   Code   RO         3696    i.cascade_pid_ctrl_mac_yaw  pid.o
    0x08009ee0   0x00000044   Code   RO         3697    i.cascade_pid_ctrl_shoot  pid.o
    0x08009f24   0x0000003e   Code   RO         5703    i.cfg_error_status  bmi2.o
    0x08009f62   0x00000002   PAD
    0x08009f64   0x0000006c   Code   RO         4618    i.chassis_speed_init  classis_motor.o
    0x08009fd0   0x00000030   Code   RO         5704    i.check_boundary_val  bmi2.o
    0x0800a000   0x0000001a   Code   RO         5706    i.comp_gyro_cross_axis_sensitivity  bmi2.o
    0x0800a01a   0x000000dc   Code   RO         5707    i.config_aux_interface  bmi2.o
    0x0800a0f6   0x00000002   PAD
    0x0800a0f8   0x00000018   Code   RO         4207    i.delay_us          haltick_drv.o
    0x0800a110   0x00000018   Code   RO         4117    i.dma_m0_rxcplt_callback  uart_drv.o
    0x0800a128   0x00000018   Code   RO         4118    i.dma_m1_rxcplt_callback  uart_drv.o
    0x0800a140   0x00000036   Code   RO         5714    i.extract_output_feat_config  bmi2.o
    0x0800a176   0x00000018   Code   RO         9820    i.fabs              m_wm.l(fabs.o)
    0x0800a18e   0x00000020   Code   RO         5715    i.get_acc_gyr_data  bmi2.o
    0x0800a1ae   0x0000004e   Code   RO         5716    i.get_accel_config  bmi2.o
    0x0800a1fc   0x00000068   Code   RO         5717    i.get_accel_self_test_status  bmi2.o
    0x0800a264   0x0000008a   Code   RO         5718    i.get_any_motion_config  bmi2.o
    0x0800a2ee   0x000000aa   Code   RO         5719    i.get_aux_config    bmi2.o
    0x0800a398   0x00000058   Code   RO         5721    i.get_ext_sens_sync_config  bmi2.o
    0x0800a3f0   0x00000086   Code   RO         5722    i.get_flat_config   bmi2.o
    0x0800a476   0x00000082   Code   RO         5723    i.get_free_fall_det_config  bmi2.o
    0x0800a4f8   0x00000058   Code   RO         5724    i.get_glance_detect_config  bmi2.o
    0x0800a550   0x0000005e   Code   RO         5725    i.get_gyro_config   bmi2.o
    0x0800a5ae   0x00000072   Code   RO         5726    i.get_gyro_cross_sense  bmi2.o
    0x0800a620   0x0000008a   Code   RO         5727    i.get_gyro_gain_update_config  bmi2.o
    0x0800a6aa   0x00000068   Code   RO         5728    i.get_gyro_gain_update_status  bmi2.o
    0x0800a712   0x000000a4   Code   RO         5729    i.get_high_g_config  bmi2.o
    0x0800a7b6   0x00000092   Code   RO         5730    i.get_low_g_config  bmi2.o
    0x0800a848   0x00000048   Code   RO         5182    i.get_motor_measure  motor.o
    0x0800a890   0x0000008a   Code   RO         5732    i.get_no_motion_config  bmi2.o
    0x0800a91a   0x00000076   Code   RO         5733    i.get_nvm_error_status  bmi2.o
    0x0800a990   0x000000b4   Code   RO         5734    i.get_ois_output    bmi2.o
    0x0800aa44   0x0000008c   Code   RO         5735    i.get_orient_config  bmi2.o
    0x0800aad0   0x00000056   Code   RO         5738    i.get_remapped_data  bmi2.o
    0x0800ab26   0x00000002   PAD
    0x0800ab28   0x00000058   Code   RO         5183    i.get_shoot_motor_measure  motor.o
    0x0800ab80   0x000000be   Code   RO         5739    i.get_sig_motion_config  bmi2.o
    0x0800ac3e   0x0000008a   Code   RO         5741    i.get_step_config   bmi2.o
    0x0800acc8   0x000000aa   Code   RO         5742    i.get_step_count_params_config  bmi2.o
    0x0800ad72   0x0000006e   Code   RO         5743    i.get_step_counter_output  bmi2.o
    0x0800ade0   0x00000058   Code   RO         5744    i.get_tilt_config   bmi2.o
    0x0800ae38   0x00000058   Code   RO         5745    i.get_up_hold_to_wake_config  bmi2.o
    0x0800ae90   0x0000007c   Code   RO         5747    i.get_wake_up_config  bmi2.o
    0x0800af0c   0x00000076   Code   RO         5748    i.get_wrist_gest_config  bmi2.o
    0x0800af82   0x0000008a   Code   RO         5749    i.get_wrist_gest_w_config  bmi2.o
    0x0800b00c   0x0000008e   Code   RO         5750    i.get_wrist_wear_wake_up_config  bmi2.o
    0x0800b09a   0x0000009c   Code   RO         5751    i.get_wrist_wear_wake_up_wh_config  bmi2.o
    0x0800b136   0x00000002   PAD
    0x0800b138   0x00000028   Code   RO         4533    i.imu_kp_change     gimbal_motor.o
    0x0800b160   0x00000044   Code   RO         4473    i.imu_sensor_check  imu.o
    0x0800b1a4   0x00000006   Code   RO         4474    i.imu_sensor_heart_beat  imu.o
    0x0800b1aa   0x00000002   PAD
    0x0800b1ac   0x000000a0   Code   RO         5300    i.imu_sensor_init   imu_polotal.o
    0x0800b24c   0x0000005c   Code   RO         5301    i.imu_sensor_update  imu_polotal.o
    0x0800b2a8   0x0000002c   Code   RO         5542    i.inVSqrt           bmi.o
    0x0800b2d4   0x00000026   Code   RO         5373    i.int16_to_float    cap_protocal.o
    0x0800b2fa   0x00000002   Code   RO         4935    i.judge_sensor_check  judge_sensor_1.o
    0x0800b2fc   0x0000002e   Code   RO         4936    i.judge_sensor_heart_beat  judge_sensor_1.o
    0x0800b32a   0x00000026   Code   RO         4978    i.judge_sensor_init  judge_infantryprotocol.o
    0x0800b350   0x000001f4   Code   RO         4979    i.judge_sensor_update  judge_infantryprotocol.o
    0x0800b544   0x00000026   Code   RO         5543    i.lsb_to_dps        bmi.o
    0x0800b56a   0x00000002   PAD
    0x0800b56c   0x00000034   Code   RO         5544    i.lsb_to_mps2       bmi.o
    0x0800b5a0   0x00000046   Code   RO           16    i.main              main.o
    0x0800b5e6   0x0000000c   Code   RO         8532    i.makeFreeRtosPriority  cmsis_os.o
    0x0800b5f2   0x00000002   PAD
    0x0800b5f4   0x00000028   Code   RO         4208    i.micros            haltick_drv.o
    0x0800b61c   0x00000008   Code   RO          428    i.motor             freertos.o
    0x0800b624   0x00000018   Code   RO         5753    i.null_ptr_check    bmi2.o
    0x0800b63c   0x0000026c   Code   RO         7322    i.offline_LED_UP    offline_check.o
    0x0800b8a8   0x00000010   Code   RO         8534    i.osDelay           cmsis_os.o
    0x0800b8b8   0x0000000a   Code   RO         8537    i.osKernelStart     cmsis_os.o
    0x0800b8c2   0x0000005c   Code   RO         8571    i.osThreadCreate    cmsis_os.o
    0x0800b91e   0x00000070   Code   RO         3698    i.pid_calc          pid.o
    0x0800b98e   0x00000002   PAD
    0x0800b990   0x00000090   Code   RO         3699    i.pid_calc_follow   pid.o
    0x0800ba20   0x000000b8   Code   RO         3700    i.pid_calc_out_follow_yaw  pid.o
    0x0800bad8   0x000000a4   Code   RO         3701    i.pid_calc_out_gimbal_pitch  pid.o
    0x0800bb7c   0x000000a0   Code   RO         3702    i.pid_calc_out_mac_yaw  pid.o
    0x0800bc1c   0x00000070   Code   RO         3703    i.pid_calc_shoot_continuous_flick  pid.o
    0x0800bc8c   0x00000070   Code   RO         3704    i.pid_calc_shoot_friction  pid.o
    0x0800bcfc   0x00000070   Code   RO         3705    i.pid_calc_shoot_single_flick  pid.o
    0x0800bd6c   0x00000078   Code   RO         8203    i.prvAddCurrentTaskToDelayedList  tasks.o
    0x0800bde4   0x00000088   Code   RO         8204    i.prvAddNewTaskToReadyList  tasks.o
    0x0800be6c   0x00000040   Code   RO         8205    i.prvCheckTasksWaitingTermination  tasks.o
    0x0800beac   0x00000040   Code   RO         8206    i.prvDeleteTCB      tasks.o
    0x0800beec   0x00000050   Code   RO         8899    i.prvHeapInit       heap_4.o
    0x0800bf3c   0x00000028   Code   RO         8207    i.prvIdleTask       tasks.o
    0x0800bf64   0x0000007e   Code   RO         8208    i.prvInitialiseNewTask  tasks.o
    0x0800bfe2   0x00000002   PAD
    0x0800bfe4   0x00000060   Code   RO         8209    i.prvInitialiseTaskLists  tasks.o
    0x0800c044   0x0000005c   Code   RO         8900    i.prvInsertBlockIntoFreeList  heap_4.o
    0x0800c0a0   0x00000024   Code   RO         8210    i.prvResetNextTaskUnblockTime  tasks.o
    0x0800c0c4   0x00000030   Code   RO         8968    i.prvTaskExitError  port.o
    0x0800c0f4   0x000000e8   Code   RO         8901    i.pvPortMalloc      heap_4.o
    0x0800c1dc   0x0000002c   Code   RO         8969    i.pxPortInitialiseStack  port.o
    0x0800c208   0x00000054   Code   RO         4333    i.rc_sensor_check   rc.o
    0x0800c25c   0x00000028   Code   RO         4334    i.rc_sensor_heart_beat  rc.o
    0x0800c284   0x00000028   Code   RO         4335    i.rc_sensor_init    rc.o
    0x0800c2ac   0x00000108   Code   RO         4336    i.rc_sensor_update  rc.o
    0x0800c3b4   0x00000070   Code   RO         9199    i.rc_task           rc_task.o
    0x0800c424   0x0000014e   Code   RO         5767    i.select_sensor     bmi2.o
    0x0800c572   0x00000002   PAD
    0x0800c574   0x000003c4   Code   RO         5770    i.sensor_enable     bmi2.o
    0x0800c938   0x00000098   Code   RO         5771    i.set_accel_config  bmi2.o
    0x0800c9d0   0x00000056   Code   RO         5773    i.set_act_recog     bmi2.o
    0x0800ca26   0x0000005a   Code   RO         5774    i.set_any_motion    bmi2.o
    0x0800ca80   0x000000c6   Code   RO         5775    i.set_any_motion_config  bmi2.o
    0x0800cb46   0x00000090   Code   RO         5776    i.set_aux_config    bmi2.o
    0x0800cbd6   0x00000036   Code   RO         5777    i.set_config_load   bmi2.o
    0x0800cc0c   0x00000056   Code   RO         5778    i.set_double_tap    bmi2.o
    0x0800cc62   0x00000056   Code   RO         5779    i.set_ext_sens_sync  bmi2.o
    0x0800ccb8   0x0000008e   Code   RO         5780    i.set_ext_sens_sync_config  bmi2.o
    0x0800cd46   0x00000002   PAD
    0x0800cd48   0x00000068   Code   RO         5781    i.set_feat_accel_self_test  bmi2.o
    0x0800cdb0   0x00000056   Code   RO         5782    i.set_flat          bmi2.o
    0x0800ce06   0x000000bc   Code   RO         5783    i.set_flat_config   bmi2.o
    0x0800cec2   0x00000056   Code   RO         5784    i.set_free_fall_det  bmi2.o
    0x0800cf18   0x000000a8   Code   RO         5785    i.set_free_fall_det_config  bmi2.o
    0x0800cfc0   0x0000008e   Code   RO         5786    i.set_glance_detect_config  bmi2.o
    0x0800d04e   0x00000056   Code   RO         5787    i.set_glance_detector  bmi2.o
    0x0800d0a4   0x000000ac   Code   RO         5788    i.set_gyro_config   bmi2.o
    0x0800d150   0x00000056   Code   RO         5789    i.set_gyro_self_offset_corr  bmi2.o
    0x0800d1a6   0x0000005a   Code   RO         5790    i.set_gyro_user_gain  bmi2.o
    0x0800d200   0x000000a2   Code   RO         5791    i.set_gyro_user_gain_config  bmi2.o
    0x0800d2a2   0x0000005a   Code   RO         5792    i.set_high_g        bmi2.o
    0x0800d2fc   0x000000da   Code   RO         5793    i.set_high_g_config  bmi2.o
    0x0800d3d6   0x0000005a   Code   RO         5795    i.set_low_g         bmi2.o
    0x0800d430   0x000000ba   Code   RO         5796    i.set_low_g_config  bmi2.o
    0x0800d4ea   0x00000002   PAD
    0x0800d4ec   0x00000058   Code   RO         5374    i.set_message       cap_protocal.o
    0x0800d544   0x0000005a   Code   RO         5798    i.set_no_motion     bmi2.o
    0x0800d59e   0x000000c6   Code   RO         5799    i.set_no_motion_config  bmi2.o
    0x0800d664   0x000000c6   Code   RO         5801    i.set_orient_config  bmi2.o
    0x0800d72a   0x00000056   Code   RO         5802    i.set_orientation   bmi2.o
    0x0800d780   0x0000009e   Code   RO         5803    i.set_primary_ois_config  bmi2.o
    0x0800d81e   0x0000005a   Code   RO         5805    i.set_sig_motion    bmi2.o
    0x0800d878   0x000000be   Code   RO         5806    i.set_sig_motion_config  bmi2.o
    0x0800d936   0x00000056   Code   RO         5807    i.set_single_tap    bmi2.o
    0x0800d98c   0x0000005a   Code   RO         5808    i.set_step_activity  bmi2.o
    0x0800d9e6   0x000000c0   Code   RO         5809    i.set_step_config   bmi2.o
    0x0800daa6   0x000000d4   Code   RO         5810    i.set_step_count_params_config  bmi2.o
    0x0800db7a   0x0000005a   Code   RO         5811    i.set_step_counter  bmi2.o
    0x0800dbd4   0x0000005a   Code   RO         5812    i.set_step_detector  bmi2.o
    0x0800dc2e   0x00000056   Code   RO         5813    i.set_tilt          bmi2.o
    0x0800dc84   0x0000008e   Code   RO         5814    i.set_tilt_config   bmi2.o
    0x0800dd12   0x00000056   Code   RO         5815    i.set_triple_tap    bmi2.o
    0x0800dd68   0x00000056   Code   RO         5816    i.set_up_hold_to_wake  bmi2.o
    0x0800ddbe   0x0000008e   Code   RO         5817    i.set_up_hold_to_wake_config  bmi2.o
    0x0800de4c   0x00000056   Code   RO         5818    i.set_wake_up       bmi2.o
    0x0800dea2   0x000000bc   Code   RO         5819    i.set_wake_up_config  bmi2.o
    0x0800df5e   0x000000b6   Code   RO         5820    i.set_wrist_gest_config  bmi2.o
    0x0800e014   0x000000c8   Code   RO         5821    i.set_wrist_gest_w_config  bmi2.o
    0x0800e0dc   0x00000056   Code   RO         5822    i.set_wrist_gesture  bmi2.o
    0x0800e132   0x00000056   Code   RO         5823    i.set_wrist_gesture_wh  bmi2.o
    0x0800e188   0x00000056   Code   RO         5824    i.set_wrist_wear_wake_up  bmi2.o
    0x0800e1de   0x000000c8   Code   RO         5825    i.set_wrist_wear_wake_up_config  bmi2.o
    0x0800e2a6   0x00000056   Code   RO         5826    i.set_wrist_wear_wake_up_wh  bmi2.o
    0x0800e2fc   0x000000fa   Code   RO         5827    i.set_wrist_wear_wake_up_wh_config  bmi2.o
    0x0800e3f6   0x00000002   PAD
    0x0800e3f8   0x00000058   Code   RO         7665    i.shoot_change_barrel_init  shoot.o
    0x0800e450   0x0000004c   Code   RO         4688    i.shoot_flag_init   shoot_motor.o
    0x0800e49c   0x00000020   Code   RO         7666    i.shoot_flick_wheel_follow_init  shoot.o
    0x0800e4bc   0x00000058   Code   RO         7667    i.shoot_flick_wheel_jam_handle_init  shoot.o
    0x0800e514   0x0000005c   Code   RO         7668    i.shoot_flick_wheel_mac_init  shoot.o
    0x0800e570   0x00000058   Code   RO         7669    i.shoot_flick_wheel_stop_init  shoot.o
    0x0800e5c8   0x00000020   Code   RO         7670    i.shoot_left_friction_wheel_init  shoot.o
    0x0800e5e8   0x00000030   Code   RO         4689    i.shoot_motor_fire_jam_judge  shoot_motor.o
    0x0800e618   0x00000144   Code   RO         4690    i.shoot_motor_running_fire  shoot_motor.o
    0x0800e75c   0x00000020   Code   RO         4691    i.shoot_motor_running_fire_rc  shoot_motor.o
    0x0800e77c   0x000002f4   Code   RO         4692    i.shoot_motor_single_fire  shoot_motor.o
    0x0800ea70   0x00000020   Code   RO         7671    i.shoot_right_friction_wheel_init  shoot.o
    0x0800ea90   0x00000010   Code   RO         4693    i.shoot_skip_init   shoot_motor.o
    0x0800eaa0   0x00000068   Code   RO         4694    i.shoot_stop        shoot_motor.o
    0x0800eb08   0x0000006e   Code   RO         9842    i.sqrt              m_wm.l(sqrt_full.o)
    0x0800eb76   0x00000002   PAD
    0x0800eb78   0x000000a8   Code   RO         4119    i.uart_rx_idle_callback  uart_drv.o
    0x0800ec20   0x00000040   Code   RO         5839    i.upload_file       bmi2.o
    0x0800ec60   0x00000004   Code   RO         6749    i.user_delay_us     bmi2_common.o
    0x0800ec64   0x00000024   Code   RO         6750    i.user_i2c_reg_read  bmi2_common.o
    0x0800ec88   0x0000004c   Code   RO         6751    i.user_i2c_reg_write  bmi2_common.o
    0x0800ecd4   0x00000026   Code   RO         7829    i.uxListRemove      list.o
    0x0800ecfa   0x00000002   PAD
    0x0800ecfc   0x00000014   Code   RO          430    i.vApplicationGetIdleTaskMemory  freertos.o
    0x0800ed10   0x00000016   Code   RO         7830    i.vListInitialise   list.o
    0x0800ed26   0x00000006   Code   RO         7831    i.vListInitialiseItem  list.o
    0x0800ed2c   0x00000036   Code   RO         7832    i.vListInsert       list.o
    0x0800ed62   0x00000018   Code   RO         7833    i.vListInsertEnd    list.o
    0x0800ed7a   0x00000002   PAD
    0x0800ed7c   0x00000040   Code   RO         8971    i.vPortEnterCritical  port.o
    0x0800edbc   0x0000002c   Code   RO         8972    i.vPortExitCritical  port.o
    0x0800ede8   0x00000064   Code   RO         8902    i.vPortFree         heap_4.o
    0x0800ee4c   0x00000024   Code   RO         8973    i.vPortSetupTimerInterrupt  port.o
    0x0800ee70   0x00000030   Code   RO         8974    i.vPortValidateInterruptPriority  port.o
    0x0800eea0   0x00000050   Code   RO         8219    i.vTaskDelay        tasks.o
    0x0800eef0   0x00000088   Code   RO         8232    i.vTaskStartScheduler  tasks.o
    0x0800ef78   0x00000010   Code   RO         8234    i.vTaskSuspendAll   tasks.o
    0x0800ef88   0x00000060   Code   RO         8235    i.vTaskSwitchContext  tasks.o
    0x0800efe8   0x000000cc   Code   RO         4882    i.vision_check      vision_sensor.o
    0x0800f0b4   0x0000005c   Code   RO         4534    i.vision_enter_RC   gimbal_motor.o
    0x0800f110   0x0000002a   Code   RO         4883    i.vision_heart_beat  vision_sensor.o
    0x0800f13a   0x00000020   Code   RO         4838    i.vision_init       vision_potocal.o
    0x0800f15a   0x00000086   Code   RO         4839    i.vision_update     vision_potocal.o
    0x0800f1e0   0x000000e4   Code   RO         5845    i.write_config_file  bmi2.o
    0x0800f2c4   0x00000104   Code   RO         8975    i.xPortStartScheduler  port.o
    0x0800f3c8   0x0000006c   Code   RO         8238    i.xTaskCreate       tasks.o
    0x0800f434   0x00000060   Code   RO         8239    i.xTaskCreateStatic  tasks.o
    0x0800f494   0x00000010   Code   RO         8245    i.xTaskGetTickCountFromISR  tasks.o
    0x0800f4a4   0x000000d4   Code   RO         8246    i.xTaskIncrementTick  tasks.o
    0x0800f578   0x000000cc   Code   RO         8252    i.xTaskResumeAll    tasks.o
    0x0800f644   0x00000018   Code   RO         9760    x$fpl$basic         g_wm.l(basic.o)
    0x0800f65c   0x000002c4   Code   RO         9609    x$fpl$d2f           g_wm.l(d2f_clz.o)
    0x0800f920   0x0000024c   Code   RO         9611    x$fpl$dadd          g_wm.l(daddsub_clz.o)
    0x0800fb6c   0x00000018   Code   RO         9762    x$fpl$dcmpinf       g_wm.l(dcmpi.o)
    0x0800fb84   0x0000037c   Code   RO         9765    x$fpl$ddiv          g_wm.l(ddiv_clz.o)
    0x0800ff00   0x000000c8   Code   RO         9898    x$fpl$dfix          g_wm.l(dfix.o)
    0x0800ffc8   0x0000002e   Code   RO         9618    x$fpl$dflt          g_wm.l(dflt_clz.o)
    0x0800fff6   0x0000001a   Code   RO         9619    x$fpl$dfltn         g_wm.l(dflt_clz.o)
    0x08010010   0x00000026   Code   RO         9617    x$fpl$dfltu         g_wm.l(dflt_clz.o)
    0x08010036   0x00000002   PAD
    0x08010038   0x00000078   Code   RO         9623    x$fpl$dleqf         g_wm.l(dleqf.o)
    0x080100b0   0x000001c0   Code   RO         9625    x$fpl$dmul          g_wm.l(dmul_clz.o)
    0x08010270   0x00000102   Code   RO         9768    x$fpl$dnaninf       g_wm.l(dnaninf.o)
    0x08010372   0x00000070   Code   RO         9770    x$fpl$drenorm       g_wm.l(drenorm_clz.o)
    0x080103e2   0x0000000c   Code   RO         9772    x$fpl$dretinf       g_wm.l(dretinf.o)
    0x080103ee   0x00000002   PAD
    0x080103f0   0x00000050   Code   RO         9612    x$fpl$drsb          g_wm.l(daddsub_clz.o)
    0x08010440   0x00000208   Code   RO         9902    x$fpl$dsqrt         g_wm.l(dsqrt_umaalclz.o)
    0x08010648   0x0000029c   Code   RO         9613    x$fpl$dsub          g_wm.l(daddsub_clz.o)
    0x080108e4   0x0000017a   Code   RO         9774    x$fpl$dunder        g_wm.l(dunder_clz.o)
    0x08010a5e   0x00000002   PAD
    0x08010a60   0x000001ec   Code   RO         9776    x$fpl$exception     g_wm.l(except.o)
    0x08010c4c   0x0000007a   Code   RO         9627    x$fpl$f2d           g_wm.l(f2d.o)
    0x08010cc6   0x000000f2   Code   RO         9778    x$fpl$fnaninf       g_wm.l(fnaninf.o)
    0x08010db8   0x0000000a   Code   RO         9904    x$fpl$fpinit        g_wm.l(fpinit.o)
    0x08010dc2   0x0000000a   Code   RO         9780    x$fpl$fretinf       g_wm.l(fretinf.o)
    0x08010dcc   0x0000013c   Code   RO         9782    x$fpl$funder        g_wm.l(funder_clz.o)
    0x08010f08   0x000000b2   Code   RO         9906    x$fpl$retnan        g_wm.l(retnan.o)
    0x08010fba   0x0000007e   Code   RO         9784    x$fpl$trapveneer    g_wm.l(trapv.o)
    0x08011038   0x00000000   Code   RO         9786    x$fpl$usenofp       g_wm.l(usenofp.o)
    0x08011038   0x00000134   Data   RO          432    .constdata          freertos.o
    0x0801116c   0x00000008   Data   RO         1665    .constdata          stm32f4xx_hal_dma.o
    0x08011174   0x00000010   Data   RO         3655    .constdata          system_stm32f4xx.o
    0x08011184   0x00000008   Data   RO         3656    .constdata          system_stm32f4xx.o
    0x0801118c   0x00000300   Data   RO         5480    .constdata          crc.o
    0x0801148c   0x00000006   Data   RO         5847    .constdata          bmi2.o
    0x08011492   0x00002045   Data   RO         6897    .constdata          bmi270.o
    0x080134d7   0x00000001   PAD
    0x080134d8   0x00000050   Data   RO         9632    .constdata          m_wm.l(asin.o)
    0x08013528   0x00000098   Data   RO         9790    .constdata          m_wm.l(atan.o)
    0x080135c0   0x00000030   Data   RO         9802    .constdata          m_wm.l(cos_i.o)
    0x080135f0   0x00000008   Data   RO         9828    .constdata          m_wm.l(qnan.o)
    0x080135f8   0x000000c8   Data   RO         9831    .constdata          m_wm.l(rred.o)
    0x080136c0   0x00000028   Data   RO         9835    .constdata          m_wm.l(sin_i.o)
    0x080136e8   0x00000082   Data   RO          433    .conststring        freertos.o
    0x0801376a   0x00000002   PAD
    0x0801376c   0x00000020   Data   RO         9995    Region$$Table       anon$$obj.o


    Execution Region RW_IRAM1 (Base: 0x20000000, Size: 0x00006130, Max: 0x0001c000, ABSOLUTE, COMPRESSED[0x000000e0])

    Base Addr    Size         Type   Attr      Idx    E Section Name        Object

    0x20000000   0x00000002   Data   RW           17    .data               main.o
    0x20000002   0x00000002   Data   RW           18    .data               main.o
    0x20000004   0x00000002   Data   RW           19    .data               main.o
    0x20000006   0x00000002   Data   RW           20    .data               main.o
    0x20000008   0x00000002   Data   RW           21    .data               main.o
    0x2000000a   0x00000002   Data   RW           22    .data               main.o
    0x2000000c   0x00000004   Data   RW           23    .data               main.o
    0x20000010   0x00000004   Data   RW           24    .data               main.o
    0x20000014   0x00000004   Data   RW           25    .data               main.o
    0x20000018   0x00000030   Data   RW          434    .data               freertos.o
    0x20000048   0x00000004   Data   RW          532    .data               can.o
    0x2000004c   0x0000000c   Data   RW         2092    .data               stm32f4xx_hal.o
    0x20000058   0x00000004   Data   RW         3657    .data               system_stm32f4xx.o
    0x2000005c   0x00000010   Data   RW         3844    .data               can_receive.o
    0x2000006c   0x00000004   Data   RW         4209    .data               haltick_drv.o
    0x20000070   0x00000094   Data   RW         4338    .data               rc.o
    0x20000104   0x00000008   Data   RW         4339    .data               rc.o
    0x2000010c   0x00000001   Data   RW         4475    .data               imu.o
    0x2000010d   0x00000003   PAD
    0x20000110   0x00000020   Data   RW         4476    .data               imu.o
    0x20000130   0x0000001c   Data   RW         4477    .data               imu.o
    0x2000014c   0x00000020   Data   RW         4536    .data               gimbal_motor.o
    0x2000016c   0x00000024   Data   RW         4621    .data               classis_motor.o
    0x20000190   0x00000090   Data   RW         4696    .data               shoot_motor.o
    0x20000220   0x00000064   Data   RW         4886    .data               vision_sensor.o
    0x20000284   0x00000020   Data   RW         4887    .data               vision_sensor.o
    0x200002a4   0x000000c0   Data   RW         4937    .data               judge_sensor_1.o
    0x20000364   0x00000024   Data   RW         4938    .data               judge_sensor_1.o
    0x20000388   0x0000003c   Data   RW         5022    .data               slave.o
    0x200003c4   0x0000001c   Data   RW         5134    .data               super_cap.o
    0x200003e0   0x00000024   Data   RW         5185    .data               motor.o
    0x20000404   0x00000006   Data   RW         5186    .data               motor.o
    0x2000040a   0x00000004   Data   RW         5187    .data               motor.o
    0x2000040e   0x00000005   Data   RW         5188    .data               motor.o
    0x20000413   0x00000001   PAD
    0x20000414   0x0000000c   Data   RW         5302    .data               imu_polotal.o
    0x20000420   0x00000012   Data   RW         5376    .data               cap_protocal.o
    0x20000432   0x00000002   Data   RW         5481    .data               crc.o
    0x20000434   0x0000006c   Data   RW         5547    .data               bmi.o
    0x200004a0   0x00000002   Data   RW         6754    .data               bmi2_common.o
    0x200004a2   0x00000002   PAD
    0x200004a4   0x0000000c   Data   RW         7324    .data               offline_check.o
    0x200004b0   0x00000010   Data   RW         7455    .data               key.o
    0x200004c0   0x0000003c   Data   RW         8255    .data               tasks.o
    0x200004fc   0x00000020   Data   RW         8908    .data               heap_4.o
    0x2000051c   0x0000000c   Data   RW         8976    .data               port.o
    0x20000528   0x00000001   Data   RW         9335    .data               auto_aim.o
    0x20000529   0x00000001   Data   RW         9336    .data               auto_aim.o
    0x2000052a   0x00000002   PAD
    0x2000052c   0x00000254   Zero   RW          431    .bss                freertos.o
    0x20000780   0x00000050   Zero   RW          531    .bss                can.o
    0x200007d0   0x00000048   Zero   RW          605    .bss                tim.o
    0x20000818   0x000002ac   Zero   RW          654    .bss                usart.o
    0x20000ac4   0x00000048   Zero   RW          921    .bss                stm32f4xx_hal_timebase_tim.o
    0x20000b0c   0x00000120   Zero   RW         3706    .bss                pid.o
    0x20000c2c   0x00000240   Zero   RW         3707    .bss                pid.o
    0x20000e6c   0x00000048   Zero   RW         3708    .bss                pid.o
    0x20000eb4   0x00000048   Zero   RW         3709    .bss                pid.o
    0x20000efc   0x00000048   Zero   RW         3710    .bss                pid.o
    0x20000f44   0x00000048   Zero   RW         3712    .bss                pid.o
    0x20000f8c   0x00000048   Zero   RW         3713    .bss                pid.o
    0x20000fd4   0x00000048   Zero   RW         3714    .bss                pid.o
    0x2000101c   0x00000048   Zero   RW         3715    .bss                pid.o
    0x20001064   0x00000048   Zero   RW         3716    .bss                pid.o
    0x200010ac   0x00000048   Zero   RW         3717    .bss                pid.o
    0x200010f4   0x00000048   Zero   RW         3718    .bss                pid.o
    0x2000113c   0x00000048   Zero   RW         3719    .bss                pid.o
    0x20001184   0x00000048   Zero   RW         3720    .bss                pid.o
    0x200011cc   0x00000038   Zero   RW         3843    .bss                can_receive.o
    0x20001204   0x00000040   Zero   RW         4069    .bss                can_send.o
    0x20001244   0x000002ec   Zero   RW         4120    .bss                uart_drv.o
    0x20001530   0x0000015c   Zero   RW         4337    .bss                rc.o
    0x2000168c   0x00000024   Zero   RW         4535    .bss                gimbal_motor.o
    0x200016b0   0x00000064   Zero   RW         4619    .bss                classis_motor.o
    0x20001714   0x00000004   PAD
    0x20001718   0x00000050   Zero   RW         4695    .bss                shoot_motor.o
    0x20001768   0x00000019   Zero   RW         4884    .bss                vision_sensor.o
    0x20001781   0x00000003   PAD
    0x20001784   0x00000188   Zero   RW         5184    .bss                motor.o
    0x2000190c   0x0000001c   Zero   RW         5375    .bss                cap_protocal.o
    0x20001928   0x00000068   Zero   RW         5546    .bss                bmi.o
    0x20001990   0x0000044c   Zero   RW         7088    .bss                ui.o
    0x20001ddc   0x000000f0   Zero   RW         8254    .bss                tasks.o
    0x20001ecc   0x00003c00   Zero   RW         8907    .bss                heap_4.o
    0x20005acc   0x00000060   Zero   RW         9855    .bss                c_w.l(libspace.o)
    0x20005b2c   0x00000004   PAD
    0x20005b30   0x00000200   Zero   RW            2    HEAP                startup_stm32f407xx.o
    0x20005d30   0x00000400   Zero   RW            1    STACK               startup_stm32f407xx.o


    Execution Region RW_IRAM2 (Base: 0x2001c000, Size: 0x00000000, Max: 0x00004000, ABSOLUTE)

    **** No section assigned to this execution region ****


==============================================================================

Image component sizes


      Code (inc. data)   RO Data    RW Data    ZI Data      Debug   Object Name

       448         68          0          2          0       6428   auto_aim.o
      1684         50          0        108        104      48589   bmi.o
     15630        116          6          0          0     120402   bmi2.o
       120         10       8261          0          0       1730   bmi270.o
       354         30          0          2          0       5926   bmi2_common.o
       396         46          0          4         80       2682   can.o
        56          8          0          0          0       1858   can_protocal.o
       218         32          0         16         56     576393   can_receive.o
       216         22          0          0         64       2376   can_send.o
       346         64          0         18         28       5473   cap_protocal.o
       176         26          0          0          0       1221   chassis.o
      3000        212          0         36        100       8281   classis_motor.o
       108         18          0          0          0       1233   classis_task.o
       130          0          0          0          0      23399   cmsis_os.o
       250         22        768          2          0       5040   crc.o
       108          4          0          0          0        886   dma.o
         0          0          0          0          0      17040   event_groups.o
       336         26        438         48        596       8809   freertos.o
       428         72          0          0          0       1998   gimbal.o
      1692        308          0         32         36      13814   gimbal_motor.o
       212         32          0          0          0        736   gimbal_task.o
       200         12          0          0          0       1119   gpio.o
       116         24          0          4          0       2366   haltick_drv.o
       504         32          0         32      15360       7843   heap_4.o
        86          6          0         61          0       5470   imu.o
       252         10          0         12          0       2485   imu_polotal.o
       100         38          0          0          0        605   imu_task.o
       802          6          0          0          0       3573   judge_infantryprotocol.o
        48          0          0        228          0      12454   judge_sensor_1.o
        12          0          0          0          0        565   judge_task.o
      2076        430          0         16          0      12365   key.o
       144          0          0          0          0       3814   list.o
       240         10          0         24          0     733587   main.o
       584         70          0         51        392       7974   motor.o
        36         10          0          0          0        587   normal_task.o
       908         74          0         12          0      39948   offline_check.o
      1492         32          0          0       1728      14401   pid.o
       778         86          0         12          0      12389   port.o
       184         22          0          0          0       1396   power_limit.o
      1862        168          0        156        348      18584   rc.o
       112         24          0          0          0        646   rc_task.o
        66         10          0          0          0       1164   rp_init.o
        34          0          0          0          0        656   rp_math.o
       100          8          0          0          0       1396   s_function.o
       452         98          0          0          0       4329   shoot.o
      3550        472          0        144         80      17040   shoot_motor.o
       252         38          0          0          0        759   shoot_task.o
       196         18          0         60          0      14721   slave.o
       544         62          0          0          0       4279   soft_iic.o
        64         26        392          0       1536        884   startup_stm32f407xx.o
       100         14          0         12          0       8440   stm32f4xx_hal.o
      1638          6          0          0          0      15043   stm32f4xx_hal_can.o
       158         14          0          0          0      33342   stm32f4xx_hal_cortex.o
      1084         16          8          0          0       7698   stm32f4xx_hal_dma.o
       506         46          0          0          0       2312   stm32f4xx_hal_gpio.o
        56          4          0          0          0        946   stm32f4xx_hal_msp.o
      1412         86          0          0          0       6169   stm32f4xx_hal_rcc.o
      2144        146          0          0          0      18593   stm32f4xx_hal_tim.o
       232         28          0          0          0       3469   stm32f4xx_hal_tim_ex.o
       152         18          0          0         72       1595   stm32f4xx_hal_timebase_tim.o
      1596         30          0          0          0      12906   stm32f4xx_hal_uart.o
       180         66          0          0          0      14620   stm32f4xx_it.o
         0          0          0          0          0        384   stream_buffer.o
        62          6          0         28          0       2216   super_cap.o
        16          4         24          4          0       1247   system_stm32f4xx.o
      1646        146          0         60        240      22052   tasks.o
       344         32          0          0         72       2662   tim.o
        64         24          0          0          0       2717   tim_drv.o
      1086         70          0          0        748       7492   uart_drv.o
       212         32          0          0       1100      17351   ui.o
       832         74          0          0        684       3895   usart.o
        60         12          0          0          0       5023   usart_potocal.o
       178          6          0          0          0       5063   vision_potocal.o
       486         68          0        132         25       6489   vision_sensor.o
        28          6          0          0          0        592   vision_task.o

    ----------------------------------------------------------------------
     56058       3906       9932       1324      23456    1984029   Object Totals
         0          0         32          0          0          0   (incl. Generated)
        84          0          3          8          7          0   (incl. Padding)

    ----------------------------------------------------------------------

      Code (inc. data)   RO Data    RW Data    ZI Data      Debug   Library Member Name

        90          0          0          0          0          0   __dczerorl2.o
         8          0          0          0          0         68   __main.o
         0          0          0          0          0          0   __rtentry.o
        12          0          0          0          0          0   __rtentry2.o
         6          0          0          0          0          0   __rtentry4.o
        52          8          0          0          0          0   __scatter.o
        28          0          0          0          0          0   __scatter_zi.o
        48          4          0          0          0         84   _fptrap.o
        22          0          0          0          0        100   _rserrno.o
        10          0          0          0          0         68   defsig_exit.o
       172        110          0          0          0         76   defsig_fpe_inner.o
        14          0          0          0          0         80   defsig_fpe_outer.o
        50          0          0          0          0         88   defsig_general.o
        80         58          0          0          0         76   defsig_rtmem_inner.o
        14          0          0          0          0         80   defsig_rtmem_outer.o
        18          0          0          0          0         80   exit.o
        94          0          0          0          0         80   h1_alloc.o
        52          0          0          0          0         68   h1_extend.o
        78          0          0          0          0         80   h1_free.o
        14          0          0          0          0         84   h1_init.o
         6          0          0          0          0        152   heapauxi.o
         4          0          0          0          0        136   hguard.o
         0          0          0          0          0          0   indicate_semi.o
       138          0          0          0          0        168   init_alloc.o
         2          0          0          0          0          0   libinit.o
        14          0          0          0          0          0   libinit2.o
         2          0          0          0          0          0   libshutdown.o
         2          0          0          0          0          0   libshutdown2.o
         8          4          0          0         96         68   libspace.o
       238          0          0          0          0        100   lludivv7m.o
         0          0          0          0          0          0   maybetermalloc1.o
         8          4          0          0          0         68   rt_errno_addr_intlibspace.o
         8          4          0          0          0         68   rt_heap_descriptor_intlibspace.o
        68          0          0          0          0         68   rt_memclr.o
        78          0          0          0          0         80   rt_memclr_w.o
       138          0          0          0          0         68   rt_memcpy_v6.o
       100          0          0          0          0         80   rt_memcpy_w.o
         2          0          0          0          0          0   rtexit.o
        10          0          0          0          0          0   rtexit2.o
        12          4          0          0          0         68   sys_exit.o
        74          0          0          0          0         80   sys_stackheap_outer.o
        14          0          0          0          0         76   sys_wrch.o
         2          0          0          0          0         68   use_no_semi.o
        24          0          0          0          0        164   basic.o
       708         16          0          0          0        140   d2f_clz.o
      1336         32          0          0          0        532   daddsub_clz.o
        24          0          0          0          0        116   dcmpi.o
       892        152          0          0          0        292   ddiv_clz.o
       200         16          0          0          0        184   dfix.o
       110          0          0          0          0        348   dflt_clz.o
       120          8          0          0          0        140   dleqf.o
       448         16          0          0          0        164   dmul_clz.o
       258          4          0          0          0        156   dnaninf.o
       112          0          0          0          0        160   drenorm_clz.o
        12          0          0          0          0        116   dretinf.o
       520         56          0          0          0        180   dsqrt_umaalclz.o
       378          0          0          0          0        168   dunder_clz.o
       492         36          0          0          0        148   except.o
       122          8          0          0          0        132   f2d.o
       242          4          0          0          0        144   fnaninf.o
        10          0          0          0          0        116   fpinit.o
        10          0          0          0          0        116   fretinf.o
       316          0          0          0          0        132   funder_clz.o
       178          0          0          0          0        116   retnan.o
       126          0          0          0          0        148   trapv.o
         0          0          0          0          0          0   usenofp.o
       864         94         80          0          0        280   asin.o
       744        106        152          0          0        352   atan.o
       496         64          0          0          0        192   atan2.o
       200         20          0          0          0        164   cos.o
       368         46         48          0          0        200   cos_i.o
       104         16          0          0          0        496   dunder.o
        24          0          0          0          0        124   fabs.o
        48          0          0          0          0        124   fpclassify.o
       248          0          0          0          0        152   poly.o
         0          0          8          0          0          0   qnan.o
      1080        142        200          0          0        188   rred.o
       200         20          0          0          0        164   sin.o
       304         24         40          0          0        208   sin_i.o
       110          0          0          0          0        148   sqrt_full.o

    ----------------------------------------------------------------------
     13238       1076        528          0        100       9164   Library Totals
        20          0          0          0          4          0   (incl. Padding)

    ----------------------------------------------------------------------

      Code (inc. data)   RO Data    RW Data    ZI Data      Debug   Library Name

      1790        196          0          0         96       2460   c_w.l
      6638        348          0          0          0       3912   g_wm.l
      4790        532        528          0          0       2792   m_wm.l

    ----------------------------------------------------------------------
     13238       1076        528          0        100       9164   Library Totals

    ----------------------------------------------------------------------

==============================================================================


      Code (inc. data)   RO Data    RW Data    ZI Data      Debug   

     69296       4982      10460       1324      23556    1941741   Grand Totals
     69296       4982      10460        224      23556    1941741   ELF Image Totals (compressed)
     69296       4982      10460        224          0          0   ROM Totals

==============================================================================

    Total RO  Size (Code + RO Data)                79756 (  77.89kB)
    Total RW  Size (RW Data + ZI Data)             24880 (  24.30kB)
    Total ROM Size (Code + RO Data + RW Data)      79980 (  78.11kB)

==============================================================================

